Archive member included because of file (symbol)

C:/Program Files/Microchip/MPLAB C32/bin/../lib/gcc/pic32mx/3.4.4/size\libgcc.a(_udivdi3.o)
                              Tick.o (__udivdi3)
C:/Program Files/Microchip/MPLAB C32/bin/../lib/gcc/pic32mx/3.4.4/../../../../pic32mx/lib/size\libdebug.a(db_utils.o)
                              Announce.o (_p32mxsk_write)
C:/Program Files/Microchip/MPLAB C32/bin/../lib/gcc/pic32mx/3.4.4/../../../../pic32mx/lib/size\libc.a(memcmp.o)
                              ETHPIC32IntMac.o (memcmp)
C:/Program Files/Microchip/MPLAB C32/bin/../lib/gcc/pic32mx/3.4.4/../../../../pic32mx/lib/size\libc.a(memcpy.o)
                              ARP.o (memcpy)
C:/Program Files/Microchip/MPLAB C32/bin/../lib/gcc/pic32mx/3.4.4/../../../../pic32mx/lib/size\libc.a(memset.o)
                              BerkeleyAPI.o (memset)
C:/Program Files/Microchip/MPLAB C32/bin/../lib/gcc/pic32mx/3.4.4/../../../../pic32mx/lib/size\libc.a(strlen.o)
                              TCP.o (strlen)
C:/Program Files/Microchip/MPLAB C32/bin/../lib/gcc/pic32mx/3.4.4/../../../../pic32mx/lib/size\libc.a(general-exception.o)
                              C:/Program Files/Microchip/MPLAB C32/bin/../lib/gcc/pic32mx/3.4.4/../../../../pic32mx/lib/size/crt0.o (_general_exception_context)
C:/Program Files/Microchip/MPLAB C32/bin/../lib/gcc/pic32mx/3.4.4/../../../../pic32mx/lib/size\libc.a(strncmp.o)
                              SmartWall.o (strncmp)
C:/Program Files/Microchip/MPLAB C32/bin/../lib/gcc/pic32mx/3.4.4/../../../../pic32mx/lib/size\libc.a(strncpy.o)
                              SmartWall.o (strncpy)
C:/Program Files/Microchip/MPLAB C32/bin/../lib/gcc/pic32mx/3.4.4/../../../../pic32mx/lib/size\libc.a(exit.o)
                              C:/Program Files/Microchip/MPLAB C32/bin/../lib/gcc/pic32mx/3.4.4/../../../../pic32mx/lib/size/crt0.o (exit)
C:/Program Files/Microchip/MPLAB C32/bin/../lib/gcc/pic32mx/3.4.4/../../../../pic32mx/lib/size\libc.a(ctype.o)
                              comTools.o (_ctype)
C:/Program Files/Microchip/MPLAB C32/bin/../lib/gcc/pic32mx/3.4.4/../../../../pic32mx/lib/size\libc.a(ctypef.o)
                              comTools.o (toupper)
C:/Program Files/Microchip/MPLAB C32/bin/../lib/gcc/pic32mx/3.4.4/../../../../pic32mx/lib/size\libc.a(malloc_calloc.o)
                              ETHPIC32IntMac.o (calloc)
C:/Program Files/Microchip/MPLAB C32/bin/../lib/gcc/pic32mx/3.4.4/../../../../pic32mx/lib/size\libc.a(_iobdata.o)
                              MainDemo.o (_libc_data)
C:/Program Files/Microchip/MPLAB C32/bin/../lib/gcc/pic32mx/3.4.4/../../../../pic32mx/lib/size\libc.a(_iobfuncs.o)
                              C:/Program Files/Microchip/MPLAB C32/bin/../lib/gcc/pic32mx/3.4.4/../../../../pic32mx/lib/size\libc.a(_iobdata.o) (_filbuf_simple)
C:/Program Files/Microchip/MPLAB C32/bin/../lib/gcc/pic32mx/3.4.4/../../../../pic32mx/lib/size\libc.a(fputs.o)
                              MainDemo.o (puts)
C:/Program Files/Microchip/MPLAB C32/bin/../lib/gcc/pic32mx/3.4.4/../../../../pic32mx/lib/size\libc.a(fwrite.o)
                              MainDemo.o (fwrite)
C:/Program Files/Microchip/MPLAB C32/bin/../lib/gcc/pic32mx/3.4.4/../../../../pic32mx/lib/size\libc.a(ifprintf.o)
                              SmartWall.o (_ifprintf)
C:/Program Files/Microchip/MPLAB C32/bin/../lib/gcc/pic32mx/3.4.4/../../../../pic32mx/lib/size\libc.a(stubs.o)
                              C:/Program Files/Microchip/MPLAB C32/bin/../lib/gcc/pic32mx/3.4.4/../../../../pic32mx/lib/size\libc.a(_iobfuncs.o) (pthread_mutex_lock)
C:/Program Files/Microchip/MPLAB C32/bin/../lib/gcc/pic32mx/3.4.4/../../../../pic32mx/lib/size\libc.a(default-bootstrap-exception-handler.o)
                              C:/Program Files/Microchip/MPLAB C32/bin/../lib/gcc/pic32mx/3.4.4/../../../../pic32mx/lib/size/crt0.o (_bootstrap_exception_handler)
C:/Program Files/Microchip/MPLAB C32/bin/../lib/gcc/pic32mx/3.4.4/../../../../pic32mx/lib/size\libc.a(default-on-reset.o)
                              C:/Program Files/Microchip/MPLAB C32/bin/../lib/gcc/pic32mx/3.4.4/../../../../pic32mx/lib/size/crt0.o (_on_reset)
C:/Program Files/Microchip/MPLAB C32/bin/../lib/gcc/pic32mx/3.4.4/../../../../pic32mx/lib/size\libc.a(default-on-bootstrap.o)
                              C:/Program Files/Microchip/MPLAB C32/bin/../lib/gcc/pic32mx/3.4.4/../../../../pic32mx/lib/size/crt0.o (_on_bootstrap)
C:/Program Files/Microchip/MPLAB C32/bin/../lib/gcc/pic32mx/3.4.4/../../../../pic32mx/lib/size\libc.a(default-nmi-handler.o)
                              C:/Program Files/Microchip/MPLAB C32/bin/../lib/gcc/pic32mx/3.4.4/../../../../pic32mx/lib/size/crt0.o (_nmi_handler)
C:/Program Files/Microchip/MPLAB C32/bin/../lib/gcc/pic32mx/3.4.4/../../../../pic32mx/lib/size\libc.a(_exit.o)
                              C:/Program Files/Microchip/MPLAB C32/bin/../lib/gcc/pic32mx/3.4.4/../../../../pic32mx/lib/size\libc.a(exit.o) (_exit)
[...]
Memory Configuration

Name             Origin             Length             Attributes
kseg0_program_mem 0x9d000000         0x00080000         xr
kseg0_boot_mem   0x9fc00490         0x00000970
exception_mem    0x9fc01000         0x00001000
kseg1_boot_mem   0xbfc00000         0x00000490
debug_exec_mem   0xbfc02000         0x00000ff0
config3          0xbfc02ff0         0x00000004
config2          0xbfc02ff4         0x00000004
config1          0xbfc02ff8         0x00000004
config0          0xbfc02ffc         0x00000004
kseg1_data_mem   0xa0000000         0x00020000         w !x
sfrs             0xbf800000         0x00100000
configsfrs       0xbfc02ff0         0x00000010
*default*        0x00000000         0xffffffff

Linker script and memory map

LOAD C:/Program Files/Microchip/MPLAB C32/bin/../lib/gcc/pic32mx/3.4.4/../../../../pic32mx/lib/size/crt0.o
LOAD Announce.o
LOAD ARCFOUR.o
LOAD ARP.o
LOAD AutoIP.o
LOAD BerkeleyAPI.o
LOAD BigInt.o
LOAD Delay.o
LOAD DHCP.o
LOAD DHCPs.o
LOAD DNS.o
LOAD DNSs.o
LOAD DynDNS.o
LOAD ENC28J60.o
LOAD ENCX24J600.o
LOAD ETHPIC32ExtPhy.o
LOAD ETHPIC32ExtPhyDP83848.o
LOAD ETHPIC32IntMac.o
LOAD FileSystem.o
LOAD FTP.o
LOAD Hashes.o
LOAD Helpers.o
LOAD HTTP2.o
LOAD HTTP.o
LOAD ICMP.o
LOAD IP.o
LOAD LCDBlocking.o
LOAD MPFS2.o
LOAD MPFS.o
LOAD NBNS.o
LOAD Random.o
LOAD Reboot.o
LOAD RSA.o
LOAD SMTP.o
LOAD SNMP.o
LOAD SNMPv3.o
LOAD SNMPv3USM.o
LOAD SNTP.o
LOAD SPIEEPROM.o
LOAD SPIFlash.o
LOAD SPIRAM.o
LOAD SSL.o
LOAD StackTsk.o
LOAD TCP.o
LOAD TCPPerformanceTest.o
LOAD Telnet.o
LOAD TFTPc.o
LOAD Tick.o
LOAD UART2TCPBridge.o
LOAD UART.o
LOAD UDP.o
LOAD UDPPerformanceTest.o
LOAD ZeroconfHelper.o
LOAD ZeroconfLinkLocal.o
LOAD ZeroconfMulticastDNS.o
LOAD MainDemo.o
LOAD BigInt_helper_C32.o
LOAD swDevice.o
LOAD comTools.o
LOAD SmartWall.o
LOAD SmartWallSockets.o
LOAD swOutlet.o
                0x00000001                __MPLAB_BUILD = 0x1
                0x00000001                __MPLAB_DEBUG = 0x1
                0x00000001                __MPLAB_DEBUGGER_PIC32MXSK = 0x1
                0x00003e80                _min_heap_size = 0x3e80
                0x00000800                _min_stack_size = 0x800
LOAD C:/Program Files/Microchip/MPLAB C32/bin/../lib/gcc/pic32mx/3.4.4/size\libgcc.a
START GROUP
LOAD C:/Program Files/Microchip/MPLAB C32/bin/../lib/gcc/pic32mx/3.4.4/../../../../pic32mx/lib/size\libdebug.a
LOAD C:/Program Files/Microchip/MPLAB C32/bin/../lib/gcc/pic32mx/3.4.4/../../../../pic32mx/lib/size\libc.a
LOAD C:/Program Files/Microchip/MPLAB C32/bin/../lib/gcc/pic32mx/3.4.4/../../../../pic32mx/lib/size\libm.a
LOAD C:/Program Files/Microchip/MPLAB C32/bin/../lib/gcc/pic32mx/3.4.4/../../../../pic32mx/lib/size\libe.a
LOAD C:/Program Files/Microchip/MPLAB C32/bin/../lib/gcc/pic32mx/3.4.4/../../../../pic32mx/lib/size\libdsp.a
LOAD C:/Program Files/Microchip/MPLAB C32/bin/../lib/gcc/pic32mx/3.4.4/../../../../pic32mx/lib/size\libmchp_peripheral.a
LOAD C:/Program Files/Microchip/MPLAB C32/bin/../lib/gcc/pic32mx/3.4.4/../../../../pic32mx/lib/size\libmchp_peripheral_32MX795F512L.a
END GROUP
LOAD C:/Program Files/Microchip/MPLAB C32/bin/../lib/gcc/pic32mx/3.4.4/size\libgcc.a
                0x00000400                PROVIDE (_min_stack_size, 0x400)
                0x00000000                PROVIDE (_min_heap_size, 0x0)
LOAD C:/Program Files/Microchip/MPLAB C32/bin/../lib/gcc/pic32mx/3.4.4/../../../../pic32mx/lib/./proc/32MX795F512L\processor.o
                0x00000001                PROVIDE (_vector_spacing, 0x1)
                0x9fc01000                _ebase_address = 0x9fc01000
                0xbfc00000                _RESET_ADDR = 0xbfc00000
                0xbfc00380                _BEV_EXCPT_ADDR = 0xbfc00380
                0xbfc00480                _DBG_EXCPT_ADDR = 0xbfc00480
                0xbfc02000                _DBG_CODE_ADDR = 0xbfc02000
                0x9fc01180                _GEN_EXCPT_ADDR = (_ebase_address + 0x180)

.config_BFC02FF0
                0xbfc02ff0        0x4
 *(.config_BFC02FF0)
 .config_BFC02FF0
                0xbfc02ff0        0x4 MainDemo.o

.config_BFC02FF4
                0xbfc02ff4        0x4
 *(.config_BFC02FF4)
 .config_BFC02FF4
                0xbfc02ff4        0x4 MainDemo.o

.config_BFC02FF8
                0xbfc02ff8        0x4
 *(.config_BFC02FF8)
 .config_BFC02FF8
                0xbfc02ff8        0x4 MainDemo.o

.config_BFC02FFC
                0xbfc02ffc        0x4
 *(.config_BFC02FFC)
 .config_BFC02FFC
                0xbfc02ffc        0x4 MainDemo.o

.reset          0xbfc00000       0x10
 *(.reset)
 .reset         0xbfc00000       0x10 C:/Program Files/Microchip/MPLAB C32/bin/../lib/gcc/pic32mx/3.4.4/../../../../pic32mx/lib/size/crt0.o
                0xbfc00000                _reset

.bev_excpt      0xbfc00380       0x10
 *(.bev_handler)
 .bev_handler   0xbfc00380       0x10 C:/Program Files/Microchip/MPLAB C32/bin/../lib/gcc/pic32mx/3.4.4/../../../../pic32mx/lib/size/crt0.o

.dbg_excpt      0xbfc00480        0x0
                0xbfc00480                . = (. + DEFINED (_DEBUGGER)?0x8:0x0)

.dbg_code       0xbfc02000        0x0
                0xbfc02000                . = (. + DEFINED (_DEBUGGER)?0xff0:0x0)

.app_excpt      0x9fc01180       0x10
 *(.gen_handler)
 .gen_handler   0x9fc01180       0x10 C:/Program Files/Microchip/MPLAB C32/bin/../lib/gcc/pic32mx/3.4.4/../../../../pic32mx/lib/size/crt0.o

.vector_0       0x9fc01200        0x0
 *(.vector_0)
                0x00000001                ASSERT (((_vector_spacing == 0x0) || (SIZEOF (.vector_0) <= (_vector_spacing << 0x5))), function at exception vector 0 too large)

.vector_1       0x9fc01220        0x0
 *(.vector_1)
                0x00000001                ASSERT (((_vector_spacing == 0x0) || (SIZEOF (.vector_1) <= (_vector_spacing << 0x5))), function at exception vector 1 too large)

.vector_2       0x9fc01240        0x0
 *(.vector_2)
                0x00000001                ASSERT (((_vector_spacing == 0x0) || (SIZEOF (.vector_2) <= (_vector_spacing << 0x5))), function at exception vector 2 too large)

.vector_3       0x9fc01260        0x0
 *(.vector_3)
                0x00000001                ASSERT (((_vector_spacing == 0x0) || (SIZEOF (.vector_3) <= (_vector_spacing << 0x5))), function at exception vector 3 too large)

.vector_4       0x9fc01280        0x8
 *(.vector_4)
 .vector_4      0x9fc01280        0x8 Tick.o
                0x00000001                ASSERT (((_vector_spacing == 0x0) || (SIZEOF (.vector_4) <= (_vector_spacing << 0x5))), function at exception vector 4 too large)

.vector_5       0x9fc012a0        0x0
 *(.vector_5)
                0x00000001                ASSERT (((_vector_spacing == 0x0) || (SIZEOF (.vector_5) <= (_vector_spacing << 0x5))), function at exception vector 5 too large)

.vector_6       0x9fc012c0        0x0
 *(.vector_6)
                0x00000001                ASSERT (((_vector_spacing == 0x0) || (SIZEOF (.vector_6) <= (_vector_spacing << 0x5))), function at exception vector 6 too large)

.vector_7       0x9fc012e0        0x0
 *(.vector_7)
                0x00000001                ASSERT (((_vector_spacing == 0x0) || (SIZEOF (.vector_7) <= (_vector_spacing << 0x5))), function at exception vector 7 too large)

.vector_8       0x9fc01300        0x0
 *(.vector_8)
                0x00000001                ASSERT (((_vector_spacing == 0x0) || (SIZEOF (.vector_8) <= (_vector_spacing << 0x5))), function at exception vector 8 too large)

.vector_9       0x9fc01320        0x0
 *(.vector_9)
                0x00000001                ASSERT (((_vector_spacing == 0x0) || (SIZEOF (.vector_9) <= (_vector_spacing << 0x5))), function at exception vector 9 too large)

.vector_10      0x9fc01340        0x0
 *(.vector_10)
                0x00000001                ASSERT (((_vector_spacing == 0x0) || (SIZEOF (.vector_10) <= (_vector_spacing << 0x5))), function at exception vector 10 too large)

.vector_11      0x9fc01360        0x0
 *(.vector_11)
                0x00000001                ASSERT (((_vector_spacing == 0x0) || (SIZEOF (.vector_11) <= (_vector_spacing << 0x5))), function at exception vector 11 too large)

.vector_12      0x9fc01380        0x0
 *(.vector_12)
                0x00000001                ASSERT (((_vector_spacing == 0x0) || (SIZEOF (.vector_12) <= (_vector_spacing << 0x5))), function at exception vector 12 too large)

.vector_13      0x9fc013a0        0x0
 *(.vector_13)
                0x00000001                ASSERT (((_vector_spacing == 0x0) || (SIZEOF (.vector_13) <= (_vector_spacing << 0x5))), function at exception vector 13 too large)

.vector_14      0x9fc013c0        0x0
 *(.vector_14)
                0x00000001                ASSERT (((_vector_spacing == 0x0) || (SIZEOF (.vector_14) <= (_vector_spacing << 0x5))), function at exception vector 14 too large)

.vector_15      0x9fc013e0        0x0
 *(.vector_15)
                0x00000001                ASSERT (((_vector_spacing == 0x0) || (SIZEOF (.vector_15) <= (_vector_spacing << 0x5))), function at exception vector 15 too large)

.vector_16      0x9fc01400        0x0
 *(.vector_16)
                0x00000001                ASSERT (((_vector_spacing == 0x0) || (SIZEOF (.vector_16) <= (_vector_spacing << 0x5))), function at exception vector 16 too large)

.vector_17      0x9fc01420        0x0
 *(.vector_17)
                0x00000001                ASSERT (((_vector_spacing == 0x0) || (SIZEOF (.vector_17) <= (_vector_spacing << 0x5))), function at exception vector 17 too large)

.vector_18      0x9fc01440        0x0
 *(.vector_18)
                0x00000001                ASSERT (((_vector_spacing == 0x0) || (SIZEOF (.vector_18) <= (_vector_spacing << 0x5))), function at exception vector 18 too large)

.vector_19      0x9fc01460        0x0
 *(.vector_19)
                0x00000001                ASSERT (((_vector_spacing == 0x0) || (SIZEOF (.vector_19) <= (_vector_spacing << 0x5))), function at exception vector 19 too large)

.vector_20      0x9fc01480        0x0
 *(.vector_20)
                0x00000001                ASSERT (((_vector_spacing == 0x0) || (SIZEOF (.vector_20) <= (_vector_spacing << 0x5))), function at exception vector 20 too large)

.vector_21      0x9fc014a0        0x0
 *(.vector_21)
                0x00000001                ASSERT (((_vector_spacing == 0x0) || (SIZEOF (.vector_21) <= (_vector_spacing << 0x5))), function at exception vector 21 too large)

.vector_22      0x9fc014c0        0x0
 *(.vector_22)
                0x00000001                ASSERT (((_vector_spacing == 0x0) || (SIZEOF (.vector_22) <= (_vector_spacing << 0x5))), function at exception vector 22 too large)

.vector_23      0x9fc014e0        0x0
 *(.vector_23)
                0x00000001                ASSERT (((_vector_spacing == 0x0) || (SIZEOF (.vector_23) <= (_vector_spacing << 0x5))), function at exception vector 23 too large)

.vector_24      0x9fc01500        0x0
 *(.vector_24)
                0x00000001                ASSERT (((_vector_spacing == 0x0) || (SIZEOF (.vector_24) <= (_vector_spacing << 0x5))), function at exception vector 24 too large)

.vector_25      0x9fc01520        0x0
 *(.vector_25)
                0x00000001                ASSERT (((_vector_spacing == 0x0) || (SIZEOF (.vector_25) <= (_vector_spacing << 0x5))), function at exception vector 25 too large)

.vector_26      0x9fc01540        0x0
 *(.vector_26)
                0x00000001                ASSERT (((_vector_spacing == 0x0) || (SIZEOF (.vector_26) <= (_vector_spacing << 0x5))), function at exception vector 26 too large)

.vector_27      0x9fc01560        0x0
 *(.vector_27)
                0x00000001                ASSERT (((_vector_spacing == 0x0) || (SIZEOF (.vector_27) <= (_vector_spacing << 0x5))), function at exception vector 27 too large)

.vector_28      0x9fc01580        0x0
 *(.vector_28)
                0x00000001                ASSERT (((_vector_spacing == 0x0) || (SIZEOF (.vector_28) <= (_vector_spacing << 0x5))), function at exception vector 28 too large)

.vector_29      0x9fc015a0        0x0
 *(.vector_29)
                0x00000001                ASSERT (((_vector_spacing == 0x0) || (SIZEOF (.vector_29) <= (_vector_spacing << 0x5))), function at exception vector 29 too large)

.vector_30      0x9fc015c0        0x0
 *(.vector_30)
                0x00000001                ASSERT (((_vector_spacing == 0x0) || (SIZEOF (.vector_30) <= (_vector_spacing << 0x5))), function at exception vector 30 too large)

.vector_31      0x9fc015e0        0x0
 *(.vector_31)
                0x00000001                ASSERT (((_vector_spacing == 0x0) || (SIZEOF (.vector_31) <= (_vector_spacing << 0x5))), function at exception vector 31 too large)

.vector_32      0x9fc01600        0x0
 *(.vector_32)
                0x00000001                ASSERT (((_vector_spacing == 0x0) || (SIZEOF (.vector_32) <= (_vector_spacing << 0x5))), function at exception vector 32 too large)

.vector_33      0x9fc01620        0x0
 *(.vector_33)
                0x00000001                ASSERT (((_vector_spacing == 0x0) || (SIZEOF (.vector_33) <= (_vector_spacing << 0x5))), function at exception vector 33 too large)

.vector_34      0x9fc01640        0x0
 *(.vector_34)
                0x00000001                ASSERT (((_vector_spacing == 0x0) || (SIZEOF (.vector_34) <= (_vector_spacing << 0x5))), function at exception vector 34 too large)

.vector_35      0x9fc01660        0x0
 *(.vector_35)
                0x00000001                ASSERT (((_vector_spacing == 0x0) || (SIZEOF (.vector_35) <= (_vector_spacing << 0x5))), function at exception vector 35 too large)

.vector_36      0x9fc01680        0x0
 *(.vector_36)
                0x00000001                ASSERT (((_vector_spacing == 0x0) || (SIZEOF (.vector_36) <= (_vector_spacing << 0x5))), function at exception vector 36 too large)

.vector_37      0x9fc016a0        0x0
 *(.vector_37)
                0x00000001                ASSERT (((_vector_spacing == 0x0) || (SIZEOF (.vector_37) <= (_vector_spacing << 0x5))), function at exception vector 37 too large)

.vector_38      0x9fc016c0        0x0
 *(.vector_38)
                0x00000001                ASSERT (((_vector_spacing == 0x0) || (SIZEOF (.vector_38) <= (_vector_spacing << 0x5))), function at exception vector 38 too large)

.vector_39      0x9fc016e0        0x0
 *(.vector_39)
                0x00000001                ASSERT (((_vector_spacing == 0x0) || (SIZEOF (.vector_39) <= (_vector_spacing << 0x5))), function at exception vector 39 too large)

.vector_40      0x9fc01700        0x0
 *(.vector_40)
                0x00000001                ASSERT (((_vector_spacing == 0x0) || (SIZEOF (.vector_40) <= (_vector_spacing << 0x5))), function at exception vector 40 too large)

.vector_41      0x9fc01720        0x0
 *(.vector_41)
                0x00000001                ASSERT (((_vector_spacing == 0x0) || (SIZEOF (.vector_41) <= (_vector_spacing << 0x5))), function at exception vector 41 too large)

.vector_42      0x9fc01740        0x0
 *(.vector_42)
                0x00000001                ASSERT (((_vector_spacing == 0x0) || (SIZEOF (.vector_42) <= (_vector_spacing << 0x5))), function at exception vector 42 too large)

.vector_43      0x9fc01760        0x0
 *(.vector_43)
                0x00000001                ASSERT (((_vector_spacing == 0x0) || (SIZEOF (.vector_43) <= (_vector_spacing << 0x5))), function at exception vector 43 too large)

.vector_44      0x9fc01780        0x0
 *(.vector_44)
                0x00000001                ASSERT (((_vector_spacing == 0x0) || (SIZEOF (.vector_44) <= (_vector_spacing << 0x5))), function at exception vector 44 too large)

.vector_45      0x9fc017a0        0x0
 *(.vector_45)
                0x00000001                ASSERT (((_vector_spacing == 0x0) || (SIZEOF (.vector_45) <= (_vector_spacing << 0x5))), function at exception vector 45 too large)

.vector_46      0x9fc017c0        0x0
 *(.vector_46)
                0x00000001                ASSERT (((_vector_spacing == 0x0) || (SIZEOF (.vector_46) <= (_vector_spacing << 0x5))), function at exception vector 46 too large)

.vector_47      0x9fc017e0        0x0
 *(.vector_47)
                0x00000001                ASSERT (((_vector_spacing == 0x0) || (SIZEOF (.vector_47) <= (_vector_spacing << 0x5))), function at exception vector 47 too large)

.vector_48      0x9fc01800        0x0
 *(.vector_48)
                0x00000001                ASSERT (((_vector_spacing == 0x0) || (SIZEOF (.vector_48) <= (_vector_spacing << 0x5))), function at exception vector 48 too large)

.vector_49      0x9fc01820        0x0
 *(.vector_49)
                0x00000001                ASSERT (((_vector_spacing == 0x0) || (SIZEOF (.vector_49) <= (_vector_spacing << 0x5))), function at exception vector 49 too large)

.vector_50      0x9fc01840        0x0
 *(.vector_50)
                0x00000001                ASSERT (((_vector_spacing == 0x0) || (SIZEOF (.vector_50) <= (_vector_spacing << 0x5))), function at exception vector 50 too large)

.vector_51      0x9fc01860        0x0
 *(.vector_51)
                0x00000001                ASSERT (((_vector_spacing == 0x0) || (SIZEOF (.vector_51) <= (_vector_spacing << 0x5))), function at exception vector 51 too large)

.vector_52      0x9fc01880        0x0
 *(.vector_52)
                0x00000001                ASSERT (((_vector_spacing == 0x0) || (SIZEOF (.vector_52) <= (_vector_spacing << 0x5))), function at exception vector 52 too large)

.vector_53      0x9fc018a0        0x0
 *(.vector_53)
                0x00000001                ASSERT (((_vector_spacing == 0x0) || (SIZEOF (.vector_53) <= (_vector_spacing << 0x5))), function at exception vector 53 too large)

.vector_54      0x9fc018c0        0x0
 *(.vector_54)
                0x00000001                ASSERT (((_vector_spacing == 0x0) || (SIZEOF (.vector_54) <= (_vector_spacing << 0x5))), function at exception vector 54 too large)

.vector_55      0x9fc018e0        0x0
 *(.vector_55)
                0x00000001                ASSERT (((_vector_spacing == 0x0) || (SIZEOF (.vector_55) <= (_vector_spacing << 0x5))), function at exception vector 55 too large)

.vector_56      0x9fc01900        0x0
 *(.vector_56)
                0x00000001                ASSERT (((_vector_spacing == 0x0) || (SIZEOF (.vector_56) <= (_vector_spacing << 0x5))), function at exception vector 56 too large)

.vector_57      0x9fc01920        0x0
 *(.vector_57)
                0x00000001                ASSERT (((_vector_spacing == 0x0) || (SIZEOF (.vector_57) <= (_vector_spacing << 0x5))), function at exception vector 57 too large)

.vector_58      0x9fc01940        0x0
 *(.vector_58)
                0x00000001                ASSERT (((_vector_spacing == 0x0) || (SIZEOF (.vector_58) <= (_vector_spacing << 0x5))), function at exception vector 58 too large)

.vector_59      0x9fc01960        0x0
 *(.vector_59)
                0x00000001                ASSERT (((_vector_spacing == 0x0) || (SIZEOF (.vector_59) <= (_vector_spacing << 0x5))), function at exception vector 59 too large)

.vector_60      0x9fc01980        0x0
 *(.vector_60)
                0x00000001                ASSERT (((_vector_spacing == 0x0) || (SIZEOF (.vector_60) <= (_vector_spacing << 0x5))), function at exception vector 60 too large)

.vector_61      0x9fc019a0        0x0
 *(.vector_61)
                0x00000001                ASSERT (((_vector_spacing == 0x0) || (SIZEOF (.vector_61) <= (_vector_spacing << 0x5))), function at exception vector 61 too large)

.vector_62      0x9fc019c0        0x0
 *(.vector_62)
                0x00000001                ASSERT (((_vector_spacing == 0x0) || (SIZEOF (.vector_62) <= (_vector_spacing << 0x5))), function at exception vector 62 too large)

.vector_63      0x9fc019e0        0x0
 *(.vector_63)
                0x00000001                ASSERT (((_vector_spacing == 0x0) || (SIZEOF (.vector_63) <= (_vector_spacing << 0x5))), function at exception vector 63 too large)

.startup        0x9fc00490      0x1e0
 *(.startup)
 .startup       0x9fc00490      0x1e0 C:/Program Files/Microchip/MPLAB C32/bin/../lib/gcc/pic32mx/3.4.4/../../../../pic32mx/lib/size/crt0.o

.text           0x9d000000    0x1851c
                0x9d000000                _text_begin = .
 *(.text .stub .text.* .gnu.linkonce.t.*)
 .text          0x9d000000       0x18 C:/Program Files/Microchip/MPLAB C32/bin/../lib/gcc/pic32mx/3.4.4/../../../../pic32mx/lib/size/crt0.o
 .text          0x9d000018        0x0 Announce.o
 .text          0x9d000018        0x0 ARCFOUR.o
 .text          0x9d000018      0x5f4 ARP.o
                0x9d000124                ARPInit
                0x9d0001b4                ARPProcess
                0x9d0003a4                ARPResolve
                0x9d000484                ARPIsResolved
                0x9d000584                SwapARPPacket
 .text          0x9d00060c        0x0 AutoIP.o
 .text          0x9d00060c     0x1ae8 BerkeleyAPI.o
                0x9d00060c                BerkeleySocketInit
                0x9d000680                socket
                0x9d0007c4                bind
                0x9d000958                listen
                0x9d000c34                accept
                0x9d000f58                connect
                0x9d0012c8                send
                0x9d001328                sendto
                0x9d001708                recv
                0x9d001898                recvfrom
                0x9d001b3c                gethostname
                0x9d001c40                closesocket
 .text          0x9d0020f4        0x0 BigInt.o
 .text          0x9d0020f4       0xec Delay.o
                0x9d0020f4                DelayMs
                0x9d002178                Delay10us
 .text          0x9d0021e0        0x0 DHCP.o
 .text          0x9d0021e0        0x0 DHCPs.o
 .text          0x9d0021e0        0x0 DNS.o
 .text          0x9d0021e0        0x0 DNSs.o
 .text          0x9d0021e0        0x0 DynDNS.o
 .text          0x9d0021e0        0x0 ENC28J60.o
 .text          0x9d0021e0        0x0 ENCX24J600.o
 .text          0x9d0021e0     0x13f4 ETHPIC32ExtPhy.o
                0x9d0021e0                EthPhyRestartNegotiation
                0x9d002278                EthPhyGetHwConfigFlags
                0x9d0022ec                EthPhyInit
                0x9d0027ec                EthPhyNegotiationComplete
                0x9d002a94                EthPhyGetNegotiationResult
                0x9d002df0                EthPhyGetLinkStatus
                0x9d002ee0                EthPhyReset
                0x9d003010                EthPhyScanLinkStart
                0x9d003048                EthPhyScanLinkRead
                0x9d0030bc                EthPhyScanLinkStop
 .text          0x9d0035d4      0x1c4 ETHPIC32ExtPhyDP83848.o
                0x9d0035d4                EthPhyConfigureMII
                0x9d00367c                EthPhyConfigureMdix
                0x9d00374c                EthPhyMIIMAddress
                0x9d003770                EthPhyMIIMClock
 .text          0x9d003798      0xf00 ETHPIC32IntMac.o
                0x9d003798                MACInit
                0x9d003b78                MACIsLinked
                0x9d003ba0                MACGetTxBaseAddr
                0x9d003be8                MACGetHttpBaseAddr
                0x9d003c10                MACGetSslBaseAddr
                0x9d003c38                MACSetWritePtr
                0x9d003c70                MACIsTxReady
                0x9d003de4                MACPut
                0x9d003e28                MACPutArray
                0x9d003e84                MACPutHeader
                0x9d003f78                MACFlush
                0x9d003fe8                MACDiscardRx
                0x9d004044                MACGetHeader
                0x9d00425c                MACSetReadPtrInRx
                0x9d004298                MACSetReadPtr
                0x9d0042d0                MACGet
                0x9d00430c                MACGetArray
                0x9d004378                MACGetFreeRxSize
                0x9d0043d0                MACMemCopyAsync
                0x9d00448c                MACIsMemCopyDone
                0x9d0044b0                CalcIPBufferChecksum
                0x9d0044f4                MACCalcRxChecksum
 .text          0x9d004698        0x0 FileSystem.o
 .text          0x9d004698        0x0 FTP.o
 .text          0x9d004698        0x0 Hashes.o
 .text          0x9d004698      0xf58 Helpers.o
                0x9d004698                LFSRSeedRand
                0x9d00471c                LFSRRand
                0x9d004794                GenerateRandomDWORD
                0x9d0049d4                StringToIPAddress
                0x9d004cd4                uitoa
                0x9d004df8                ultoa_leg
                0x9d004f1c                hexatob
                0x9d004ff0                btohexa_high
                0x9d005060                btohexa_low
                0x9d0050d0                stricmppgm2ram
                0x9d005250                swaps
                0x9d00529c                swapl
                0x9d005324                CalcIPChecksum
                0x9d005400                strupr
                0x9d005490                FormatNetBIOSName
                0x9d005548                strnchr
 .text          0x9d0055f0        0x0 HTTP2.o
 .text          0x9d0055f0        0x0 HTTP.o
 .text          0x9d0055f0      0x154 ICMP.o
                0x9d0055f0                ICMPProcess
 .text          0x9d005744      0x31c IP.o
                0x9d005744                IPGetHeader
                0x9d005880                IPPutHeader
                0x9d00598c                IPSetRxBuffer
 .text          0x9d005a60        0x0 LCDBlocking.o
 .text          0x9d005a60        0x0 MPFS2.o
 .text          0x9d005a60        0x0 MPFS.o
 .text          0x9d005a60        0x0 NBNS.o
 .text          0x9d005a60        0x0 Random.o
 .text          0x9d005a60      0x158 Reboot.o
                0x9d005a60                RebootTask
 .text          0x9d005bb8        0x0 RSA.o
 .text          0x9d005bb8        0x0 SMTP.o
 .text          0x9d005bb8        0x0 SNMP.o
 .text          0x9d005bb8        0x0 SNMPv3.o
 .text          0x9d005bb8        0x0 SNMPv3USM.o
 .text          0x9d005bb8        0x0 SNTP.o
 .text          0x9d005bb8        0x0 SPIEEPROM.o
 .text          0x9d005bb8        0x0 SPIFlash.o
 .text          0x9d005bb8        0x0 SPIRAM.o
 .text          0x9d005bb8        0x0 SSL.o
 .text          0x9d005bb8      0x290 StackTsk.o
                0x9d005bb8                StackInit
                0x9d005c20                StackTask
                0x9d005e18                StackApplications
 .text          0x9d005e48     0x83c8 TCP.o
                0x9d005f7c                TCPInit
                0x9d006288                TCPOpen
                0x9d006674                TCPWasReset
                0x9d006720                TCPIsConnected
                0x9d00677c                TCPDisconnect
                0x9d0069e8                TCPClose
                0x9d006a60                TCPGetRemoteInfo
                0x9d006adc                TCPFlush
                0x9d006b64                TCPIsPutReady
                0x9d006d58                TCPPut
                0x9d0070ac                TCPPutArray
                0x9d007530                TCPPutString
                0x9d007594                TCPGetTxFIFOFull
                0x9d007648                TCPDiscard
                0x9d0076f0                TCPIsGetReady
                0x9d00788c                TCPGet
                0x9d007b14                TCPGetArray
                0x9d007ef4                TCPGetRxFIFOFree
                0x9d007fa4                TCPPeekArray
                0x9d008268                TCPPeek
                0x9d0082c4                TCPFindArrayEx
                0x9d0088e0                TCPFindEx
                0x9d008954                TCPTick
                0x9d0097e4                TCPProcess
                0x9d00d8e4                TCPAdjustFIFOSize
 .text          0x9d00e210        0x0 TCPPerformanceTest.o
 .text          0x9d00e210        0x0 Telnet.o
 .text          0x9d00e210        0x0 TFTPc.o
 .text          0x9d00e210      0x2d8 Tick.o
                0x9d00e210                TickInit
                0x9d00e32c                TickGet
                0x9d00e360                TickGetDiv256
                0x9d00e3b4                TickGetDiv64K
                0x9d00e408                TickConvertToMilliseconds
                0x9d00e460                _T1Interrupt
 .text          0x9d00e4e8        0x0 UART2TCPBridge.o
 .text          0x9d00e4e8        0x0 UART.o
 .text          0x9d00e4e8      0xcb4 UDP.o
                0x9d00e4e8                UDPInit
                0x9d00e554                UDPTask
                0x9d00e57c                UDPOpen
                0x9d00e6d0                UDPClose
                0x9d00e75c                UDPSetTxBuffer
                0x9d00e7bc                UDPSetRxBuffer
                0x9d00e80c                UDPIsPutReady
                0x9d00e8a0                UDPPut
                0x9d00e930                UDPPutArray
                0x9d00e9d4                UDPPutString
                0x9d00ea28                UDPFlush
                0x9d00ec08                UDPIsGetReady
                0x9d00eca4                UDPGet
                0x9d00ed34                UDPGetArray
                0x9d00ee00                UDPDiscard
                0x9d00ee5c                UDPProcess
 .text          0x9d00f19c        0x0 UDPPerformanceTest.o
 .text          0x9d00f19c        0x0 ZeroconfHelper.o
 .text          0x9d00f19c        0x0 ZeroconfLinkLocal.o
 .text          0x9d00f19c        0x0 ZeroconfMulticastDNS.o
 .text          0x9d00f19c     0x117c MainDemo.o
                0x9d00f19c                _general_exception_handler
                0x9d00f1c8                main
                0x9d00f594                updateDeviceState
                0x9d00f66c                DelayNs
                0x9d00f6dc                SET_CHANNEL_STATE
                0x9d00f770                GET_CHANNEL_STATE
                0x9d00f7f8                MEASURE_POWER
                0x9d00f888                MEASURE
                0x9d00fb00                CONFIG_3909
 .text          0x9d010318        0x0 BigInt_helper_C32.o
 .text          0x9d010318        0x0 swDevice.o
 .text          0x9d010318      0x838 comTools.o
                0x9d010318                isnumeric
                0x9d010640                hton16
                0x9d0106fc                ntoh16
                0x9d01073c                hton32
                0x9d0107b4                ntoh32
                0x9d0107ec                hton64
                0x9d01087c                ntoh64
 .text          0x9d010b50     0x1eb0 SmartWall.o
                0x9d010b50                strToMT
                0x9d010d78                MTtoStr
                0x9d010ff4                strToDT
                0x9d0111c8                DTtoStr
                0x9d011400                ntohSmartWallHeader
                0x9d011568                htonSmartWallHeader
                0x9d0116d0                ntohSmartWallChannelHeader
                0x9d011774                htonSmartWallChannelHeader
                0x9d011818                ntohSmartWallChannelTop
                0x9d011898                htonSmartWallChannelTop
                0x9d011918                writeSWMsg
                0x9d011d38                writeSWChannelBody
                0x9d01216c                readSWMsg
                0x9d012604                readSWChannelBody
 .text          0x9d012a00      0xd9c SmartWallSockets.o
                0x9d012a00                swSetup
                0x9d012b08                swListen
                0x9d012c1c                swSend
                0x9d012cb8                swReceive
                0x9d012de0                swCompose
                0x9d012ee0                swCheck
                0x9d012fe0                swProcess
                0x9d013344                swReceiverStateMachine
 .text          0x9d01379c      0x38c swOutlet.o
                0x9d01379c                outletChnHandeler
 .text          0x9d013b28      0x44c C:/Program Files/Microchip/MPLAB C32/bin/../lib/gcc/pic32mx/3.4.4/size\libgcc.a(_udivdi3.o)
                0x9d013b28                __udivdi3
 .text          0x9d013f74        0x0 C:/Program Files/Microchip/MPLAB C32/bin/../lib/gcc/pic32mx/3.4.4/../../../../pic32mx/lib/size\libdebug.a(db_utils.o)
 .text.StarterKitIO
                0x9d013f74       0x70 C:/Program Files/Microchip/MPLAB C32/bin/../lib/gcc/pic32mx/3.4.4/../../../../pic32mx/lib/size\libdebug.a(db_utils.o)
                0x9d013f74                _pic32mxsk_init
                0x9d013f7c                db_puts
                0x9d013f8c                db_gets
                0x9d013f9c                _p32mxsk_write
                0x9d013f9c                _mon_write
                0x9d013fb4                _mon_putc
                0x9d013fb4                _p32mxsk_putc
                0x9d013fc0                _mon_getc
                0x9d013fc0                _p32mxsk_getc
 .text          0x9d013fe4       0x98 C:/Program Files/Microchip/MPLAB C32/bin/../lib/gcc/pic32mx/3.4.4/../../../../pic32mx/lib/size\libc.a(memcmp.o)
                0x9d013fe4                memcmp
 .text          0x9d01407c      0x168 C:/Program Files/Microchip/MPLAB C32/bin/../lib/gcc/pic32mx/3.4.4/../../../../pic32mx/lib/size\libc.a(memcpy.o)
                0x9d01407c                memcpy
 .text          0x9d0141e4       0xa8 C:/Program Files/Microchip/MPLAB C32/bin/../lib/gcc/pic32mx/3.4.4/../../../../pic32mx/lib/size\libc.a(memset.o)
                0x9d0141e4                memset
 .text          0x9d01428c      0x168 C:/Program Files/Microchip/MPLAB C32/bin/../lib/gcc/pic32mx/3.4.4/../../../../pic32mx/lib/size\libc.a(strlen.o)
                0x9d01428c                strlen
 .text          0x9d0143f4        0x0 C:/Program Files/Microchip/MPLAB C32/bin/../lib/gcc/pic32mx/3.4.4/../../../../pic32mx/lib/size\libc.a(general-exception.o)
 .text.general_exception
                0x9d0143f4       0xd0 C:/Program Files/Microchip/MPLAB C32/bin/../lib/gcc/pic32mx/3.4.4/../../../../pic32mx/lib/size\libc.a(general-exception.o)
                0x9d0143f4                _general_exception_context
 .text          0x9d0144c4        0x0 C:/Program Files/Microchip/MPLAB C32/bin/../lib/gcc/pic32mx/3.4.4/../../../../pic32mx/lib/size\libc.a(strncmp.o)
 .text.strncmp  0x9d0144c4       0xdc C:/Program Files/Microchip/MPLAB C32/bin/../lib/gcc/pic32mx/3.4.4/../../../../pic32mx/lib/size\libc.a(strncmp.o)
                0x9d0144c4                strncmp
 .text          0x9d0145a0        0x0 C:/Program Files/Microchip/MPLAB C32/bin/../lib/gcc/pic32mx/3.4.4/../../../../pic32mx/lib/size\libc.a(strncpy.o)
 .text.strncpy  0x9d0145a0       0xcc C:/Program Files/Microchip/MPLAB C32/bin/../lib/gcc/pic32mx/3.4.4/../../../../pic32mx/lib/size\libc.a(strncpy.o)
                0x9d0145a0                strncpy
 .text          0x9d01466c        0x0 C:/Program Files/Microchip/MPLAB C32/bin/../lib/gcc/pic32mx/3.4.4/../../../../pic32mx/lib/size\libc.a(exit.o)
 .text.exit     0x9d01466c       0x10 C:/Program Files/Microchip/MPLAB C32/bin/../lib/gcc/pic32mx/3.4.4/../../../../pic32mx/lib/size\libc.a(exit.o)
                0x9d01466c                exit
 .text          0x9d01467c        0x0 C:/Program Files/Microchip/MPLAB C32/bin/../lib/gcc/pic32mx/3.4.4/../../../../pic32mx/lib/size\libc.a(ctype.o)
 .text          0x9d01467c        0x0 C:/Program Files/Microchip/MPLAB C32/bin/../lib/gcc/pic32mx/3.4.4/../../../../pic32mx/lib/size\libc.a(ctypef.o)
 .text.tolower  0x9d01467c       0x20 C:/Program Files/Microchip/MPLAB C32/bin/../lib/gcc/pic32mx/3.4.4/../../../../pic32mx/lib/size\libc.a(ctypef.o)
                0x9d01467c                tolower
 .text.toupper  0x9d01469c       0x20 C:/Program Files/Microchip/MPLAB C32/bin/../lib/gcc/pic32mx/3.4.4/../../../../pic32mx/lib/size\libc.a(ctypef.o)
                0x9d01469c                toupper
 .text.isalnum  0x9d0146bc       0x18 C:/Program Files/Microchip/MPLAB C32/bin/../lib/gcc/pic32mx/3.4.4/../../../../pic32mx/lib/size\libc.a(ctypef.o)
                0x9d0146bc                isalnum
 .text.isalpha  0x9d0146d4       0x18 C:/Program Files/Microchip/MPLAB C32/bin/../lib/gcc/pic32mx/3.4.4/../../../../pic32mx/lib/size\libc.a(ctypef.o)
                0x9d0146d4                isalpha
 .text.isascii  0x9d0146ec        0x8 C:/Program Files/Microchip/MPLAB C32/bin/../lib/gcc/pic32mx/3.4.4/../../../../pic32mx/lib/size\libc.a(ctypef.o)
                0x9d0146ec                isascii
 .text.iscntrl  0x9d0146f4       0x18 C:/Program Files/Microchip/MPLAB C32/bin/../lib/gcc/pic32mx/3.4.4/../../../../pic32mx/lib/size\libc.a(ctypef.o)
                0x9d0146f4                iscntrl
 .text.isdigit  0x9d01470c       0x18 C:/Program Files/Microchip/MPLAB C32/bin/../lib/gcc/pic32mx/3.4.4/../../../../pic32mx/lib/size\libc.a(ctypef.o)
                0x9d01470c                isdigit
 .text.isgraph  0x9d014724       0x18 C:/Program Files/Microchip/MPLAB C32/bin/../lib/gcc/pic32mx/3.4.4/../../../../pic32mx/lib/size\libc.a(ctypef.o)
                0x9d014724                isgraph
 .text.islower  0x9d01473c       0x18 C:/Program Files/Microchip/MPLAB C32/bin/../lib/gcc/pic32mx/3.4.4/../../../../pic32mx/lib/size\libc.a(ctypef.o)
                0x9d01473c                islower
 .text.isprint  0x9d014754       0x18 C:/Program Files/Microchip/MPLAB C32/bin/../lib/gcc/pic32mx/3.4.4/../../../../pic32mx/lib/size\libc.a(ctypef.o)
                0x9d014754                isprint
 .text.ispunct  0x9d01476c       0x18 C:/Program Files/Microchip/MPLAB C32/bin/../lib/gcc/pic32mx/3.4.4/../../../../pic32mx/lib/size\libc.a(ctypef.o)
                0x9d01476c                ispunct
 .text.isspace  0x9d014784       0x18 C:/Program Files/Microchip/MPLAB C32/bin/../lib/gcc/pic32mx/3.4.4/../../../../pic32mx/lib/size\libc.a(ctypef.o)
                0x9d014784                isspace
 .text.isupper  0x9d01479c       0x18 C:/Program Files/Microchip/MPLAB C32/bin/../lib/gcc/pic32mx/3.4.4/../../../../pic32mx/lib/size\libc.a(ctypef.o)
                0x9d01479c                isupper
 .text.isxdigit
                0x9d0147b4       0x18 C:/Program Files/Microchip/MPLAB C32/bin/../lib/gcc/pic32mx/3.4.4/../../../../pic32mx/lib/size\libc.a(ctypef.o)
                0x9d0147b4                isxdigit
 .text.toascii  0x9d0147cc        0x8 C:/Program Files/Microchip/MPLAB C32/bin/../lib/gcc/pic32mx/3.4.4/../../../../pic32mx/lib/size\libc.a(ctypef.o)
                0x9d0147cc                toascii
 .text._tolower
                0x9d0147d4        0x8 C:/Program Files/Microchip/MPLAB C32/bin/../lib/gcc/pic32mx/3.4.4/../../../../pic32mx/lib/size\libc.a(ctypef.o)
                0x9d0147d4                _tolower
 .text._toupper
                0x9d0147dc        0x8 C:/Program Files/Microchip/MPLAB C32/bin/../lib/gcc/pic32mx/3.4.4/../../../../pic32mx/lib/size\libc.a(ctypef.o)
                0x9d0147dc                _toupper
 .text          0x9d0147e4        0x0 C:/Program Files/Microchip/MPLAB C32/bin/../lib/gcc/pic32mx/3.4.4/../../../../pic32mx/lib/size\libc.a(malloc_calloc.o)
 .text.calloc   0x9d0147e4       0xf8 C:/Program Files/Microchip/MPLAB C32/bin/../lib/gcc/pic32mx/3.4.4/../../../../pic32mx/lib/size\libc.a(malloc_calloc.o)
                0x9d0147e4                calloc
 .text          0x9d0148dc        0x0 C:/Program Files/Microchip/MPLAB C32/bin/../lib/gcc/pic32mx/3.4.4/../../../../pic32mx/lib/size\libc.a(_iobdata.o)
 .text          0x9d0148dc        0x0 C:/Program Files/Microchip/MPLAB C32/bin/../lib/gcc/pic32mx/3.4.4/../../../../pic32mx/lib/size\libc.a(_iobfuncs.o)
 .text._filbuf_simple
                0x9d0148dc       0x28 C:/Program Files/Microchip/MPLAB C32/bin/../lib/gcc/pic32mx/3.4.4/../../../../pic32mx/lib/size\libc.a(_iobfuncs.o)
                0x9d0148dc                _filbuf_simple
 .text._fflush_simple
                0x9d014904       0x68 C:/Program Files/Microchip/MPLAB C32/bin/../lib/gcc/pic32mx/3.4.4/../../../../pic32mx/lib/size\libc.a(_iobfuncs.o)
                0x9d014904                _fflush_simple
 .text._flsbuf_simple
                0x9d01496c       0xe8 C:/Program Files/Microchip/MPLAB C32/bin/../lib/gcc/pic32mx/3.4.4/../../../../pic32mx/lib/size\libc.a(_iobfuncs.o)
                0x9d01496c                _flsbuf_simple
 .text._fwrite_simple
                0x9d014a54       0x84 C:/Program Files/Microchip/MPLAB C32/bin/../lib/gcc/pic32mx/3.4.4/../../../../pic32mx/lib/size\libc.a(_iobfuncs.o)
                0x9d014a54                _fwrite_simple
 .text._fsync_simple
                0x9d014ad8       0x34 C:/Program Files/Microchip/MPLAB C32/bin/../lib/gcc/pic32mx/3.4.4/../../../../pic32mx/lib/size\libc.a(_iobfuncs.o)
                0x9d014ad8                _fsync_simple
 .text._io_exit
                0x9d014b0c       0x40 C:/Program Files/Microchip/MPLAB C32/bin/../lib/gcc/pic32mx/3.4.4/../../../../pic32mx/lib/size\libc.a(_iobfuncs.o)
                0x9d014b0c                _io_exit
 .text          0x9d014b4c        0x0 C:/Program Files/Microchip/MPLAB C32/bin/../lib/gcc/pic32mx/3.4.4/../../../../pic32mx/lib/size\libc.a(fputs.o)
 .text.fputs    0x9d014b4c       0x58 C:/Program Files/Microchip/MPLAB C32/bin/../lib/gcc/pic32mx/3.4.4/../../../../pic32mx/lib/size\libc.a(fputs.o)
                0x9d014b4c                fputs
 .text.puts     0x9d014ba4       0x54 C:/Program Files/Microchip/MPLAB C32/bin/../lib/gcc/pic32mx/3.4.4/../../../../pic32mx/lib/size\libc.a(fputs.o)
                0x9d014ba4                puts
 .text          0x9d014bf8        0x0 C:/Program Files/Microchip/MPLAB C32/bin/../lib/gcc/pic32mx/3.4.4/../../../../pic32mx/lib/size\libc.a(fwrite.o)
 .text.fwrite   0x9d014bf8       0x10 C:/Program Files/Microchip/MPLAB C32/bin/../lib/gcc/pic32mx/3.4.4/../../../../pic32mx/lib/size\libc.a(fwrite.o)
                0x9d014bf8                fwrite
 .text          0x9d014c08        0x0 C:/Program Files/Microchip/MPLAB C32/bin/../lib/gcc/pic32mx/3.4.4/../../../../pic32mx/lib/size\libc.a(ifprintf.o)
 .text._ifprintf
                0x9d014c08       0x24 C:/Program Files/Microchip/MPLAB C32/bin/../lib/gcc/pic32mx/3.4.4/../../../../pic32mx/lib/size\libc.a(ifprintf.o)
                0x9d014c08                _ifprintf
 .text          0x9d014c2c        0x0 C:/Program Files/Microchip/MPLAB C32/bin/../lib/gcc/pic32mx/3.4.4/../../../../pic32mx/lib/size\libc.a(stubs.o)
 .text._weak_pthread_mutex_init
                0x9d014c2c        0x8 C:/Program Files/Microchip/MPLAB C32/bin/../lib/gcc/pic32mx/3.4.4/../../../../pic32mx/lib/size\libc.a(stubs.o)
                0x9d014c2c                _weak_pthread_mutex_init
                0x9d014c2c                pthread_mutex_init
 .text._weak_pthread_mutex_destroy
                0x9d014c34        0x8 C:/Program Files/Microchip/MPLAB C32/bin/../lib/gcc/pic32mx/3.4.4/../../../../pic32mx/lib/size\libc.a(stubs.o)
                0x9d014c34                pthread_mutex_destroy
                0x9d014c34                _weak_pthread_mutex_destroy
 .text._weak_pthread_mutex_lock
                0x9d014c3c        0x8 C:/Program Files/Microchip/MPLAB C32/bin/../lib/gcc/pic32mx/3.4.4/../../../../pic32mx/lib/size\libc.a(stubs.o)
                0x9d014c3c                pthread_mutex_lock
                0x9d014c3c                _weak_pthread_mutex_lock
 .text._weak_pthread_mutex_trylock
                0x9d014c44        0x8 C:/Program Files/Microchip/MPLAB C32/bin/../lib/gcc/pic32mx/3.4.4/../../../../pic32mx/lib/size\libc.a(stubs.o)
                0x9d014c44                _weak_pthread_mutex_trylock
                0x9d014c44                pthread_mutex_trylock
 .text._weak_pthread_mutex_unlock
                0x9d014c4c        0x8 C:/Program Files/Microchip/MPLAB C32/bin/../lib/gcc/pic32mx/3.4.4/../../../../pic32mx/lib/size\libc.a(stubs.o)
                0x9d014c4c                pthread_mutex_unlock
                0x9d014c4c                _weak_pthread_mutex_unlock
 .text._weak_pthread_mutex_setname_np
                0x9d014c54        0x8 C:/Program Files/Microchip/MPLAB C32/bin/../lib/gcc/pic32mx/3.4.4/../../../../pic32mx/lib/size\libc.a(stubs.o)
                0x9d014c54                _weak_pthread_mutex_setname_np
                0x9d014c54                pthread_mutex_setname_np
 .text._weak_pthread_mutexattr_init
                0x9d014c5c        0x8 C:/Program Files/Microchip/MPLAB C32/bin/../lib/gcc/pic32mx/3.4.4/../../../../pic32mx/lib/size\libc.a(stubs.o)
                0x9d014c5c                pthread_mutexattr_init
                0x9d014c5c                _weak_pthread_mutexattr_init
 .text._weak_pthread_mutexattr_destroy
                0x9d014c64        0x8 C:/Program Files/Microchip/MPLAB C32/bin/../lib/gcc/pic32mx/3.4.4/../../../../pic32mx/lib/size\libc.a(stubs.o)
                0x9d014c64                _weak_pthread_mutexattr_destroy
                0x9d014c64                pthread_mutexattr_destroy
 .text._weak_pthread_mutexattr_setname_np
                0x9d014c6c        0x8 C:/Program Files/Microchip/MPLAB C32/bin/../lib/gcc/pic32mx/3.4.4/../../../../pic32mx/lib/size\libc.a(stubs.o)
                0x9d014c6c                pthread_mutexattr_setname_np
                0x9d014c6c                _weak_pthread_mutexattr_setname_np
 .text._weak_pthread_mutexattr_settype_np
                0x9d014c74        0x8 C:/Program Files/Microchip/MPLAB C32/bin/../lib/gcc/pic32mx/3.4.4/../../../../pic32mx/lib/size\libc.a(stubs.o)
                0x9d014c74                pthread_mutexattr_settype_np
                0x9d014c74                _weak_pthread_mutexattr_settype_np
 .text._weak_pthread_sysconf_np
                0x9d014c7c        0x8 C:/Program Files/Microchip/MPLAB C32/bin/../lib/gcc/pic32mx/3.4.4/../../../../pic32mx/lib/size\libc.a(stubs.o)
                0x9d014c7c                _weak_pthread_sysconf_np
                0x9d014c7c                pthread_sysconf_np
 .text._weak_pthread_sigdisable_np
                0x9d014c84        0x8 C:/Program Files/Microchip/MPLAB C32/bin/../lib/gcc/pic32mx/3.4.4/../../../../pic32mx/lib/size\libc.a(stubs.o)
                0x9d014c84                _weak_pthread_sigdisable_np
                0x9d014c84                pthread_sigdisable_np
 .text._weak_pthread_sigrestore_np
                0x9d014c8c        0x8 C:/Program Files/Microchip/MPLAB C32/bin/../lib/gcc/pic32mx/3.4.4/../../../../pic32mx/lib/size\libc.a(stubs.o)
                0x9d014c8c                pthread_sigrestore_np
                0x9d014c8c                _weak_pthread_sigrestore_np
 .text._weak__pthread_cleanup_push
                0x9d014c94        0x8 C:/Program Files/Microchip/MPLAB C32/bin/../lib/gcc/pic32mx/3.4.4/../../../../pic32mx/lib/size\libc.a(stubs.o)
                0x9d014c94                _weak__pthread_cleanup_push
                0x9d014c94                _pthread_cleanup_push
 .text._weak__pthread_cleanup_pop
                0x9d014c9c        0x8 C:/Program Files/Microchip/MPLAB C32/bin/../lib/gcc/pic32mx/3.4.4/../../../../pic32mx/lib/size\libc.a(stubs.o)
                0x9d014c9c                _pthread_cleanup_pop
                0x9d014c9c                _weak__pthread_cleanup_pop
 .text._weak__pthread_cleanup_push_defer
                0x9d014ca4        0x8 C:/Program Files/Microchip/MPLAB C32/bin/../lib/gcc/pic32mx/3.4.4/../../../../pic32mx/lib/size\libc.a(stubs.o)
                0x9d014ca4                _weak__pthread_cleanup_push_defer
                0x9d014ca4                _pthread_cleanup_push_defer
 .text._weak__pthread_cleanup_pop_restore
                0x9d014cac        0x8 C:/Program Files/Microchip/MPLAB C32/bin/../lib/gcc/pic32mx/3.4.4/../../../../pic32mx/lib/size\libc.a(stubs.o)
                0x9d014cac                _weak__pthread_cleanup_pop_restore
                0x9d014cac                _pthread_cleanup_pop_restore
 .text._weak_pthread_once
                0x9d014cb4       0x2c C:/Program Files/Microchip/MPLAB C32/bin/../lib/gcc/pic32mx/3.4.4/../../../../pic32mx/lib/size\libc.a(stubs.o)
                0x9d014cb4                _weak_pthread_once
                0x9d014cb4                _pthread_once
                0x9d014cb4                pthread_once
 .text._weak_pthread_key_create
                0x9d014ce0        0x8 C:/Program Files/Microchip/MPLAB C32/bin/../lib/gcc/pic32mx/3.4.4/../../../../pic32mx/lib/size\libc.a(stubs.o)
                0x9d014ce0                _weak_pthread_key_create
                0x9d014ce0                pthread_key_create
 .text._weak_pthread_setspecific
                0x9d014ce8        0x8 C:/Program Files/Microchip/MPLAB C32/bin/../lib/gcc/pic32mx/3.4.4/../../../../pic32mx/lib/size\libc.a(stubs.o)
                0x9d014ce8                pthread_setspecific
                0x9d014ce8                _weak_pthread_setspecific
 .text._weak_pthread_getspecific
                0x9d014cf0        0x8 C:/Program Files/Microchip/MPLAB C32/bin/../lib/gcc/pic32mx/3.4.4/../../../../pic32mx/lib/size\libc.a(stubs.o)
                0x9d014cf0                pthread_getspecific
                0x9d014cf0                _weak_pthread_getspecific
 .text._weak__libc_private_storage
                0x9d014cf8        0x8 C:/Program Files/Microchip/MPLAB C32/bin/../lib/gcc/pic32mx/3.4.4/../../../../pic32mx/lib/size\libc.a(stubs.o)
                0x9d014cf8                _libc_private_storage
                0x9d014cf8                _weak__libc_private_storage
 .text          0x9d014d00        0x0 C:/Program Files/Microchip/MPLAB C32/bin/../lib/gcc/pic32mx/3.4.4/../../../../pic32mx/lib/size\libc.a(default-bootstrap-exception-handler.o)
 .text._bootstrap_exception_handler
                0x9d014d00        0x8 C:/Program Files/Microchip/MPLAB C32/bin/../lib/gcc/pic32mx/3.4.4/../../../../pic32mx/lib/size\libc.a(default-bootstrap-exception-handler.o)
                0x9d014d00                _bootstrap_exception_handler
 .text          0x9d014d08        0x0 C:/Program Files/Microchip/MPLAB C32/bin/../lib/gcc/pic32mx/3.4.4/../../../../pic32mx/lib/size\libc.a(default-on-reset.o)
 .text._on_reset
                0x9d014d08        0x8 C:/Program Files/Microchip/MPLAB C32/bin/../lib/gcc/pic32mx/3.4.4/../../../../pic32mx/lib/size\libc.a(default-on-reset.o)
                0x9d014d08                _on_reset
 .text          0x9d014d10        0x0 C:/Program Files/Microchip/MPLAB C32/bin/../lib/gcc/pic32mx/3.4.4/../../../../pic32mx/lib/size\libc.a(default-on-bootstrap.o)
 .text._on_bootstrap
                0x9d014d10        0x8 C:/Program Files/Microchip/MPLAB C32/bin/../lib/gcc/pic32mx/3.4.4/../../../../pic32mx/lib/size\libc.a(default-on-bootstrap.o)
                0x9d014d10                _on_bootstrap
 .text          0x9d014d18       0x18 C:/Program Files/Microchip/MPLAB C32/bin/../lib/gcc/pic32mx/3.4.4/../../../../pic32mx/lib/size\libc.a(default-nmi-handler.o)
                0x9d014d18                _nmi_handler
 .text          0x9d014d30        0x0 C:/Program Files/Microchip/MPLAB C32/bin/../lib/gcc/pic32mx/3.4.4/../../../../pic32mx/lib/size\libc.a(_exit.o)
 .text._exit    0x9d014d30        0x8 C:/Program Files/Microchip/MPLAB C32/bin/../lib/gcc/pic32mx/3.4.4/../../../../pic32mx/lib/size\libc.a(_exit.o)
                0x9d014d30                _exit
 .text          0x9d014d38        0x0 C:/Program Files/Microchip/MPLAB C32/bin/../lib/gcc/pic32mx/3.4.4/../../../../pic32mx/lib/size\libc.a(malloc.o)
 .text.malloc_trim
                0x9d014d38      0x114 C:/Program Files/Microchip/MPLAB C32/bin/../lib/gcc/pic32mx/3.4.4/../../../../pic32mx/lib/size\libc.a(malloc.o)
                0x9d014d38                malloc_trim
 .text.free     0x9d014e4c      0x24c C:/Program Files/Microchip/MPLAB C32/bin/../lib/gcc/pic32mx/3.4.4/../../../../pic32mx/lib/size\libc.a(malloc.o)
                0x9d014e4c                free
 .text.malloc   0x9d015098      0x758 C:/Program Files/Microchip/MPLAB C32/bin/../lib/gcc/pic32mx/3.4.4/../../../../pic32mx/lib/size\libc.a(malloc.o)
                0x9d015098                malloc
 .text          0x9d0157f0        0x0 C:/Program Files/Microchip/MPLAB C32/bin/../lib/gcc/pic32mx/3.4.4/../../../../pic32mx/lib/size\libc.a(errno.o)
 .text          0x9d0157f0        0x0 C:/Program Files/Microchip/MPLAB C32/bin/../lib/gcc/pic32mx/3.4.4/../../../../pic32mx/lib/size\libc.a(fullexit.o)
 .text._fullexit
                0x9d0157f0       0xa4 C:/Program Files/Microchip/MPLAB C32/bin/../lib/gcc/pic32mx/3.4.4/../../../../pic32mx/lib/size\libc.a(fullexit.o)
                0x9d0157f0                _fullexit
 .text          0x9d015894        0x0 C:/Program Files/Microchip/MPLAB C32/bin/../lib/gcc/pic32mx/3.4.4/../../../../pic32mx/lib/size\libc.a(_idoprnt.o)
 .text.__isputn
                0x9d015894       0x70 C:/Program Files/Microchip/MPLAB C32/bin/../lib/gcc/pic32mx/3.4.4/../../../../pic32mx/lib/size\libc.a(_idoprnt.o)
 .text.irepl    0x9d015904       0x7c C:/Program Files/Microchip/MPLAB C32/bin/../lib/gcc/pic32mx/3.4.4/../../../../pic32mx/lib/size\libc.a(_idoprnt.o)
 .text._ioutcnvrt
                0x9d015980       0xe4 C:/Program Files/Microchip/MPLAB C32/bin/../lib/gcc/pic32mx/3.4.4/../../../../pic32mx/lib/size\libc.a(_idoprnt.o)
 .text._ivfprintf
                0x9d015a64      0x82c C:/Program Files/Microchip/MPLAB C32/bin/../lib/gcc/pic32mx/3.4.4/../../../../pic32mx/lib/size\libc.a(_idoprnt.o)
                0x9d015a64                _ivfprintf
 .text._io_exit
                0x9d016290       0x40 C:/Program Files/Microchip/MPLAB C32/bin/../lib/gcc/pic32mx/3.4.4/../../../../pic32mx/lib/size\libc.a(_idoprnt.o)
 .text          0x9d0162d0        0x0 C:/Program Files/Microchip/MPLAB C32/bin/../lib/gcc/pic32mx/3.4.4/../../../../pic32mx/lib/size\libc.a(sbrk.o)
 .text.getpagesize
                0x9d0162d0        0x8 C:/Program Files/Microchip/MPLAB C32/bin/../lib/gcc/pic32mx/3.4.4/../../../../pic32mx/lib/size\libc.a(sbrk.o)
                0x9d0162d0                getpagesize
 .text._stub_sbd_memlayout
                0x9d0162d8       0x2c C:/Program Files/Microchip/MPLAB C32/bin/../lib/gcc/pic32mx/3.4.4/../../../../pic32mx/lib/size\libc.a(sbrk.o)
                0x9d0162d8                _stub_sbd_memlayout
                0x9d0162d8                _sbd_memlayout
 .text._sbrk_init
                0x9d016304      0x168 C:/Program Files/Microchip/MPLAB C32/bin/../lib/gcc/pic32mx/3.4.4/../../../../pic32mx/lib/size\libc.a(sbrk.o)
                0x9d016304                _sbrk_init
 .text._sbrk    0x9d01646c       0xe8 C:/Program Files/Microchip/MPLAB C32/bin/../lib/gcc/pic32mx/3.4.4/../../../../pic32mx/lib/size\libc.a(sbrk.o)
                0x9d01646c                _sbrk
 .text.sbrk     0x9d016554       0x5c C:/Program Files/Microchip/MPLAB C32/bin/../lib/gcc/pic32mx/3.4.4/../../../../pic32mx/lib/size\libc.a(sbrk.o)
                0x9d016554                sbrk
 .text          0x9d0165b0        0x0 C:/Program Files/Microchip/MPLAB C32/bin/../lib/gcc/pic32mx/3.4.4/../../../../pic32mx/lib/size\libc.a(fputc.o)
 .text.fputc    0x9d0165b0       0xac C:/Program Files/Microchip/MPLAB C32/bin/../lib/gcc/pic32mx/3.4.4/../../../../pic32mx/lib/size\libc.a(fputc.o)
                0x9d0165b0                fputc
 .text.putc     0x9d01665c        0x8 C:/Program Files/Microchip/MPLAB C32/bin/../lib/gcc/pic32mx/3.4.4/../../../../pic32mx/lib/size\libc.a(fputc.o)
                0x9d01665c                putc
 .text.putchar  0x9d016664       0x10 C:/Program Files/Microchip/MPLAB C32/bin/../lib/gcc/pic32mx/3.4.4/../../../../pic32mx/lib/size\libc.a(fputc.o)
                0x9d016664                putchar
 .text          0x9d016674        0x0 C:/Program Files/Microchip/MPLAB C32/bin/../lib/gcc/pic32mx/3.4.4/../../../../pic32mx/lib/size\libmchp_peripheral.a(read_core_timer_lib.o)
 .text.ReadCoreTimer
                0x9d016674        0x8 C:/Program Files/Microchip/MPLAB C32/bin/../lib/gcc/pic32mx/3.4.4/../../../../pic32mx/lib/size\libmchp_peripheral.a(read_core_timer_lib.o)
                0x9d016674                ReadCoreTimer
 .text          0x9d01667c        0x0 C:/Program Files/Microchip/MPLAB C32/bin/../lib/gcc/pic32mx/3.4.4/../../../../pic32mx/lib/size\libmchp_peripheral_32MX795F512L.a(eth_ack_packet_lib.o)
 .text._EthAckPacket
                0x9d01667c      0x1ac C:/Program Files/Microchip/MPLAB C32/bin/../lib/gcc/pic32mx/3.4.4/../../../../pic32mx/lib/size\libmchp_peripheral_32MX795F512L.a(eth_ack_packet_lib.o)
                0x9d01667c                _EthAckPacket
 .text.EthTxAckBuffer
                0x9d016828       0x30 C:/Program Files/Microchip/MPLAB C32/bin/../lib/gcc/pic32mx/3.4.4/../../../../pic32mx/lib/size\libmchp_peripheral_32MX795F512L.a(eth_ack_packet_lib.o)
                0x9d016828                EthTxAckBuffer
 .text.EthTxAcknowledgeBuffer
                0x9d016858       0x30 C:/Program Files/Microchip/MPLAB C32/bin/../lib/gcc/pic32mx/3.4.4/../../../../pic32mx/lib/size\libmchp_peripheral_32MX795F512L.a(eth_ack_packet_lib.o)
                0x9d016858                EthTxAcknowledgeBuffer
 .text._EthRxAckBuffer
                0x9d016888      0x180 C:/Program Files/Microchip/MPLAB C32/bin/../lib/gcc/pic32mx/3.4.4/../../../../pic32mx/lib/size\libmchp_peripheral_32MX795F512L.a(eth_ack_packet_lib.o)
 .text.EthRxAckBuffer
                0x9d016a08       0x1c C:/Program Files/Microchip/MPLAB C32/bin/../lib/gcc/pic32mx/3.4.4/../../../../pic32mx/lib/size\libmchp_peripheral_32MX795F512L.a(eth_ack_packet_lib.o)
                0x9d016a08                EthRxAckBuffer
 .text.EthRxAcknowledgeBuffer
                0x9d016a24       0x1c C:/Program Files/Microchip/MPLAB C32/bin/../lib/gcc/pic32mx/3.4.4/../../../../pic32mx/lib/size\libmchp_peripheral_32MX795F512L.a(eth_ack_packet_lib.o)
                0x9d016a24                EthRxAcknowledgeBuffer
 .text          0x9d016a40        0x0 C:/Program Files/Microchip/MPLAB C32/bin/../lib/gcc/pic32mx/3.4.4/../../../../pic32mx/lib/size\libmchp_peripheral_32MX795F512L.a(eth_descriptors_add_lib.o)
 .text.EthDescriptorsPoolAdd
                0x9d016a40      0x158 C:/Program Files/Microchip/MPLAB C32/bin/../lib/gcc/pic32mx/3.4.4/../../../../pic32mx/lib/size\libmchp_peripheral_32MX795F512L.a(eth_descriptors_add_lib.o)
                0x9d016a40                EthDescriptorsPoolAdd
 .text.EthDescriptorsAdd
                0x9d016b98      0x14c C:/Program Files/Microchip/MPLAB C32/bin/../lib/gcc/pic32mx/3.4.4/../../../../pic32mx/lib/size\libmchp_peripheral_32MX795F512L.a(eth_descriptors_add_lib.o)
                0x9d016b98                EthDescriptorsAdd
 .text          0x9d016ce4        0x0 C:/Program Files/Microchip/MPLAB C32/bin/../lib/gcc/pic32mx/3.4.4/../../../../pic32mx/lib/size\libmchp_peripheral_32MX795F512L.a(eth_init_lib.o)
 .text.EthInit  0x9d016ce4       0xb0 C:/Program Files/Microchip/MPLAB C32/bin/../lib/gcc/pic32mx/3.4.4/../../../../pic32mx/lib/size\libmchp_peripheral_32MX795F512L.a(eth_init_lib.o)
                0x9d016ce4                EthInit
 .text          0x9d016d94        0x0 C:/Program Files/Microchip/MPLAB C32/bin/../lib/gcc/pic32mx/3.4.4/../../../../pic32mx/lib/size\libmchp_peripheral_32MX795F512L.a(eth_mac_open_lib.o)
 .text.EthMACOpen
                0x9d016d94       0xb4 C:/Program Files/Microchip/MPLAB C32/bin/../lib/gcc/pic32mx/3.4.4/../../../../pic32mx/lib/size\libmchp_peripheral_32MX795F512L.a(eth_mac_open_lib.o)
                0x9d016d94                EthMACOpen
 .text          0x9d016e48        0x0 C:/Program Files/Microchip/MPLAB C32/bin/../lib/gcc/pic32mx/3.4.4/../../../../pic32mx/lib/size\libmchp_peripheral_32MX795F512L.a(eth_mac_set_address_max_lib.o)
 .text.EthMACSetAddress
                0x9d016e48       0x4c C:/Program Files/Microchip/MPLAB C32/bin/../lib/gcc/pic32mx/3.4.4/../../../../pic32mx/lib/size\libmchp_peripheral_32MX795F512L.a(eth_mac_set_address_max_lib.o)
                0x9d016e48                EthMACSetAddress
 .text.EthMACGetAddress
                0x9d016e94       0x44 C:/Program Files/Microchip/MPLAB C32/bin/../lib/gcc/pic32mx/3.4.4/../../../../pic32mx/lib/size\libmchp_peripheral_32MX795F512L.a(eth_mac_set_address_max_lib.o)
                0x9d016e94                EthMACGetAddress
 .text.EthMACSetMaxFrame
                0x9d016ed8       0x14 C:/Program Files/Microchip/MPLAB C32/bin/../lib/gcc/pic32mx/3.4.4/../../../../pic32mx/lib/size\libmchp_peripheral_32MX795F512L.a(eth_mac_set_address_max_lib.o)
                0x9d016ed8                EthMACSetMaxFrame
 .text          0x9d016eec        0x0 C:/Program Files/Microchip/MPLAB C32/bin/../lib/gcc/pic32mx/3.4.4/../../../../pic32mx/lib/size\libmchp_peripheral_32MX795F512L.a(eth_rx_buffers_append_lib.o)
 .text.EthRxBuffersAppend
                0x9d016eec      0x220 C:/Program Files/Microchip/MPLAB C32/bin/../lib/gcc/pic32mx/3.4.4/../../../../pic32mx/lib/size\libmchp_peripheral_32MX795F512L.a(eth_rx_buffers_append_lib.o)
                0x9d016eec                EthRxBuffersAppend
 .text          0x9d01710c        0x0 C:/Program Files/Microchip/MPLAB C32/bin/../lib/gcc/pic32mx/3.4.4/../../../../pic32mx/lib/size\libmchp_peripheral_32MX795F512L.a(eth_rx_filters_lib.o)
 .text.EthRxFiltersSet
                0x9d01710c       0x10 C:/Program Files/Microchip/MPLAB C32/bin/../lib/gcc/pic32mx/3.4.4/../../../../pic32mx/lib/size\libmchp_peripheral_32MX795F512L.a(eth_rx_filters_lib.o)
                0x9d01710c                EthRxFiltersSet
 .text.EthRxFiltersClr
                0x9d01711c       0x10 C:/Program Files/Microchip/MPLAB C32/bin/../lib/gcc/pic32mx/3.4.4/../../../../pic32mx/lib/size\libmchp_peripheral_32MX795F512L.a(eth_rx_filters_lib.o)
                0x9d01711c                EthRxFiltersClr
 .text.EthRxFiltersWrite
                0x9d01712c       0x10 C:/Program Files/Microchip/MPLAB C32/bin/../lib/gcc/pic32mx/3.4.4/../../../../pic32mx/lib/size\libmchp_peripheral_32MX795F512L.a(eth_rx_filters_lib.o)
                0x9d01712c                EthRxFiltersWrite
 .text.EthRxFiltersHTSet
                0x9d01713c       0x1c C:/Program Files/Microchip/MPLAB C32/bin/../lib/gcc/pic32mx/3.4.4/../../../../pic32mx/lib/size\libmchp_peripheral_32MX795F512L.a(eth_rx_filters_lib.o)
                0x9d01713c                EthRxFiltersHTSet
 .text.EthRxFiltersPMSet
                0x9d017158       0x7c C:/Program Files/Microchip/MPLAB C32/bin/../lib/gcc/pic32mx/3.4.4/../../../../pic32mx/lib/size\libmchp_peripheral_32MX795F512L.a(eth_rx_filters_lib.o)
                0x9d017158                EthRxFiltersPMSet
 .text.EthRxFiltersPMClr
                0x9d0171d4       0x14 C:/Program Files/Microchip/MPLAB C32/bin/../lib/gcc/pic32mx/3.4.4/../../../../pic32mx/lib/size\libmchp_peripheral_32MX795F512L.a(eth_rx_filters_lib.o)
                0x9d0171d4                EthRxFiltersPMClr
 .text          0x9d0171e8        0x0 C:/Program Files/Microchip/MPLAB C32/bin/../lib/gcc/pic32mx/3.4.4/../../../../pic32mx/lib/size\libmchp_peripheral_32MX795F512L.a(eth_rx_get_packet_lib.o)
 .text.EthRxGetPacket
                0x9d0171e8      0x178 C:/Program Files/Microchip/MPLAB C32/bin/../lib/gcc/pic32mx/3.4.4/../../../../pic32mx/lib/size\libmchp_peripheral_32MX795F512L.a(eth_rx_get_packet_lib.o)
                0x9d0171e8                EthRxGetPacket
 .text.EthRxGetBuffer
                0x9d017360       0x3c C:/Program Files/Microchip/MPLAB C32/bin/../lib/gcc/pic32mx/3.4.4/../../../../pic32mx/lib/size\libmchp_peripheral_32MX795F512L.a(eth_rx_get_packet_lib.o)
                0x9d017360                EthRxGetBuffer
 .text          0x9d01739c        0x0 C:/Program Files/Microchip/MPLAB C32/bin/../lib/gcc/pic32mx/3.4.4/../../../../pic32mx/lib/size\libmchp_peripheral_32MX795F512L.a(eth_rx_set_buffer_size_lib.o)
 .text.EthRxSetBufferSize
                0x9d01739c       0x30 C:/Program Files/Microchip/MPLAB C32/bin/../lib/gcc/pic32mx/3.4.4/../../../../pic32mx/lib/size\libmchp_peripheral_32MX795F512L.a(eth_rx_set_buffer_size_lib.o)
                0x9d01739c                EthRxSetBufferSize
 .text          0x9d0173cc        0x0 C:/Program Files/Microchip/MPLAB C32/bin/../lib/gcc/pic32mx/3.4.4/../../../../pic32mx/lib/size\libmchp_peripheral_32MX795F512L.a(eth_tx_packet_lib.o)
 .text._EthTxSchedBuffer
                0x9d0173cc       0xac C:/Program Files/Microchip/MPLAB C32/bin/../lib/gcc/pic32mx/3.4.4/../../../../pic32mx/lib/size\libmchp_peripheral_32MX795F512L.a(eth_tx_packet_lib.o)
 .text._EthTxSchedList
                0x9d017478       0x9c C:/Program Files/Microchip/MPLAB C32/bin/../lib/gcc/pic32mx/3.4.4/../../../../pic32mx/lib/size\libmchp_peripheral_32MX795F512L.a(eth_tx_packet_lib.o)
 .text.EthTxSendBuffer
                0x9d017514       0xbc C:/Program Files/Microchip/MPLAB C32/bin/../lib/gcc/pic32mx/3.4.4/../../../../pic32mx/lib/size\libmchp_peripheral_32MX795F512L.a(eth_tx_packet_lib.o)
                0x9d017514                EthTxSendBuffer
 .text.EthTxSendPacket
                0x9d0175d0      0x144 C:/Program Files/Microchip/MPLAB C32/bin/../lib/gcc/pic32mx/3.4.4/../../../../pic32mx/lib/size\libmchp_peripheral_32MX795F512L.a(eth_tx_packet_lib.o)
                0x9d0175d0                EthTxSendPacket
 .text._EthFindPacket
                0x9d017714       0x44 C:/Program Files/Microchip/MPLAB C32/bin/../lib/gcc/pic32mx/3.4.4/../../../../pic32mx/lib/size\libmchp_peripheral_32MX795F512L.a(eth_tx_packet_lib.o)
                0x9d017714                _EthFindPacket
 .text.EthTxGetBufferStatus
                0x9d017758       0x68 C:/Program Files/Microchip/MPLAB C32/bin/../lib/gcc/pic32mx/3.4.4/../../../../pic32mx/lib/size\libmchp_peripheral_32MX795F512L.a(eth_tx_packet_lib.o)
                0x9d017758                EthTxGetBufferStatus
 .text          0x9d0177c0        0x0 C:/Program Files/Microchip/MPLAB C32/bin/../lib/gcc/pic32mx/3.4.4/../../../../pic32mx/lib/size\libmchp_peripheral_32MX795F512L.a(_eth_append_busy_list_lib.o)
 .text._EthAppendBusyList
                0x9d0177c0      0x17c C:/Program Files/Microchip/MPLAB C32/bin/../lib/gcc/pic32mx/3.4.4/../../../../pic32mx/lib/size\libmchp_peripheral_32MX795F512L.a(_eth_append_busy_list_lib.o)
                0x9d0177c0                _EthAppendBusyList
 .text          0x9d01793c        0x0 C:/Program Files/Microchip/MPLAB C32/bin/../lib/gcc/pic32mx/3.4.4/../../../../pic32mx/lib/size\libmchp_peripheral_32MX795F512L.a(eth_miim_access.o)
 .text.EthMIIMReadStart
                0x9d01793c       0x40 C:/Program Files/Microchip/MPLAB C32/bin/../lib/gcc/pic32mx/3.4.4/../../../../pic32mx/lib/size\libmchp_peripheral_32MX795F512L.a(eth_miim_access.o)
                0x9d01793c                EthMIIMReadStart
 .text.EthMIIMReadResult
                0x9d01797c       0x28 C:/Program Files/Microchip/MPLAB C32/bin/../lib/gcc/pic32mx/3.4.4/../../../../pic32mx/lib/size\libmchp_peripheral_32MX795F512L.a(eth_miim_access.o)
                0x9d01797c                EthMIIMReadResult
 .text.EthMIIMWriteStart
                0x9d0179a4       0x38 C:/Program Files/Microchip/MPLAB C32/bin/../lib/gcc/pic32mx/3.4.4/../../../../pic32mx/lib/size\libmchp_peripheral_32MX795F512L.a(eth_miim_access.o)
                0x9d0179a4                EthMIIMWriteStart
 .text.EthMIIMScanStart
                0x9d0179dc       0x34 C:/Program Files/Microchip/MPLAB C32/bin/../lib/gcc/pic32mx/3.4.4/../../../../pic32mx/lib/size\libmchp_peripheral_32MX795F512L.a(eth_miim_access.o)
                0x9d0179dc                EthMIIMScanStart
 .text.EthMIIMScanResult
                0x9d017a10       0x20 C:/Program Files/Microchip/MPLAB C32/bin/../lib/gcc/pic32mx/3.4.4/../../../../pic32mx/lib/size\libmchp_peripheral_32MX795F512L.a(eth_miim_access.o)
                0x9d017a10                EthMIIMScanResult
 .text.EthMIIMConfig
                0x9d017a30       0x68 C:/Program Files/Microchip/MPLAB C32/bin/../lib/gcc/pic32mx/3.4.4/../../../../pic32mx/lib/size\libmchp_peripheral_32MX795F512L.a(eth_miim_access.o)
                0x9d017a30                EthMIIMConfig
 .text          0x9d017a98        0x0 C:/Program Files/Microchip/MPLAB C32/bin/../lib/gcc/pic32mx/3.4.4/../../../../pic32mx/lib/size\libmchp_peripheral_32MX795F512L.a(soft_reset_lib.o)
 .text.SoftReset
                0x9d017a98       0x78 C:/Program Files/Microchip/MPLAB C32/bin/../lib/gcc/pic32mx/3.4.4/../../../../pic32mx/lib/size\libmchp_peripheral_32MX795F512L.a(soft_reset_lib.o)
                0x9d017a98                SoftReset
 .text          0x9d017b10        0x0 C:/Program Files/Microchip/MPLAB C32/bin/../lib/gcc/pic32mx/3.4.4/../../../../pic32mx/lib/size\libmchp_peripheral_32MX795F512L.a(pcache.o)
 .text.CheKseg0CacheOff
                0x9d017b10       0x18 C:/Program Files/Microchip/MPLAB C32/bin/../lib/gcc/pic32mx/3.4.4/../../../../pic32mx/lib/size\libmchp_peripheral_32MX795F512L.a(pcache.o)
                0x9d017b10                CheKseg0CacheOff
 .text.CheKseg0CacheOn
                0x9d017b28       0x18 C:/Program Files/Microchip/MPLAB C32/bin/../lib/gcc/pic32mx/3.4.4/../../../../pic32mx/lib/size\libmchp_peripheral_32MX795F512L.a(pcache.o)
                0x9d017b28                CheKseg0CacheOn
 .text          0x9d017b40        0x0 C:/Program Files/Microchip/MPLAB C32/bin/../lib/gcc/pic32mx/3.4.4/../../../../pic32mx/lib/size\libmchp_peripheral_32MX795F512L.a(int_disable_interrupts_lib.o)
 .text.INTDisableInterrupts
                0x9d017b40        0x8 C:/Program Files/Microchip/MPLAB C32/bin/../lib/gcc/pic32mx/3.4.4/../../../../pic32mx/lib/size\libmchp_peripheral_32MX795F512L.a(int_disable_interrupts_lib.o)
                0x9d017b40                INTDisableInterrupts
 .text          0x9d017b48        0x0 C:/Program Files/Microchip/MPLAB C32/bin/../lib/gcc/pic32mx/3.4.4/../../../../pic32mx/lib/size\libmchp_peripheral_32MX795F512L.a(int_restore_interrupts_lib.o)
 .text.INTRestoreInterrupts
                0x9d017b48       0x1c C:/Program Files/Microchip/MPLAB C32/bin/../lib/gcc/pic32mx/3.4.4/../../../../pic32mx/lib/size\libmchp_peripheral_32MX795F512L.a(int_restore_interrupts_lib.o)
                0x9d017b48                INTRestoreInterrupts
 .text          0x9d017b64        0x0 C:/Program Files/Microchip/MPLAB C32/bin/../lib/gcc/pic32mx/3.4.4/../../../../pic32mx/lib/size\libmchp_peripheral_32MX795F512L.a(int_enable_mv_int_lib.o)
 .text.INTEnableSystemMultiVectoredInt
                0x9d017b64       0x34 C:/Program Files/Microchip/MPLAB C32/bin/../lib/gcc/pic32mx/3.4.4/../../../../pic32mx/lib/size\libmchp_peripheral_32MX795F512L.a(int_enable_mv_int_lib.o)
                0x9d017b64                INTEnableSystemMultiVectoredInt
 .text          0x9d017b98        0x0 C:/Program Files/Microchip/MPLAB C32/bin/../lib/gcc/pic32mx/3.4.4/../../../../pic32mx/lib/size\libmchp_peripheral_32MX795F512L.a(int_tbl_lib.o)
 .text.INTClearFlag
                0x9d017b98       0x28 C:/Program Files/Microchip/MPLAB C32/bin/../lib/gcc/pic32mx/3.4.4/../../../../pic32mx/lib/size\libmchp_peripheral_32MX795F512L.a(int_tbl_lib.o)
                0x9d017b98                INTClearFlag
 .text.INTSetFlag
                0x9d017bc0       0x28 C:/Program Files/Microchip/MPLAB C32/bin/../lib/gcc/pic32mx/3.4.4/../../../../pic32mx/lib/size\libmchp_peripheral_32MX795F512L.a(int_tbl_lib.o)
                0x9d017bc0                INTSetFlag
 .text.INTGetFlag
                0x9d017be8       0x28 C:/Program Files/Microchip/MPLAB C32/bin/../lib/gcc/pic32mx/3.4.4/../../../../pic32mx/lib/size\libmchp_peripheral_32MX795F512L.a(int_tbl_lib.o)
                0x9d017be8                INTGetFlag
 .text.INTEnable
                0x9d017c10       0x38 C:/Program Files/Microchip/MPLAB C32/bin/../lib/gcc/pic32mx/3.4.4/../../../../pic32mx/lib/size\libmchp_peripheral_32MX795F512L.a(int_tbl_lib.o)
                0x9d017c10                INTEnable
 .text.INTGetEnable
                0x9d017c48       0x28 C:/Program Files/Microchip/MPLAB C32/bin/../lib/gcc/pic32mx/3.4.4/../../../../pic32mx/lib/size\libmchp_peripheral_32MX795F512L.a(int_tbl_lib.o)
                0x9d017c48                INTGetEnable
 .text.INTSetVectorPriority
                0x9d017c70       0x3c C:/Program Files/Microchip/MPLAB C32/bin/../lib/gcc/pic32mx/3.4.4/../../../../pic32mx/lib/size\libmchp_peripheral_32MX795F512L.a(int_tbl_lib.o)
                0x9d017c70                INTSetVectorPriority
 .text.INTGetVectorPriority
                0x9d017cac       0x2c C:/Program Files/Microchip/MPLAB C32/bin/../lib/gcc/pic32mx/3.4.4/../../../../pic32mx/lib/size\libmchp_peripheral_32MX795F512L.a(int_tbl_lib.o)
                0x9d017cac                INTGetVectorPriority
 .text.INTSetVectorSubPriority
                0x9d017cd8       0x3c C:/Program Files/Microchip/MPLAB C32/bin/../lib/gcc/pic32mx/3.4.4/../../../../pic32mx/lib/size\libmchp_peripheral_32MX795F512L.a(int_tbl_lib.o)
                0x9d017cd8                INTSetVectorSubPriority
 .text.INTGetVectorSubPriority
                0x9d017d14       0x2c C:/Program Files/Microchip/MPLAB C32/bin/../lib/gcc/pic32mx/3.4.4/../../../../pic32mx/lib/size\libmchp_peripheral_32MX795F512L.a(int_tbl_lib.o)
                0x9d017d14                INTGetVectorSubPriority
 .text          0x9d017d40        0x0 C:/Program Files/Microchip/MPLAB C32/bin/../lib/gcc/pic32mx/3.4.4/../../../../pic32mx/lib/size\libmchp_peripheral_32MX795F512L.a(spi_chn_getc_lib.o)
 .text.SpiChnGetC
                0x9d017d40       0x50 C:/Program Files/Microchip/MPLAB C32/bin/../lib/gcc/pic32mx/3.4.4/../../../../pic32mx/lib/size\libmchp_peripheral_32MX795F512L.a(spi_chn_getc_lib.o)
                0x9d017d40                SpiChnGetC
 .text.SpiChnReadC
                0x9d017d90       0x20 C:/Program Files/Microchip/MPLAB C32/bin/../lib/gcc/pic32mx/3.4.4/../../../../pic32mx/lib/size\libmchp_peripheral_32MX795F512L.a(spi_chn_getc_lib.o)
                0x9d017d90                SpiChnReadC
 .text          0x9d017db0        0x0 C:/Program Files/Microchip/MPLAB C32/bin/../lib/gcc/pic32mx/3.4.4/../../../../pic32mx/lib/size\libmchp_peripheral_32MX795F512L.a(spi_chn_open_lib.o)
 .text.SpiChnOpen
                0x9d017db0      0x144 C:/Program Files/Microchip/MPLAB C32/bin/../lib/gcc/pic32mx/3.4.4/../../../../pic32mx/lib/size\libmchp_peripheral_32MX795F512L.a(spi_chn_open_lib.o)
                0x9d017db0                SpiChnOpen
 .text          0x9d017ef4        0x0 C:/Program Files/Microchip/MPLAB C32/bin/../lib/gcc/pic32mx/3.4.4/../../../../pic32mx/lib/size\libmchp_peripheral_32MX795F512L.a(spi_chn_putc_lib.o)
 .text.SpiChnPutC
                0x9d017ef4       0x50 C:/Program Files/Microchip/MPLAB C32/bin/../lib/gcc/pic32mx/3.4.4/../../../../pic32mx/lib/size\libmchp_peripheral_32MX795F512L.a(spi_chn_putc_lib.o)
                0x9d017ef4                SpiChnPutC
 .text.SpiChnWriteC
                0x9d017f44       0x20 C:/Program Files/Microchip/MPLAB C32/bin/../lib/gcc/pic32mx/3.4.4/../../../../pic32mx/lib/size\libmchp_peripheral_32MX795F512L.a(spi_chn_putc_lib.o)
                0x9d017f44                SpiChnWriteC
 .text.SpiChnBuffer
                0x9d017f64       0x1c C:/Program Files/Microchip/MPLAB C32/bin/../lib/gcc/pic32mx/3.4.4/../../../../pic32mx/lib/size\libmchp_peripheral_32MX795F512L.a(spi_chn_putc_lib.o)
                0x9d017f64                SpiChnBuffer
 .text          0x9d017f80        0x0 C:/Program Files/Microchip/MPLAB C32/bin/../lib/gcc/pic32mx/3.4.4/../../../../pic32mx/lib/size\libmchp_peripheral_32MX795F512L.a(spi_chn_configure_lib.o)
 .text.SpiChnConfigure
                0x9d017f80       0x38 C:/Program Files/Microchip/MPLAB C32/bin/../lib/gcc/pic32mx/3.4.4/../../../../pic32mx/lib/size\libmchp_peripheral_32MX795F512L.a(spi_chn_configure_lib.o)
                0x9d017f80                SpiChnConfigure
 .text          0x9d017fb8        0x0 C:/Program Files/Microchip/MPLAB C32/bin/../lib/gcc/pic32mx/3.4.4/../../../../pic32mx/lib/size\libmchp_peripheral_32MX795F512L.a(spi_chn_enable_lib.o)
 .text.SpiChnEnable
                0x9d017fb8       0x38 C:/Program Files/Microchip/MPLAB C32/bin/../lib/gcc/pic32mx/3.4.4/../../../../pic32mx/lib/size\libmchp_peripheral_32MX795F512L.a(spi_chn_enable_lib.o)
                0x9d017fb8                SpiChnEnable
 .text          0x9d017ff0        0x0 C:/Program Files/Microchip/MPLAB C32/bin/../lib/gcc/pic32mx/3.4.4/../../../../pic32mx/lib/size\libmchp_peripheral_32MX795F512L.a(spi_io_tbl_libp.o)
 .text          0x9d017ff0        0x0 C:/Program Files/Microchip/MPLAB C32/bin/../lib/gcc/pic32mx/3.4.4/../../../../pic32mx/lib/size\libmchp_peripheral_32MX795F512L.a(spi_map_tbl_libp.o)
 .text          0x9d017ff0        0x0 C:/Program Files/Microchip/MPLAB C32/bin/../lib/gcc/pic32mx/3.4.4/../../../../pic32mx/lib/size\libmchp_peripheral_32MX795F512L.a(port_set_pins_digital_in_lib.o)
 .text.PORTSetPinsDigitalIn
                0x9d017ff0       0x3c C:/Program Files/Microchip/MPLAB C32/bin/../lib/gcc/pic32mx/3.4.4/../../../../pic32mx/lib/size\libmchp_peripheral_32MX795F512L.a(port_set_pins_digital_in_lib.o)
                0x9d017ff0                PORTSetPinsDigitalIn
 .text          0x9d01802c        0x0 C:/Program Files/Microchip/MPLAB C32/bin/../lib/gcc/pic32mx/3.4.4/../../../../pic32mx/lib/size\libmchp_peripheral_32MX795F512L.a(port_set_pins_digital_out_lib.o)
 .text.PORTSetPinsDigitalOut
                0x9d01802c       0x3c C:/Program Files/Microchip/MPLAB C32/bin/../lib/gcc/pic32mx/3.4.4/../../../../pic32mx/lib/size\libmchp_peripheral_32MX795F512L.a(port_set_pins_digital_out_lib.o)
                0x9d01802c                PORTSetPinsDigitalOut
 .text          0x9d018068        0x0 C:/Program Files/Microchip/MPLAB C32/bin/../lib/gcc/pic32mx/3.4.4/../../../../pic32mx/lib/size\libmchp_peripheral_32MX795F512L.a(_ports_tbl_libp.o)
 .text          0x9d018068        0x0 C:/Program Files/Microchip/MPLAB C32/bin/../lib/gcc/pic32mx/3.4.4/../../../../pic32mx/lib/size\libmchp_peripheral_32MX795F512L.a(int_enable_interrupts_lib.o)
 .text.INTEnableInterrupts
                0x9d018068        0x8 C:/Program Files/Microchip/MPLAB C32/bin/../lib/gcc/pic32mx/3.4.4/../../../../pic32mx/lib/size\libmchp_peripheral_32MX795F512L.a(int_enable_interrupts_lib.o)
                0x9d018068                INTEnableInterrupts
 .text          0x9d018070      0x4ac C:/Program Files/Microchip/MPLAB C32/bin/../lib/gcc/pic32mx/3.4.4/size\libgcc.a(_umoddi3.o)
                0x9d018070                __umoddi3
 .text          0x9d01851c        0x0 C:/Program Files/Microchip/MPLAB C32/bin/../lib/gcc/pic32mx/3.4.4/../../../../pic32mx/lib/./proc/32MX795F512L\processor.o
 *(.text.*personality*)
 *(.gnu.warning)
 *(.mips16.fn.*)
 *(.mips16.call.*)
                0x9d01851c                _text_end = .

.rodata         0x9d018520     0x1a14
 *(.rodata .rodata.* .gnu.linkonce.r.*)
 .rodata        0x9d018520        0x8 ETHPIC32IntMac.o
 .rodata        0x9d018528       0x88 TCP.o
                0x9d018528                TCPSocketInitializer
 .rodata        0x9d0185b0      0x100 MainDemo.o
 .rodata        0x9d0186b0       0x24 comTools.o
 *fill*         0x9d0186d4        0x4 00
 .rodata        0x9d0186d8      0xb50 SmartWall.o
 .rodata        0x9d019228      0x17c SmartWallSockets.o
 .rodata        0x9d0193a4       0x84 swOutlet.o
 .rodata        0x9d019428      0x104 C:/Program Files/Microchip/MPLAB C32/bin/../lib/gcc/pic32mx/3.4.4/../../../../pic32mx/lib/size\libc.a(ctype.o)
                0x9d019428                _ctype
 .rodata        0x9d01952c       0x14 C:/Program Files/Microchip/MPLAB C32/bin/../lib/gcc/pic32mx/3.4.4/../../../../pic32mx/lib/size\libc.a(_iobdata.o)
                0x9d01952c                _io_funcs
 .rodata.str1.4
                0x9d019540        0x2 C:/Program Files/Microchip/MPLAB C32/bin/../lib/gcc/pic32mx/3.4.4/../../../../pic32mx/lib/size\libc.a(fputs.o)
                                  0x4 (size before relaxing)
 *fill*         0x9d019542        0x2 00
 .rodata        0x9d019544       0xf4 C:/Program Files/Microchip/MPLAB C32/bin/../lib/gcc/pic32mx/3.4.4/../../../../pic32mx/lib/size\libc.a(_idoprnt.o)
 .rodata.str1.4
                0x9d019638       0x10 C:/Program Files/Microchip/MPLAB C32/bin/../lib/gcc/pic32mx/3.4.4/../../../../pic32mx/lib/size\libc.a(_idoprnt.o)
 .rodata        0x9d019648       0x10 C:/Program Files/Microchip/MPLAB C32/bin/../lib/gcc/pic32mx/3.4.4/../../../../pic32mx/lib/size\libmchp_peripheral_32MX795F512L.a(eth_miim_access.o)
 .rodata        0x9d019658      0x7d4 C:/Program Files/Microchip/MPLAB C32/bin/../lib/gcc/pic32mx/3.4.4/../../../../pic32mx/lib/size\libmchp_peripheral_32MX795F512L.a(int_tbl_lib.o)
                0x9d019658                __IntVectorTbl
                0x9d019910                __IntSrcTbl
 .rodata        0x9d019e2c       0xa0 C:/Program Files/Microchip/MPLAB C32/bin/../lib/gcc/pic32mx/3.4.4/../../../../pic32mx/lib/size\libmchp_peripheral_32MX795F512L.a(spi_io_tbl_libp.o)
                0x9d019e2c                _SpiIoTbl
 .rodata        0x9d019ecc       0x14 C:/Program Files/Microchip/MPLAB C32/bin/../lib/gcc/pic32mx/3.4.4/../../../../pic32mx/lib/size\libmchp_peripheral_32MX795F512L.a(spi_map_tbl_libp.o)
                0x9d019ecc                _SpiMapTbl
 .rodata        0x9d019ee0       0x54 C:/Program Files/Microchip/MPLAB C32/bin/../lib/gcc/pic32mx/3.4.4/../../../../pic32mx/lib/size\libmchp_peripheral_32MX795F512L.a(_ports_tbl_libp.o)
                0x9d019ee0                PortRegTbl
 *(.rodata1)
                0x9d019f34                . = ALIGN (0x4)

.sdata2         0x9d019f34        0x0
 *(.sdata2 .sdata2.* .gnu.linkonce.s2.*)
                0x9d019f34                . = ALIGN (0x4)

.sbss2          0x9d019f34        0x0
 *(.sbss2 .sbss2.* .gnu.linkonce.sb2.*)
                0x9d019f34                . = ALIGN (0x4)

.eh_frame_hdr
 *(.eh_frame_hdr)

.eh_frame       0x9d019f34       0x40
 *(.eh_frame)
 .eh_frame      0x9d019f34       0x20 C:/Program Files/Microchip/MPLAB C32/bin/../lib/gcc/pic32mx/3.4.4/size\libgcc.a(_udivdi3.o)
 .eh_frame      0x9d019f54       0x20 C:/Program Files/Microchip/MPLAB C32/bin/../lib/gcc/pic32mx/3.4.4/size\libgcc.a(_umoddi3.o)

.dbg_data       0xa0000000        0x0
                0xa0000000                . = (. + DEFINED (_DEBUGGER)?0x200:0x0)

.persist        0xa0000000        0x0
                0xa0000000                _persist_begin = .
 *(.persist .persist.*)
                0xa0000000                _persist_end = .

.data           0xa0000000      0x524 load address 0x9d019f74
                0xa0000000                _data_begin = .
 *(.data .data.* .gnu.linkonce.d.*)
 .data          0xa0000000        0x0 C:/Program Files/Microchip/MPLAB C32/bin/../lib/gcc/pic32mx/3.4.4/../../../../pic32mx/lib/size/crt0.o
 .data          0xa0000000        0x0 Announce.o
 .data          0xa0000000        0x0 ARCFOUR.o
 .data          0xa0000000        0x0 ARP.o
 .data          0xa0000000        0x0 AutoIP.o
 .data          0xa0000000        0x0 BerkeleyAPI.o
 .data          0xa0000000        0x0 BigInt.o
 .data          0xa0000000        0x0 Delay.o
 .data          0xa0000000        0x0 DHCP.o
 .data          0xa0000000        0x0 DHCPs.o
 .data          0xa0000000        0x0 DNS.o
 .data          0xa0000000        0x0 DNSs.o
 .data          0xa0000000        0x0 DynDNS.o
 .data          0xa0000000        0x0 ENC28J60.o
 .data          0xa0000000        0x0 ENCX24J600.o
 .data          0xa0000000        0x0 ETHPIC32ExtPhy.o
 .data          0xa0000000        0x0 ETHPIC32ExtPhyDP83848.o
 .data          0xa0000000        0x0 ETHPIC32IntMac.o
 .data          0xa0000000        0x0 FileSystem.o
 .data          0xa0000000        0x0 FTP.o
 .data          0xa0000000        0x0 Hashes.o
 .data          0xa0000000        0x0 Helpers.o
 .data          0xa0000000        0x0 HTTP2.o
 .data          0xa0000000        0x0 HTTP.o
 .data          0xa0000000        0x0 ICMP.o
 .data          0xa0000000        0x0 IP.o
 .data          0xa0000000        0x0 LCDBlocking.o
 .data          0xa0000000        0x0 MPFS2.o
 .data          0xa0000000        0x0 MPFS.o
 .data          0xa0000000        0x0 NBNS.o
 .data          0xa0000000        0x0 Random.o
 .data          0xa0000000        0x0 Reboot.o
 .data          0xa0000000        0x0 RSA.o
 .data          0xa0000000        0x0 SMTP.o
 .data          0xa0000000        0x0 SNMP.o
 .data          0xa0000000        0x0 SNMPv3.o
 .data          0xa0000000        0x0 SNMPv3USM.o
 .data          0xa0000000        0x0 SNTP.o
 .data          0xa0000000        0x0 SPIEEPROM.o
 .data          0xa0000000        0x0 SPIFlash.o
 .data          0xa0000000        0x0 SPIRAM.o
 .data          0xa0000000        0x0 SSL.o
 .data          0xa0000000        0x0 StackTsk.o
 .data          0xa0000000        0x0 TCP.o
 .data          0xa0000000        0x0 TCPPerformanceTest.o
 .data          0xa0000000        0x0 Telnet.o
 .data          0xa0000000        0x0 TFTPc.o
 .data          0xa0000000        0x0 Tick.o
 .data          0xa0000000        0x0 UART2TCPBridge.o
 .data          0xa0000000        0x0 UART.o
 .data          0xa0000000        0x0 UDP.o
 .data          0xa0000000        0x0 UDPPerformanceTest.o
 .data          0xa0000000        0x0 ZeroconfHelper.o
 .data          0xa0000000        0x0 ZeroconfLinkLocal.o
 .data          0xa0000000        0x0 ZeroconfMulticastDNS.o
 .data          0xa0000000        0x0 MainDemo.o
 .data          0xa0000000        0x0 BigInt_helper_C32.o
 .data          0xa0000000        0x0 swDevice.o
 .data          0xa0000000        0x0 comTools.o
 .data          0xa0000000        0x0 SmartWall.o
 .data          0xa0000000        0x0 SmartWallSockets.o
 .data          0xa0000000        0x0 swOutlet.o
 .data          0xa0000000        0x0 C:/Program Files/Microchip/MPLAB C32/bin/../lib/gcc/pic32mx/3.4.4/size\libgcc.a(_udivdi3.o)
 .data          0xa0000000        0x0 C:/Program Files/Microchip/MPLAB C32/bin/../lib/gcc/pic32mx/3.4.4/../../../../pic32mx/lib/size\libdebug.a(db_utils.o)
 .data          0xa0000000        0x0 C:/Program Files/Microchip/MPLAB C32/bin/../lib/gcc/pic32mx/3.4.4/../../../../pic32mx/lib/size\libc.a(memcmp.o)
 .data          0xa0000000        0x0 C:/Program Files/Microchip/MPLAB C32/bin/../lib/gcc/pic32mx/3.4.4/../../../../pic32mx/lib/size\libc.a(memcpy.o)
 .data          0xa0000000        0x0 C:/Program Files/Microchip/MPLAB C32/bin/../lib/gcc/pic32mx/3.4.4/../../../../pic32mx/lib/size\libc.a(memset.o)
 .data          0xa0000000        0x0 C:/Program Files/Microchip/MPLAB C32/bin/../lib/gcc/pic32mx/3.4.4/../../../../pic32mx/lib/size\libc.a(strlen.o)
 .data          0xa0000000        0x0 C:/Program Files/Microchip/MPLAB C32/bin/../lib/gcc/pic32mx/3.4.4/../../../../pic32mx/lib/size\libc.a(general-exception.o)
 .data          0xa0000000        0x0 C:/Program Files/Microchip/MPLAB C32/bin/../lib/gcc/pic32mx/3.4.4/../../../../pic32mx/lib/size\libc.a(strncmp.o)
 .data          0xa0000000        0x0 C:/Program Files/Microchip/MPLAB C32/bin/../lib/gcc/pic32mx/3.4.4/../../../../pic32mx/lib/size\libc.a(strncpy.o)
 .data          0xa0000000        0x0 C:/Program Files/Microchip/MPLAB C32/bin/../lib/gcc/pic32mx/3.4.4/../../../../pic32mx/lib/size\libc.a(exit.o)
 .data          0xa0000000        0x0 C:/Program Files/Microchip/MPLAB C32/bin/../lib/gcc/pic32mx/3.4.4/../../../../pic32mx/lib/size\libc.a(ctype.o)
 .data          0xa0000000        0x0 C:/Program Files/Microchip/MPLAB C32/bin/../lib/gcc/pic32mx/3.4.4/../../../../pic32mx/lib/size\libc.a(ctypef.o)
 .data          0xa0000000        0x0 C:/Program Files/Microchip/MPLAB C32/bin/../lib/gcc/pic32mx/3.4.4/../../../../pic32mx/lib/size\libc.a(malloc_calloc.o)
 .data          0xa0000000       0xd4 C:/Program Files/Microchip/MPLAB C32/bin/../lib/gcc/pic32mx/3.4.4/../../../../pic32mx/lib/size\libc.a(_iobdata.o)
 .data          0xa00000d4        0x0 C:/Program Files/Microchip/MPLAB C32/bin/../lib/gcc/pic32mx/3.4.4/../../../../pic32mx/lib/size\libc.a(_iobfuncs.o)
 .data          0xa00000d4        0x0 C:/Program Files/Microchip/MPLAB C32/bin/../lib/gcc/pic32mx/3.4.4/../../../../pic32mx/lib/size\libc.a(fputs.o)
 .data          0xa00000d4        0x0 C:/Program Files/Microchip/MPLAB C32/bin/../lib/gcc/pic32mx/3.4.4/../../../../pic32mx/lib/size\libc.a(fwrite.o)
 .data          0xa00000d4        0x0 C:/Program Files/Microchip/MPLAB C32/bin/../lib/gcc/pic32mx/3.4.4/../../../../pic32mx/lib/size\libc.a(ifprintf.o)
 .data          0xa00000d4        0x0 C:/Program Files/Microchip/MPLAB C32/bin/../lib/gcc/pic32mx/3.4.4/../../../../pic32mx/lib/size\libc.a(stubs.o)
 .data          0xa00000d4        0x0 C:/Program Files/Microchip/MPLAB C32/bin/../lib/gcc/pic32mx/3.4.4/../../../../pic32mx/lib/size\libc.a(default-bootstrap-exception-handler.o)
 .data          0xa00000d4        0x0 C:/Program Files/Microchip/MPLAB C32/bin/../lib/gcc/pic32mx/3.4.4/../../../../pic32mx/lib/size\libc.a(default-on-reset.o)
 .data          0xa00000d4        0x0 C:/Program Files/Microchip/MPLAB C32/bin/../lib/gcc/pic32mx/3.4.4/../../../../pic32mx/lib/size\libc.a(default-on-bootstrap.o)
 .data          0xa00000d4        0x0 C:/Program Files/Microchip/MPLAB C32/bin/../lib/gcc/pic32mx/3.4.4/../../../../pic32mx/lib/size\libc.a(default-nmi-handler.o)
 .data          0xa00000d4        0x0 C:/Program Files/Microchip/MPLAB C32/bin/../lib/gcc/pic32mx/3.4.4/../../../../pic32mx/lib/size\libc.a(_exit.o)
 .data          0xa00000d4      0x410 C:/Program Files/Microchip/MPLAB C32/bin/../lib/gcc/pic32mx/3.4.4/../../../../pic32mx/lib/size\libc.a(malloc.o)
                0xa00000d4                malloc_sbrk_base
                0xa00000d8                malloc_trim_threshold
                0xa00000dc                malloc_av_
 .data          0xa00004e4        0x0 C:/Program Files/Microchip/MPLAB C32/bin/../lib/gcc/pic32mx/3.4.4/../../../../pic32mx/lib/size\libc.a(errno.o)
 .data          0xa00004e4       0x20 C:/Program Files/Microchip/MPLAB C32/bin/../lib/gcc/pic32mx/3.4.4/../../../../pic32mx/lib/size\libc.a(fullexit.o)
                0xa00004e4                __exfun_mx
 .data          0xa0000504        0x0 C:/Program Files/Microchip/MPLAB C32/bin/../lib/gcc/pic32mx/3.4.4/../../../../pic32mx/lib/size\libc.a(_idoprnt.o)
 .data          0xa0000504       0x20 C:/Program Files/Microchip/MPLAB C32/bin/../lib/gcc/pic32mx/3.4.4/../../../../pic32mx/lib/size\libc.a(sbrk.o)
 .data          0xa0000524        0x0 C:/Program Files/Microchip/MPLAB C32/bin/../lib/gcc/pic32mx/3.4.4/../../../../pic32mx/lib/size\libc.a(fputc.o)
 .data          0xa0000524        0x0 C:/Program Files/Microchip/MPLAB C32/bin/../lib/gcc/pic32mx/3.4.4/../../../../pic32mx/lib/size\libmchp_peripheral.a(read_core_timer_lib.o)
 .data          0xa0000524        0x0 C:/Program Files/Microchip/MPLAB C32/bin/../lib/gcc/pic32mx/3.4.4/../../../../pic32mx/lib/size\libmchp_peripheral_32MX795F512L.a(eth_ack_packet_lib.o)
 .data          0xa0000524        0x0 C:/Program Files/Microchip/MPLAB C32/bin/../lib/gcc/pic32mx/3.4.4/../../../../pic32mx/lib/size\libmchp_peripheral_32MX795F512L.a(eth_descriptors_add_lib.o)
 .data          0xa0000524        0x0 C:/Program Files/Microchip/MPLAB C32/bin/../lib/gcc/pic32mx/3.4.4/../../../../pic32mx/lib/size\libmchp_peripheral_32MX795F512L.a(eth_init_lib.o)
 .data          0xa0000524        0x0 C:/Program Files/Microchip/MPLAB C32/bin/../lib/gcc/pic32mx/3.4.4/../../../../pic32mx/lib/size\libmchp_peripheral_32MX795F512L.a(eth_mac_open_lib.o)
 .data          0xa0000524        0x0 C:/Program Files/Microchip/MPLAB C32/bin/../lib/gcc/pic32mx/3.4.4/../../../../pic32mx/lib/size\libmchp_peripheral_32MX795F512L.a(eth_mac_set_address_max_lib.o)
 .data          0xa0000524        0x0 C:/Program Files/Microchip/MPLAB C32/bin/../lib/gcc/pic32mx/3.4.4/../../../../pic32mx/lib/size\libmchp_peripheral_32MX795F512L.a(eth_rx_buffers_append_lib.o)
 .data          0xa0000524        0x0 C:/Program Files/Microchip/MPLAB C32/bin/../lib/gcc/pic32mx/3.4.4/../../../../pic32mx/lib/size\libmchp_peripheral_32MX795F512L.a(eth_rx_filters_lib.o)
 .data          0xa0000524        0x0 C:/Program Files/Microchip/MPLAB C32/bin/../lib/gcc/pic32mx/3.4.4/../../../../pic32mx/lib/size\libmchp_peripheral_32MX795F512L.a(eth_rx_get_packet_lib.o)
 .data          0xa0000524        0x0 C:/Program Files/Microchip/MPLAB C32/bin/../lib/gcc/pic32mx/3.4.4/../../../../pic32mx/lib/size\libmchp_peripheral_32MX795F512L.a(eth_rx_set_buffer_size_lib.o)
 .data          0xa0000524        0x0 C:/Program Files/Microchip/MPLAB C32/bin/../lib/gcc/pic32mx/3.4.4/../../../../pic32mx/lib/size\libmchp_peripheral_32MX795F512L.a(eth_tx_packet_lib.o)
 .data          0xa0000524        0x0 C:/Program Files/Microchip/MPLAB C32/bin/../lib/gcc/pic32mx/3.4.4/../../../../pic32mx/lib/size\libmchp_peripheral_32MX795F512L.a(_eth_append_busy_list_lib.o)
 .data          0xa0000524        0x0 C:/Program Files/Microchip/MPLAB C32/bin/../lib/gcc/pic32mx/3.4.4/../../../../pic32mx/lib/size\libmchp_peripheral_32MX795F512L.a(eth_miim_access.o)
 .data          0xa0000524        0x0 C:/Program Files/Microchip/MPLAB C32/bin/../lib/gcc/pic32mx/3.4.4/../../../../pic32mx/lib/size\libmchp_peripheral_32MX795F512L.a(soft_reset_lib.o)
 .data          0xa0000524        0x0 C:/Program Files/Microchip/MPLAB C32/bin/../lib/gcc/pic32mx/3.4.4/../../../../pic32mx/lib/size\libmchp_peripheral_32MX795F512L.a(pcache.o)
 .data          0xa0000524        0x0 C:/Program Files/Microchip/MPLAB C32/bin/../lib/gcc/pic32mx/3.4.4/../../../../pic32mx/lib/size\libmchp_peripheral_32MX795F512L.a(int_disable_interrupts_lib.o)
 .data          0xa0000524        0x0 C:/Program Files/Microchip/MPLAB C32/bin/../lib/gcc/pic32mx/3.4.4/../../../../pic32mx/lib/size\libmchp_peripheral_32MX795F512L.a(int_restore_interrupts_lib.o)
 .data          0xa0000524        0x0 C:/Program Files/Microchip/MPLAB C32/bin/../lib/gcc/pic32mx/3.4.4/../../../../pic32mx/lib/size\libmchp_peripheral_32MX795F512L.a(int_enable_mv_int_lib.o)
 .data          0xa0000524        0x0 C:/Program Files/Microchip/MPLAB C32/bin/../lib/gcc/pic32mx/3.4.4/../../../../pic32mx/lib/size\libmchp_peripheral_32MX795F512L.a(int_tbl_lib.o)
 .data          0xa0000524        0x0 C:/Program Files/Microchip/MPLAB C32/bin/../lib/gcc/pic32mx/3.4.4/../../../../pic32mx/lib/size\libmchp_peripheral_32MX795F512L.a(spi_chn_getc_lib.o)
 .data          0xa0000524        0x0 C:/Program Files/Microchip/MPLAB C32/bin/../lib/gcc/pic32mx/3.4.4/../../../../pic32mx/lib/size\libmchp_peripheral_32MX795F512L.a(spi_chn_open_lib.o)