Archive member included because of file (symbol)

C:/Program Files (x86)/Microchip/MPLAB C32 Suite/bin/../lib/gcc/pic32mx/3.4.4/size\libgcc.a(_udivdi3.o)
                              Objects - TCPIP Demo App - C32 - PIC32_ENET_SK_DM320004_INTERNAL_ETHERNET\TCPPerformanceTest.o (__udivdi3)
C:/Program Files (x86)/Microchip/MPLAB C32 Suite/bin/../lib/gcc/pic32mx/3.4.4/../../../../pic32mx/lib/size\libc.a(memcmp.o)
                              Objects - TCPIP Demo App - C32 - PIC32_ENET_SK_DM320004_INTERNAL_ETHERNET\ETHPIC32IntMac.o (memcmp)
C:/Program Files (x86)/Microchip/MPLAB C32 Suite/bin/../lib/gcc/pic32mx/3.4.4/../../../../pic32mx/lib/size\libc.a(memcpy.o)
                              Objects - TCPIP Demo App - C32 - PIC32_ENET_SK_DM320004_INTERNAL_ETHERNET\Announce.o (memcpy)
C:/Program Files (x86)/Microchip/MPLAB C32 Suite/bin/../lib/gcc/pic32mx/3.4.4/../../../../pic32mx/lib/size\libc.a(memset.o)
                              Objects - TCPIP Demo App - C32 - PIC32_ENET_SK_DM320004_INTERNAL_ETHERNET\BerkeleyAPI.o (memset)
C:/Program Files (x86)/Microchip/MPLAB C32 Suite/bin/../lib/gcc/pic32mx/3.4.4/../../../../pic32mx/lib/size\libc.a(strcmp.o)
                              Objects - TCPIP Demo App - C32 - PIC32_ENET_SK_DM320004_INTERNAL_ETHERNET\DynDNS.o (strcmp)
C:/Program Files (x86)/Microchip/MPLAB C32 Suite/bin/../lib/gcc/pic32mx/3.4.4/../../../../pic32mx/lib/size\libc.a(strcpy.o)
                              Objects - TCPIP Demo App - C32 - PIC32_ENET_SK_DM320004_INTERNAL_ETHERNET\HTTP2.o (strcpy)
C:/Program Files (x86)/Microchip/MPLAB C32 Suite/bin/../lib/gcc/pic32mx/3.4.4/../../../../pic32mx/lib/size\libc.a(strlen.o)
                              Objects - TCPIP Demo App - C32 - PIC32_ENET_SK_DM320004_INTERNAL_ETHERNET\DynDNS.o (strlen)
C:/Program Files (x86)/Microchip/MPLAB C32 Suite/bin/../lib/gcc/pic32mx/3.4.4/../../../../pic32mx/lib/size\libc.a(general-exception.o)
                              C:/Program Files (x86)/Microchip/MPLAB C32 Suite/bin/../lib/gcc/pic32mx/3.4.4/../../../../pic32mx/lib/size/crt0.o (_general_exception_context)
C:/Program Files (x86)/Microchip/MPLAB C32 Suite/bin/../lib/gcc/pic32mx/3.4.4/../../../../pic32mx/lib/size\libc.a(atoi.o)
                              Objects - TCPIP Demo App - C32 - PIC32_ENET_SK_DM320004_INTERNAL_ETHERNET\SMTP.o (atoi)
C:/Program Files (x86)/Microchip/MPLAB C32 Suite/bin/../lib/gcc/pic32mx/3.4.4/../../../../pic32mx/lib/size\libc.a(atol.o)
                              Objects - TCPIP Demo App - C32 - PIC32_ENET_SK_DM320004_INTERNAL_ETHERNET\HTTP2.o (atol)
C:/Program Files (x86)/Microchip/MPLAB C32 Suite/bin/../lib/gcc/pic32mx/3.4.4/../../../../pic32mx/lib/size\libc.a(calloc.o)
                              Objects - TCPIP Demo App - C32 - PIC32_ENET_SK_DM320004_INTERNAL_ETHERNET\ETHPIC32IntMac.o (calloc)
C:/Program Files (x86)/Microchip/MPLAB C32 Suite/bin/../lib/gcc/pic32mx/3.4.4/../../../../pic32mx/lib/size\libc.a(ctype.o)
                              C:/Program Files (x86)/Microchip/MPLAB C32 Suite/bin/../lib/gcc/pic32mx/3.4.4/../../../../pic32mx/lib/size\libc.a(atoi.o) (_ctype)
C:/Program Files (x86)/Microchip/MPLAB C32 Suite/bin/../lib/gcc/pic32mx/3.4.4/../../../../pic32mx/lib/size\libc.a(malloc.o)
                              C:/Program Files (x86)/Microchip/MPLAB C32 Suite/bin/../lib/gcc/pic32mx/3.4.4/../../../../pic32mx/lib/size\libc.a(calloc.o) (malloc)
C:/Program Files (x86)/Microchip/MPLAB C32 Suite/bin/../lib/gcc/pic32mx/3.4.4/../../../../pic32mx/lib/size\libc.a(strchr.o)
                              Objects - TCPIP Demo App - C32 - PIC32_ENET_SK_DM320004_INTERNAL_ETHERNET\SMTP.o (strchr)
C:/Program Files (x86)/Microchip/MPLAB C32 Suite/bin/../lib/gcc/pic32mx/3.4.4/../../../../pic32mx/lib/size\libc.a(strstr.o)
                              Objects - TCPIP Demo App - C32 - PIC32_ENET_SK_DM320004_INTERNAL_ETHERNET\SMTP.o (strstr)
C:/Program Files (x86)/Microchip/MPLAB C32 Suite/bin/../lib/gcc/pic32mx/3.4.4/../../../../pic32mx/lib/size\libc.a(sbrk.o)
                              C:/Program Files (x86)/Microchip/MPLAB C32 Suite/bin/../lib/gcc/pic32mx/3.4.4/../../../../pic32mx/lib/size\libc.a(malloc.o) (sbrk)
C:/Program Files (x86)/Microchip/MPLAB C32 Suite/bin/../lib/gcc/pic32mx/3.4.4/../../../../pic32mx/lib/size\libc.a(default-bootstrap-exception-handler.o)
                              C:/Program Files (x86)/Microchip/MPLAB C32 Suite/bin/../lib/gcc/pic32mx/3.4.4/../../../../pic32mx/lib/size/crt0.o (_bootstrap_exception_handler)
C:/Program Files (x86)/Microchip/MPLAB C32 Suite/bin/../lib/gcc/pic32mx/3.4.4/../../../../pic32mx/lib/size\libc.a(default-on-reset.o)
                              C:/Program Files (x86)/Microchip/MPLAB C32 Suite/bin/../lib/gcc/pic32mx/3.4.4/../../../../pic32mx/lib/size/crt0.o (_on_reset)
C:/Program Files (x86)/Microchip/MPLAB C32 Suite/bin/../lib/gcc/pic32mx/3.4.4/../../../../pic32mx/lib/size\libc.a(default-on-bootstrap.o)
[...]
Memory Configuration

Name             Origin             Length             Attributes
kseg0_program_mem 0x9d000000         0x00080000         xr
kseg0_boot_mem   0x9fc00490         0x00000970
exception_mem    0x9fc01000         0x00001000
kseg1_boot_mem   0xbfc00000         0x00000490
debug_exec_mem   0xbfc02000         0x00000ff0
config3          0xbfc02ff0         0x00000004
config2          0xbfc02ff4         0x00000004
config1          0xbfc02ff8         0x00000004
config0          0xbfc02ffc         0x00000004
kseg1_data_mem   0xa0000000         0x00020000         w !x
sfrs             0xbf800000         0x00100000
configsfrs       0xbfc02ff0         0x00000010
*default*        0x00000000         0xffffffff

Linker script and memory map

LOAD C:/Program Files (x86)/Microchip/MPLAB C32 Suite/bin/../lib/gcc/pic32mx/3.4.4/../../../../pic32mx/lib/size/crt0.o
LOAD Objects - TCPIP Demo App - C32 - PIC32_ENET_SK_DM320004_INTERNAL_ETHERNET\Announce.o
LOAD Objects - TCPIP Demo App - C32 - PIC32_ENET_SK_DM320004_INTERNAL_ETHERNET\ARCFOUR.o
LOAD Objects - TCPIP Demo App - C32 - PIC32_ENET_SK_DM320004_INTERNAL_ETHERNET\ARP.o
LOAD Objects - TCPIP Demo App - C32 - PIC32_ENET_SK_DM320004_INTERNAL_ETHERNET\AutoIP.o
LOAD Objects - TCPIP Demo App - C32 - PIC32_ENET_SK_DM320004_INTERNAL_ETHERNET\BerkeleyAPI.o
LOAD Objects - TCPIP Demo App - C32 - PIC32_ENET_SK_DM320004_INTERNAL_ETHERNET\BigInt.o
LOAD Objects - TCPIP Demo App - C32 - PIC32_ENET_SK_DM320004_INTERNAL_ETHERNET\Delay.o
LOAD Objects - TCPIP Demo App - C32 - PIC32_ENET_SK_DM320004_INTERNAL_ETHERNET\DHCP.o
LOAD Objects - TCPIP Demo App - C32 - PIC32_ENET_SK_DM320004_INTERNAL_ETHERNET\DHCPs.o
LOAD Objects - TCPIP Demo App - C32 - PIC32_ENET_SK_DM320004_INTERNAL_ETHERNET\DNS.o
LOAD Objects - TCPIP Demo App - C32 - PIC32_ENET_SK_DM320004_INTERNAL_ETHERNET\DNSs.o
LOAD Objects - TCPIP Demo App - C32 - PIC32_ENET_SK_DM320004_INTERNAL_ETHERNET\DynDNS.o
LOAD Objects - TCPIP Demo App - C32 - PIC32_ENET_SK_DM320004_INTERNAL_ETHERNET\ENC28J60.o
LOAD Objects - TCPIP Demo App - C32 - PIC32_ENET_SK_DM320004_INTERNAL_ETHERNET\ENCX24J600.o
LOAD Objects - TCPIP Demo App - C32 - PIC32_ENET_SK_DM320004_INTERNAL_ETHERNET\ETHPIC32ExtPhy.o
LOAD Objects - TCPIP Demo App - C32 - PIC32_ENET_SK_DM320004_INTERNAL_ETHERNET\ETHPIC32ExtPhyDP83848.o
LOAD Objects - TCPIP Demo App - C32 - PIC32_ENET_SK_DM320004_INTERNAL_ETHERNET\ETHPIC32IntMac.o
LOAD Objects - TCPIP Demo App - C32 - PIC32_ENET_SK_DM320004_INTERNAL_ETHERNET\FileSystem.o
LOAD Objects - TCPIP Demo App - C32 - PIC32_ENET_SK_DM320004_INTERNAL_ETHERNET\FTP.o
LOAD Objects - TCPIP Demo App - C32 - PIC32_ENET_SK_DM320004_INTERNAL_ETHERNET\Hashes.o
LOAD Objects - TCPIP Demo App - C32 - PIC32_ENET_SK_DM320004_INTERNAL_ETHERNET\Helpers.o
LOAD Objects - TCPIP Demo App - C32 - PIC32_ENET_SK_DM320004_INTERNAL_ETHERNET\HTTP2.o
LOAD Objects - TCPIP Demo App - C32 - PIC32_ENET_SK_DM320004_INTERNAL_ETHERNET\HTTP.o
LOAD Objects - TCPIP Demo App - C32 - PIC32_ENET_SK_DM320004_INTERNAL_ETHERNET\ICMP.o
LOAD Objects - TCPIP Demo App - C32 - PIC32_ENET_SK_DM320004_INTERNAL_ETHERNET\IP.o
LOAD Objects - TCPIP Demo App - C32 - PIC32_ENET_SK_DM320004_INTERNAL_ETHERNET\LCDBlocking.o
LOAD Objects - TCPIP Demo App - C32 - PIC32_ENET_SK_DM320004_INTERNAL_ETHERNET\MPFS2.o
LOAD Objects - TCPIP Demo App - C32 - PIC32_ENET_SK_DM320004_INTERNAL_ETHERNET\MPFS.o
LOAD Objects - TCPIP Demo App - C32 - PIC32_ENET_SK_DM320004_INTERNAL_ETHERNET\NBNS.o
LOAD Objects - TCPIP Demo App - C32 - PIC32_ENET_SK_DM320004_INTERNAL_ETHERNET\Random.o
LOAD Objects - TCPIP Demo App - C32 - PIC32_ENET_SK_DM320004_INTERNAL_ETHERNET\Reboot.o
LOAD Objects - TCPIP Demo App - C32 - PIC32_ENET_SK_DM320004_INTERNAL_ETHERNET\RSA.o
LOAD Objects - TCPIP Demo App - C32 - PIC32_ENET_SK_DM320004_INTERNAL_ETHERNET\SMTP.o
LOAD Objects - TCPIP Demo App - C32 - PIC32_ENET_SK_DM320004_INTERNAL_ETHERNET\SNMP.o
LOAD Objects - TCPIP Demo App - C32 - PIC32_ENET_SK_DM320004_INTERNAL_ETHERNET\SNMPv3.o
LOAD Objects - TCPIP Demo App - C32 - PIC32_ENET_SK_DM320004_INTERNAL_ETHERNET\SNMPv3USM.o
LOAD Objects - TCPIP Demo App - C32 - PIC32_ENET_SK_DM320004_INTERNAL_ETHERNET\SNTP.o
LOAD Objects - TCPIP Demo App - C32 - PIC32_ENET_SK_DM320004_INTERNAL_ETHERNET\SPIEEPROM.o
LOAD Objects - TCPIP Demo App - C32 - PIC32_ENET_SK_DM320004_INTERNAL_ETHERNET\SPIFlash.o
LOAD Objects - TCPIP Demo App - C32 - PIC32_ENET_SK_DM320004_INTERNAL_ETHERNET\SPIRAM.o
LOAD Objects - TCPIP Demo App - C32 - PIC32_ENET_SK_DM320004_INTERNAL_ETHERNET\SSL.o
LOAD Objects - TCPIP Demo App - C32 - PIC32_ENET_SK_DM320004_INTERNAL_ETHERNET\StackTsk.o
LOAD Objects - TCPIP Demo App - C32 - PIC32_ENET_SK_DM320004_INTERNAL_ETHERNET\TCP.o
LOAD Objects - TCPIP Demo App - C32 - PIC32_ENET_SK_DM320004_INTERNAL_ETHERNET\TCPPerformanceTest.o
LOAD Objects - TCPIP Demo App - C32 - PIC32_ENET_SK_DM320004_INTERNAL_ETHERNET\Telnet.o
LOAD Objects - TCPIP Demo App - C32 - PIC32_ENET_SK_DM320004_INTERNAL_ETHERNET\TFTPc.o
LOAD Objects - TCPIP Demo App - C32 - PIC32_ENET_SK_DM320004_INTERNAL_ETHERNET\Tick.o
LOAD Objects - TCPIP Demo App - C32 - PIC32_ENET_SK_DM320004_INTERNAL_ETHERNET\UART2TCPBridge.o
LOAD Objects - TCPIP Demo App - C32 - PIC32_ENET_SK_DM320004_INTERNAL_ETHERNET\UART.o
LOAD Objects - TCPIP Demo App - C32 - PIC32_ENET_SK_DM320004_INTERNAL_ETHERNET\UDP.o
LOAD Objects - TCPIP Demo App - C32 - PIC32_ENET_SK_DM320004_INTERNAL_ETHERNET\UDPPerformanceTest.o
LOAD Objects - TCPIP Demo App - C32 - PIC32_ENET_SK_DM320004_INTERNAL_ETHERNET\ZeroconfHelper.o
LOAD Objects - TCPIP Demo App - C32 - PIC32_ENET_SK_DM320004_INTERNAL_ETHERNET\ZeroconfLinkLocal.o
LOAD Objects - TCPIP Demo App - C32 - PIC32_ENET_SK_DM320004_INTERNAL_ETHERNET\ZeroconfMulticastDNS.o
LOAD Objects - TCPIP Demo App - C32 - PIC32_ENET_SK_DM320004_INTERNAL_ETHERNET\CustomHTTPApp.o
LOAD Objects - TCPIP Demo App - C32 - PIC32_ENET_SK_DM320004_INTERNAL_ETHERNET\CustomSNMPApp.o
LOAD Objects - TCPIP Demo App - C32 - PIC32_ENET_SK_DM320004_INTERNAL_ETHERNET\CustomSSLCert.o
LOAD Objects - TCPIP Demo App - C32 - PIC32_ENET_SK_DM320004_INTERNAL_ETHERNET\MainDemo.o
LOAD Objects - TCPIP Demo App - C32 - PIC32_ENET_SK_DM320004_INTERNAL_ETHERNET\BerkeleyTCPClientDemo.o
LOAD Objects - TCPIP Demo App - C32 - PIC32_ENET_SK_DM320004_INTERNAL_ETHERNET\BerkeleyTCPServerDemo.o
LOAD Objects - TCPIP Demo App - C32 - PIC32_ENET_SK_DM320004_INTERNAL_ETHERNET\BerkeleyUDPClientDemo.o
LOAD Objects - TCPIP Demo App - C32 - PIC32_ENET_SK_DM320004_INTERNAL_ETHERNET\GenericTCPClient.o
LOAD Objects - TCPIP Demo App - C32 - PIC32_ENET_SK_DM320004_INTERNAL_ETHERNET\GenericTCPServer.o
LOAD Objects - TCPIP Demo App - C32 - PIC32_ENET_SK_DM320004_INTERNAL_ETHERNET\LegacyHTTPApp.o
LOAD Objects - TCPIP Demo App - C32 - PIC32_ENET_SK_DM320004_INTERNAL_ETHERNET\PingDemo.o
LOAD Objects - TCPIP Demo App - C32 - PIC32_ENET_SK_DM320004_INTERNAL_ETHERNET\SMTPDemo.o
LOAD Objects - TCPIP Demo App - C32 - PIC32_ENET_SK_DM320004_INTERNAL_ETHERNET\UARTConfig.o
LOAD Objects - TCPIP Demo App - C32 - PIC32_ENET_SK_DM320004_INTERNAL_ETHERNET\MPFSImg2.o
LOAD Objects - TCPIP Demo App - C32 - PIC32_ENET_SK_DM320004_INTERNAL_ETHERNET\MPFSImg.o
LOAD Objects - TCPIP Demo App - C32 - PIC32_ENET_SK_DM320004_INTERNAL_ETHERNET\BigInt_helper_C32.o
LOAD D:\Andy Work\Documents\SO\Slave-PIC32\Microchip\Crypto\AES_PIC32MX.a
                0x00000001                __MPLAB_BUILD = 0x1
                0x00000001                __MPLAB_DEBUG = 0x1
                0x00000001                __MPLAB_DEBUGGER_PIC32MXSK = 0x1
                0x00003e80                _min_heap_size = 0x3e80
                0x00000800                _min_stack_size = 0x800
LOAD C:/Program Files (x86)/Microchip/MPLAB C32 Suite/bin/../lib/gcc/pic32mx/3.4.4/size\libgcc.a
START GROUP
LOAD C:/Program Files (x86)/Microchip/MPLAB C32 Suite/bin/../lib/gcc/pic32mx/3.4.4/../../../../pic32mx/lib/size\libdebug.a
LOAD C:/Program Files (x86)/Microchip/MPLAB C32 Suite/bin/../lib/gcc/pic32mx/3.4.4/../../../../pic32mx/lib/size\libc.a
LOAD C:/Program Files (x86)/Microchip/MPLAB C32 Suite/bin/../lib/gcc/pic32mx/3.4.4/../../../../pic32mx/lib/size\libm.a
LOAD C:/Program Files (x86)/Microchip/MPLAB C32 Suite/bin/../lib/gcc/pic32mx/3.4.4/../../../../pic32mx/lib/size\libe.a
LOAD C:/Program Files (x86)/Microchip/MPLAB C32 Suite/bin/../lib/gcc/pic32mx/3.4.4/../../../../pic32mx/lib/size\libdsp.a
LOAD C:/Program Files (x86)/Microchip/MPLAB C32 Suite/bin/../lib/gcc/pic32mx/3.4.4/../../../../pic32mx/lib/size\libmchp_peripheral.a
LOAD C:/Program Files (x86)/Microchip/MPLAB C32 Suite/bin/../lib/gcc/pic32mx/3.4.4/../../../../pic32mx/lib/size\libmchp_peripheral_32MX795F512L.a
END GROUP
LOAD C:/Program Files (x86)/Microchip/MPLAB C32 Suite/bin/../lib/gcc/pic32mx/3.4.4/size\libgcc.a
                0x00000400                PROVIDE (_min_stack_size, 0x400)
                0x00000000                PROVIDE (_min_heap_size, 0x0)
LOAD C:/Program Files (x86)/Microchip/MPLAB C32 Suite/bin/../lib/gcc/pic32mx/3.4.4/../../../../pic32mx/lib/./proc/32MX795F512L\processor.o
                0x00000001                PROVIDE (_vector_spacing, 0x1)
                0x9fc01000                _ebase_address = 0x9fc01000
                0xbfc00000                _RESET_ADDR = 0xbfc00000
                0xbfc00380                _BEV_EXCPT_ADDR = 0xbfc00380
                0xbfc00480                _DBG_EXCPT_ADDR = 0xbfc00480
                0xbfc02000                _DBG_CODE_ADDR = 0xbfc02000
                0x9fc01180                _GEN_EXCPT_ADDR = (_ebase_address + 0x180)

.config_BFC02FF0
                0xbfc02ff0        0x4
 *(.config_BFC02FF0)
 .config_BFC02FF0
                0xbfc02ff0        0x4 Objects - TCPIP Demo App - C32 - PIC32_ENET_SK_DM320004_INTERNAL_ETHERNET\MainDemo.o

.config_BFC02FF4
                0xbfc02ff4        0x4
 *(.config_BFC02FF4)
 .config_BFC02FF4
                0xbfc02ff4        0x4 Objects - TCPIP Demo App - C32 - PIC32_ENET_SK_DM320004_INTERNAL_ETHERNET\MainDemo.o

.config_BFC02FF8
                0xbfc02ff8        0x4
 *(.config_BFC02FF8)
 .config_BFC02FF8
                0xbfc02ff8        0x4 Objects - TCPIP Demo App - C32 - PIC32_ENET_SK_DM320004_INTERNAL_ETHERNET\MainDemo.o

.config_BFC02FFC
                0xbfc02ffc        0x4
 *(.config_BFC02FFC)
 .config_BFC02FFC
                0xbfc02ffc        0x4 Objects - TCPIP Demo App - C32 - PIC32_ENET_SK_DM320004_INTERNAL_ETHERNET\MainDemo.o

.reset          0xbfc00000       0x10
 *(.reset)
 .reset         0xbfc00000       0x10 C:/Program Files (x86)/Microchip/MPLAB C32 Suite/bin/../lib/gcc/pic32mx/3.4.4/../../../../pic32mx/lib/size/crt0.o
                0xbfc00000                _reset

.bev_excpt      0xbfc00380       0x10
 *(.bev_handler)
 .bev_handler   0xbfc00380       0x10 C:/Program Files (x86)/Microchip/MPLAB C32 Suite/bin/../lib/gcc/pic32mx/3.4.4/../../../../pic32mx/lib/size/crt0.o

.dbg_excpt      0xbfc00480        0x0
                0xbfc00480                . = (. + DEFINED (_DEBUGGER)?0x8:0x0)

.dbg_code       0xbfc02000        0x0
                0xbfc02000                . = (. + DEFINED (_DEBUGGER)?0xff0:0x0)

.app_excpt      0x9fc01180       0x10
 *(.gen_handler)
 .gen_handler   0x9fc01180       0x10 C:/Program Files (x86)/Microchip/MPLAB C32 Suite/bin/../lib/gcc/pic32mx/3.4.4/../../../../pic32mx/lib/size/crt0.o

.vector_0       0x9fc01200        0x0
 *(.vector_0)
                0x00000001                ASSERT (((_vector_spacing == 0x0) || (SIZEOF (.vector_0) <= (_vector_spacing << 0x5))), function at exception vector 0 too large)

.vector_1       0x9fc01220        0x0
 *(.vector_1)
                0x00000001                ASSERT (((_vector_spacing == 0x0) || (SIZEOF (.vector_1) <= (_vector_spacing << 0x5))), function at exception vector 1 too large)

.vector_2       0x9fc01240        0x0
 *(.vector_2)
                0x00000001                ASSERT (((_vector_spacing == 0x0) || (SIZEOF (.vector_2) <= (_vector_spacing << 0x5))), function at exception vector 2 too large)

.vector_3       0x9fc01260        0x0
 *(.vector_3)
                0x00000001                ASSERT (((_vector_spacing == 0x0) || (SIZEOF (.vector_3) <= (_vector_spacing << 0x5))), function at exception vector 3 too large)

.vector_4       0x9fc01280        0x8
 *(.vector_4)
 .vector_4      0x9fc01280        0x8 Objects - TCPIP Demo App - C32 - PIC32_ENET_SK_DM320004_INTERNAL_ETHERNET\Tick.o
                0x00000001                ASSERT (((_vector_spacing == 0x0) || (SIZEOF (.vector_4) <= (_vector_spacing << 0x5))), function at exception vector 4 too large)

.vector_5       0x9fc012a0        0x0
 *(.vector_5)
                0x00000001                ASSERT (((_vector_spacing == 0x0) || (SIZEOF (.vector_5) <= (_vector_spacing << 0x5))), function at exception vector 5 too large)

.vector_6       0x9fc012c0        0x0
 *(.vector_6)
                0x00000001                ASSERT (((_vector_spacing == 0x0) || (SIZEOF (.vector_6) <= (_vector_spacing << 0x5))), function at exception vector 6 too large)

.vector_7       0x9fc012e0        0x0
 *(.vector_7)
                0x00000001                ASSERT (((_vector_spacing == 0x0) || (SIZEOF (.vector_7) <= (_vector_spacing << 0x5))), function at exception vector 7 too large)

.vector_8       0x9fc01300        0x0
 *(.vector_8)
                0x00000001                ASSERT (((_vector_spacing == 0x0) || (SIZEOF (.vector_8) <= (_vector_spacing << 0x5))), function at exception vector 8 too large)

.vector_9       0x9fc01320        0x0
 *(.vector_9)
                0x00000001                ASSERT (((_vector_spacing == 0x0) || (SIZEOF (.vector_9) <= (_vector_spacing << 0x5))), function at exception vector 9 too large)

.vector_10      0x9fc01340        0x0
 *(.vector_10)
                0x00000001                ASSERT (((_vector_spacing == 0x0) || (SIZEOF (.vector_10) <= (_vector_spacing << 0x5))), function at exception vector 10 too large)

.vector_11      0x9fc01360        0x0
 *(.vector_11)
                0x00000001                ASSERT (((_vector_spacing == 0x0) || (SIZEOF (.vector_11) <= (_vector_spacing << 0x5))), function at exception vector 11 too large)

.vector_12      0x9fc01380        0x0
 *(.vector_12)
                0x00000001                ASSERT (((_vector_spacing == 0x0) || (SIZEOF (.vector_12) <= (_vector_spacing << 0x5))), function at exception vector 12 too large)

.vector_13      0x9fc013a0        0x0
 *(.vector_13)
                0x00000001                ASSERT (((_vector_spacing == 0x0) || (SIZEOF (.vector_13) <= (_vector_spacing << 0x5))), function at exception vector 13 too large)

.vector_14      0x9fc013c0        0x0
 *(.vector_14)
                0x00000001                ASSERT (((_vector_spacing == 0x0) || (SIZEOF (.vector_14) <= (_vector_spacing << 0x5))), function at exception vector 14 too large)

.vector_15      0x9fc013e0        0x0
 *(.vector_15)
                0x00000001                ASSERT (((_vector_spacing == 0x0) || (SIZEOF (.vector_15) <= (_vector_spacing << 0x5))), function at exception vector 15 too large)

.vector_16      0x9fc01400        0x0
 *(.vector_16)
                0x00000001                ASSERT (((_vector_spacing == 0x0) || (SIZEOF (.vector_16) <= (_vector_spacing << 0x5))), function at exception vector 16 too large)

.vector_17      0x9fc01420        0x0
 *(.vector_17)
                0x00000001                ASSERT (((_vector_spacing == 0x0) || (SIZEOF (.vector_17) <= (_vector_spacing << 0x5))), function at exception vector 17 too large)

.vector_18      0x9fc01440        0x0
 *(.vector_18)
                0x00000001                ASSERT (((_vector_spacing == 0x0) || (SIZEOF (.vector_18) <= (_vector_spacing << 0x5))), function at exception vector 18 too large)

.vector_19      0x9fc01460        0x0
 *(.vector_19)
                0x00000001                ASSERT (((_vector_spacing == 0x0) || (SIZEOF (.vector_19) <= (_vector_spacing << 0x5))), function at exception vector 19 too large)

.vector_20      0x9fc01480        0x0
 *(.vector_20)
                0x00000001                ASSERT (((_vector_spacing == 0x0) || (SIZEOF (.vector_20) <= (_vector_spacing << 0x5))), function at exception vector 20 too large)

.vector_21      0x9fc014a0        0x0
 *(.vector_21)
                0x00000001                ASSERT (((_vector_spacing == 0x0) || (SIZEOF (.vector_21) <= (_vector_spacing << 0x5))), function at exception vector 21 too large)

.vector_22      0x9fc014c0        0x0
 *(.vector_22)
                0x00000001                ASSERT (((_vector_spacing == 0x0) || (SIZEOF (.vector_22) <= (_vector_spacing << 0x5))), function at exception vector 22 too large)

.vector_23      0x9fc014e0        0x0
 *(.vector_23)
                0x00000001                ASSERT (((_vector_spacing == 0x0) || (SIZEOF (.vector_23) <= (_vector_spacing << 0x5))), function at exception vector 23 too large)

.vector_24      0x9fc01500        0x0
 *(.vector_24)
                0x00000001                ASSERT (((_vector_spacing == 0x0) || (SIZEOF (.vector_24) <= (_vector_spacing << 0x5))), function at exception vector 24 too large)

.vector_25      0x9fc01520        0x0
 *(.vector_25)
                0x00000001                ASSERT (((_vector_spacing == 0x0) || (SIZEOF (.vector_25) <= (_vector_spacing << 0x5))), function at exception vector 25 too large)

.vector_26      0x9fc01540        0x0
 *(.vector_26)
                0x00000001                ASSERT (((_vector_spacing == 0x0) || (SIZEOF (.vector_26) <= (_vector_spacing << 0x5))), function at exception vector 26 too large)

.vector_27      0x9fc01560        0x0
 *(.vector_27)
                0x00000001                ASSERT (((_vector_spacing == 0x0) || (SIZEOF (.vector_27) <= (_vector_spacing << 0x5))), function at exception vector 27 too large)

.vector_28      0x9fc01580        0x0
 *(.vector_28)
                0x00000001                ASSERT (((_vector_spacing == 0x0) || (SIZEOF (.vector_28) <= (_vector_spacing << 0x5))), function at exception vector 28 too large)

.vector_29      0x9fc015a0        0x0
 *(.vector_29)
                0x00000001                ASSERT (((_vector_spacing == 0x0) || (SIZEOF (.vector_29) <= (_vector_spacing << 0x5))), function at exception vector 29 too large)

.vector_30      0x9fc015c0        0x0
 *(.vector_30)
                0x00000001                ASSERT (((_vector_spacing == 0x0) || (SIZEOF (.vector_30) <= (_vector_spacing << 0x5))), function at exception vector 30 too large)

.vector_31      0x9fc015e0        0x0
 *(.vector_31)
                0x00000001                ASSERT (((_vector_spacing == 0x0) || (SIZEOF (.vector_31) <= (_vector_spacing << 0x5))), function at exception vector 31 too large)

.vector_32      0x9fc01600        0x0
 *(.vector_32)
                0x00000001                ASSERT (((_vector_spacing == 0x0) || (SIZEOF (.vector_32) <= (_vector_spacing << 0x5))), function at exception vector 32 too large)

.vector_33      0x9fc01620        0x0
 *(.vector_33)
                0x00000001                ASSERT (((_vector_spacing == 0x0) || (SIZEOF (.vector_33) <= (_vector_spacing << 0x5))), function at exception vector 33 too large)

.vector_34      0x9fc01640        0x0
 *(.vector_34)
                0x00000001                ASSERT (((_vector_spacing == 0x0) || (SIZEOF (.vector_34) <= (_vector_spacing << 0x5))), function at exception vector 34 too large)

.vector_35      0x9fc01660        0x0
 *(.vector_35)
                0x00000001                ASSERT (((_vector_spacing == 0x0) || (SIZEOF (.vector_35) <= (_vector_spacing << 0x5))), function at exception vector 35 too large)

.vector_36      0x9fc01680        0x0
 *(.vector_36)
                0x00000001                ASSERT (((_vector_spacing == 0x0) || (SIZEOF (.vector_36) <= (_vector_spacing << 0x5))), function at exception vector 36 too large)

.vector_37      0x9fc016a0        0x0
 *(.vector_37)
                0x00000001                ASSERT (((_vector_spacing == 0x0) || (SIZEOF (.vector_37) <= (_vector_spacing << 0x5))), function at exception vector 37 too large)

.vector_38      0x9fc016c0        0x0
 *(.vector_38)
                0x00000001                ASSERT (((_vector_spacing == 0x0) || (SIZEOF (.vector_38) <= (_vector_spacing << 0x5))), function at exception vector 38 too large)

.vector_39      0x9fc016e0        0x0
 *(.vector_39)
                0x00000001                ASSERT (((_vector_spacing == 0x0) || (SIZEOF (.vector_39) <= (_vector_spacing << 0x5))), function at exception vector 39 too large)

.vector_40      0x9fc01700        0x0
 *(.vector_40)
                0x00000001                ASSERT (((_vector_spacing == 0x0) || (SIZEOF (.vector_40) <= (_vector_spacing << 0x5))), function at exception vector 40 too large)

.vector_41      0x9fc01720        0x0
 *(.vector_41)
                0x00000001                ASSERT (((_vector_spacing == 0x0) || (SIZEOF (.vector_41) <= (_vector_spacing << 0x5))), function at exception vector 41 too large)

.vector_42      0x9fc01740        0x0
 *(.vector_42)
                0x00000001                ASSERT (((_vector_spacing == 0x0) || (SIZEOF (.vector_42) <= (_vector_spacing << 0x5))), function at exception vector 42 too large)

.vector_43      0x9fc01760        0x0
 *(.vector_43)
                0x00000001                ASSERT (((_vector_spacing == 0x0) || (SIZEOF (.vector_43) <= (_vector_spacing << 0x5))), function at exception vector 43 too large)

.vector_44      0x9fc01780        0x0
 *(.vector_44)
                0x00000001                ASSERT (((_vector_spacing == 0x0) || (SIZEOF (.vector_44) <= (_vector_spacing << 0x5))), function at exception vector 44 too large)

.vector_45      0x9fc017a0        0x0
 *(.vector_45)
                0x00000001                ASSERT (((_vector_spacing == 0x0) || (SIZEOF (.vector_45) <= (_vector_spacing << 0x5))), function at exception vector 45 too large)

.vector_46      0x9fc017c0        0x0
 *(.vector_46)
                0x00000001                ASSERT (((_vector_spacing == 0x0) || (SIZEOF (.vector_46) <= (_vector_spacing << 0x5))), function at exception vector 46 too large)

.vector_47      0x9fc017e0        0x0
 *(.vector_47)
                0x00000001                ASSERT (((_vector_spacing == 0x0) || (SIZEOF (.vector_47) <= (_vector_spacing << 0x5))), function at exception vector 47 too large)

.vector_48      0x9fc01800        0x0
 *(.vector_48)
                0x00000001                ASSERT (((_vector_spacing == 0x0) || (SIZEOF (.vector_48) <= (_vector_spacing << 0x5))), function at exception vector 48 too large)

.vector_49      0x9fc01820        0x0
 *(.vector_49)
                0x00000001                ASSERT (((_vector_spacing == 0x0) || (SIZEOF (.vector_49) <= (_vector_spacing << 0x5))), function at exception vector 49 too large)

.vector_50      0x9fc01840        0x0
 *(.vector_50)
                0x00000001                ASSERT (((_vector_spacing == 0x0) || (SIZEOF (.vector_50) <= (_vector_spacing << 0x5))), function at exception vector 50 too large)

.vector_51      0x9fc01860        0x0
 *(.vector_51)
                0x00000001                ASSERT (((_vector_spacing == 0x0) || (SIZEOF (.vector_51) <= (_vector_spacing << 0x5))), function at exception vector 51 too large)

.vector_52      0x9fc01880        0x0
 *(.vector_52)
                0x00000001                ASSERT (((_vector_spacing == 0x0) || (SIZEOF (.vector_52) <= (_vector_spacing << 0x5))), function at exception vector 52 too large)

.vector_53      0x9fc018a0        0x0
 *(.vector_53)
                0x00000001                ASSERT (((_vector_spacing == 0x0) || (SIZEOF (.vector_53) <= (_vector_spacing << 0x5))), function at exception vector 53 too large)

.vector_54      0x9fc018c0        0x0
 *(.vector_54)
                0x00000001                ASSERT (((_vector_spacing == 0x0) || (SIZEOF (.vector_54) <= (_vector_spacing << 0x5))), function at exception vector 54 too large)

.vector_55      0x9fc018e0        0x0
 *(.vector_55)
                0x00000001                ASSERT (((_vector_spacing == 0x0) || (SIZEOF (.vector_55) <= (_vector_spacing << 0x5))), function at exception vector 55 too large)

.vector_56      0x9fc01900        0x0
 *(.vector_56)
                0x00000001                ASSERT (((_vector_spacing == 0x0) || (SIZEOF (.vector_56) <= (_vector_spacing << 0x5))), function at exception vector 56 too large)

.vector_57      0x9fc01920        0x0
 *(.vector_57)
                0x00000001                ASSERT (((_vector_spacing == 0x0) || (SIZEOF (.vector_57) <= (_vector_spacing << 0x5))), function at exception vector 57 too large)

.vector_58      0x9fc01940        0x0
 *(.vector_58)
                0x00000001                ASSERT (((_vector_spacing == 0x0) || (SIZEOF (.vector_58) <= (_vector_spacing << 0x5))), function at exception vector 58 too large)

.vector_59      0x9fc01960        0x0
 *(.vector_59)
                0x00000001                ASSERT (((_vector_spacing == 0x0) || (SIZEOF (.vector_59) <= (_vector_spacing << 0x5))), function at exception vector 59 too large)

.vector_60      0x9fc01980        0x0
 *(.vector_60)
                0x00000001                ASSERT (((_vector_spacing == 0x0) || (SIZEOF (.vector_60) <= (_vector_spacing << 0x5))), function at exception vector 60 too large)

.vector_61      0x9fc019a0        0x0
 *(.vector_61)
                0x00000001                ASSERT (((_vector_spacing == 0x0) || (SIZEOF (.vector_61) <= (_vector_spacing << 0x5))), function at exception vector 61 too large)

.vector_62      0x9fc019c0        0x0
 *(.vector_62)
                0x00000001                ASSERT (((_vector_spacing == 0x0) || (SIZEOF (.vector_62) <= (_vector_spacing << 0x5))), function at exception vector 62 too large)

.vector_63      0x9fc019e0        0x0
 *(.vector_63)
                0x00000001                ASSERT (((_vector_spacing == 0x0) || (SIZEOF (.vector_63) <= (_vector_spacing << 0x5))), function at exception vector 63 too large)

.startup        0x9fc00490      0x1e0
 *(.startup)
 .startup       0x9fc00490      0x1e0 C:/Program Files (x86)/Microchip/MPLAB C32 Suite/bin/../lib/gcc/pic32mx/3.4.4/../../../../pic32mx/lib/size/crt0.o

.text           0x9d000000    0x23888
                0x9d000000                _text_begin = .
 *(.text .stub .text.* .gnu.linkonce.t.*)
 .text          0x9d000000       0x10 C:/Program Files (x86)/Microchip/MPLAB C32 Suite/bin/../lib/gcc/pic32mx/3.4.4/../../../../pic32mx/lib/size/crt0.o
                0x9d000008                __crt0_exit
 .text          0x9d000010      0x3a4 Objects - TCPIP Demo App - C32 - PIC32_ENET_SK_DM320004_INTERNAL_ETHERNET\Announce.o
                0x9d000010                AnnounceIP
                0x9d000170                DiscoveryTask
 .text          0x9d0003b4      0x5f4 Objects - TCPIP Demo App - C32 - PIC32_ENET_SK_DM320004_INTERNAL_ETHERNET\ARP.o
                0x9d0004c0                ARPInit
                0x9d000550                ARPProcess
                0x9d000740                ARPResolve
                0x9d000820                ARPIsResolved
                0x9d000920                SwapARPPacket
 .text          0x9d0009a8     0x1ae8 Objects - TCPIP Demo App - C32 - PIC32_ENET_SK_DM320004_INTERNAL_ETHERNET\BerkeleyAPI.o
                0x9d0009a8                BerkeleySocketInit
                0x9d000a1c                socket
                0x9d000b60                bind
                0x9d000cf4                listen
                0x9d000fd0                accept
                0x9d0012f4                connect
                0x9d001664                send
                0x9d0016c4                sendto
                0x9d001aa4                recv
                0x9d001c34                recvfrom
                0x9d001ed8                gethostname
                0x9d001fdc                closesocket
 .text          0x9d002490       0xec Objects - TCPIP Demo App - C32 - PIC32_ENET_SK_DM320004_INTERNAL_ETHERNET\Delay.o
                0x9d002490                DelayMs
                0x9d002514                Delay10us
 .text          0x9d00257c      0xe60 Objects - TCPIP Demo App - C32 - PIC32_ENET_SK_DM320004_INTERNAL_ETHERNET\DNS.o
                0x9d00257c                DNSBeginUsage
                0x9d0025d4                DNSEndUsage
                0x9d002648                DNSResolve
                0x9d0026dc                DNSIsResolved
 .text          0x9d0033dc     0x1788 Objects - TCPIP Demo App - C32 - PIC32_ENET_SK_DM320004_INTERNAL_ETHERNET\DynDNS.o
                0x9d0033dc                DDNSInit
                0x9d00347c                DDNSTask
                0x9d004a4c                DDNSForceUpdate
                0x9d004a90                DDNSSetService
                0x9d004b10                DDNSGetLastIP
                0x9d004b40                DDNSGetLastStatus
 .text          0x9d004b64     0x13f4 Objects - TCPIP Demo App - C32 - PIC32_ENET_SK_DM320004_INTERNAL_ETHERNET\ETHPIC32ExtPhy.o
                0x9d004b64                EthPhyRestartNegotiation
                0x9d004bfc                EthPhyGetHwConfigFlags
                0x9d004c70                EthPhyInit
                0x9d005170                EthPhyNegotiationComplete
                0x9d005418                EthPhyGetNegotiationResult
                0x9d005774                EthPhyGetLinkStatus
                0x9d005864                EthPhyReset
                0x9d005994                EthPhyScanLinkStart
                0x9d0059cc                EthPhyScanLinkRead
                0x9d005a40                EthPhyScanLinkStop
 .text          0x9d005f58      0x1c4 Objects - TCPIP Demo App - C32 - PIC32_ENET_SK_DM320004_INTERNAL_ETHERNET\ETHPIC32ExtPhyDP83848.o
                0x9d005f58                EthPhyConfigureMII
                0x9d006000                EthPhyConfigureMdix
                0x9d0060d0                EthPhyMIIMAddress
                0x9d0060f4                EthPhyMIIMClock
 .text          0x9d00611c      0xf00 Objects - TCPIP Demo App - C32 - PIC32_ENET_SK_DM320004_INTERNAL_ETHERNET\ETHPIC32IntMac.o
                0x9d00611c                MACInit
                0x9d0064fc                MACIsLinked
                0x9d006524                MACGetTxBaseAddr
                0x9d00656c                MACGetHttpBaseAddr
                0x9d006594                MACGetSslBaseAddr
                0x9d0065bc                MACSetWritePtr
                0x9d0065f4                MACIsTxReady
                0x9d006768                MACPut
                0x9d0067ac                MACPutArray
                0x9d006808                MACPutHeader
                0x9d0068fc                MACFlush
                0x9d00696c                MACDiscardRx
                0x9d0069c8                MACGetHeader
                0x9d006be0                MACSetReadPtrInRx
                0x9d006c1c                MACSetReadPtr
                0x9d006c54                MACGet
                0x9d006c90                MACGetArray
                0x9d006cfc                MACGetFreeRxSize
                0x9d006d54                MACMemCopyAsync
                0x9d006e10                MACIsMemCopyDone
                0x9d006e34                CalcIPBufferChecksum
                0x9d006e78                MACCalcRxChecksum
 .text          0x9d00701c      0x76c Objects - TCPIP Demo App - C32 - PIC32_ENET_SK_DM320004_INTERNAL_ETHERNET\Hashes.o
                0x9d00701c                HashAddData
                0x9d00707c                MD5Initialize
                0x9d0070f0                MD5AddData
                0x9d0074ac                MD5Calculate
 .text          0x9d007788     0x14f0 Objects - TCPIP Demo App - C32 - PIC32_ENET_SK_DM320004_INTERNAL_ETHERNET\Helpers.o
                0x9d007788                LFSRSeedRand
                0x9d00780c                LFSRRand
                0x9d007884                GenerateRandomDWORD
                0x9d007ac4                StringToIPAddress
                0x9d007dc4                Base64Decode
                0x9d0080cc                Base64Encode
                0x9d00835c                uitoa
                0x9d008480                ultoa_leg
                0x9d0085a4                hexatob
                0x9d008678                btohexa_high
                0x9d0086e8                btohexa_low
                0x9d008758                stricmppgm2ram
                0x9d0088d8                swaps
                0x9d008924                swapl
                0x9d0089ac                CalcIPChecksum
                0x9d008a88                strupr
                0x9d008b18                FormatNetBIOSName
                0x9d008bd0                strnchr
 .text          0x9d008c78     0x370c Objects - TCPIP Demo App - C32 - PIC32_ENET_SK_DM320004_INTERNAL_ETHERNET\HTTP2.o
                0x9d008c78                HTTPPrint
                0x9d009148                HTTPPrint_
                0x9d009198                HTTPInit
                0x9d0092a8                HTTPServer
                0x9d00ba38                HTTPURLDecode
                0x9d00bc0c                HTTPGetArg
                0x9d00bcd8                HTTPReadPostName
                0x9d00bd54                HTTPReadPostValue
                0x9d00c184                HTTPIncFile
 .text          0x9d00c384      0x604 Objects - TCPIP Demo App - C32 - PIC32_ENET_SK_DM320004_INTERNAL_ETHERNET\ICMP.o
                0x9d00c384                ICMPProcess
                0x9d00c578                ICMPSendPing
                0x9d00c5d4                ICMPSendPingToHost
                0x9d00c640                ICMPGetReply
                0x9d00c900                ICMPBeginUsage
                0x9d00c958                ICMPEndUsage
 .text          0x9d00c988      0x31c Objects - TCPIP Demo App - C32 - PIC32_ENET_SK_DM320004_INTERNAL_ETHERNET\IP.o
                0x9d00c988                IPGetHeader
                0x9d00cac4                IPPutHeader
                0x9d00cbd0                IPSetRxBuffer
 .text          0x9d00cca4     0x1818 Objects - TCPIP Demo App - C32 - PIC32_ENET_SK_DM320004_INTERNAL_ETHERNET\MPFS2.o
                0x9d00cca4                MPFSInit
                0x9d00cd2c                MPFSOpen
                0x9d00d064                MPFSOpenID
                0x9d00d1f8                MPFSClose
                0x9d00d264                MPFSGet
                0x9d00d4b0                MPFSGetArray
                0x9d00d764                MPFSGetLong
                0x9d00d7b8                MPFSSeek
                0x9d00dcb8                MPFSGetTimestamp
                0x9d00dd84                MPFSGetMicrotime
                0x9d00de50                MPFSGetFlags
                0x9d00df1c                MPFSGetSize
                0x9d00dfe8                MPFSGetBytesRem
                0x9d00e094                MPFSGetStartAddr
                0x9d00e164                MPFSGetEndAddr
                0x9d00e248                MPFSGetFilename
                0x9d00e358                MPFSGetPosition
                0x9d00e3cc                MPFSGetID
 .text          0x9d00e4bc      0x6fc Objects - TCPIP Demo App - C32 - PIC32_ENET_SK_DM320004_INTERNAL_ETHERNET\NBNS.o
                0x9d00e4bc                NBNSTask
 .text          0x9d00ebb8      0x158 Objects - TCPIP Demo App - C32 - PIC32_ENET_SK_DM320004_INTERNAL_ETHERNET\Reboot.o
                0x9d00ebb8                RebootTask
 .text          0x9d00ed10     0x25c8 Objects - TCPIP Demo App - C32 - PIC32_ENET_SK_DM320004_INTERNAL_ETHERNET\SMTP.o
                0x9d00ed10                SMTPBeginUsage
                0x9d00edac                SMTPEndUsage
                0x9d00ee78                SMTPTask
                0x9d010ba4                SMTPSendMail
                0x9d010bd0                SMTPIsBusy
                0x9d010bf8                SMTPIsPutReady
                0x9d010c54                SMTPPut
                0x9d010df8                SMTPPutArray
                0x9d010e98                SMTPPutString
                0x9d010f24                SMTPFlush
                0x9d010f5c                SMTPPutDone
 .text          0x9d0112d8      0x4c0 Objects - TCPIP Demo App - C32 - PIC32_ENET_SK_DM320004_INTERNAL_ETHERNET\SNTP.o
                0x9d0112d8                SNTPClient
                0x9d011700                SNTPGetUTCSeconds
 .text          0x9d011798      0x2e0 Objects - TCPIP Demo App - C32 - PIC32_ENET_SK_DM320004_INTERNAL_ETHERNET\StackTsk.o
                0x9d011798                StackInit
                0x9d011810                StackTask
                0x9d011a08                StackApplications
 .text          0x9d011a78     0x8644 Objects - TCPIP Demo App - C32 - PIC32_ENET_SK_DM320004_INTERNAL_ETHERNET\TCP.o
                0x9d011bac                TCPInit
                0x9d011eb8                TCPOpen
                0x9d01232c                TCPWasReset
                0x9d0123d8                TCPIsConnected
                0x9d012434                TCPDisconnect
                0x9d0126b8                TCPClose
                0x9d012730                TCPGetRemoteInfo
                0x9d0127ac                TCPFlush
                0x9d012834                TCPIsPutReady
                0x9d012a28                TCPPut
                0x9d012d7c                TCPPutArray
                0x9d013200                TCPPutString
                0x9d013264                TCPGetTxFIFOFull
                0x9d013318                TCPDiscard
                0x9d0133c0                TCPIsGetReady
                0x9d01355c                TCPGet
                0x9d0137e4                TCPGetArray
                0x9d013bc4                TCPGetRxFIFOFree
                0x9d013c74                TCPPeekArray
                0x9d013f38                TCPPeek
                0x9d013f94                TCPFindArrayEx
                0x9d0145b0                TCPFindEx
                0x9d014624                TCPTick
                0x9d015690                TCPProcess
                0x9d019790                TCPAdjustFIFOSize
 .text          0x9d01a0bc      0x5b0 Objects - TCPIP Demo App - C32 - PIC32_ENET_SK_DM320004_INTERNAL_ETHERNET\TCPPerformanceTest.o
                0x9d01a0bc                TCPPerformanceTask
                0x9d01a0f4                TCPTXPerformanceTask
                0x9d01a438                TCPRXPerformanceTask
 .text          0x9d01a66c      0xbe4 Objects - TCPIP Demo App - C32 - PIC32_ENET_SK_DM320004_INTERNAL_ETHERNET\Telnet.o
                0x9d01a66c                TelnetTask
 .text          0x9d01b250      0x2d8 Objects - TCPIP Demo App - C32 - PIC32_ENET_SK_DM320004_INTERNAL_ETHERNET\Tick.o
                0x9d01b250                TickInit
                0x9d01b36c                TickGet
                0x9d01b3a0                TickGetDiv256
                0x9d01b3f4                TickGetDiv64K
                0x9d01b448                TickConvertToMilliseconds
                0x9d01b4a0                _T1Interrupt
 .text          0x9d01b528      0xcb4 Objects - TCPIP Demo App - C32 - PIC32_ENET_SK_DM320004_INTERNAL_ETHERNET\UDP.o
                0x9d01b528                UDPInit
                0x9d01b594                UDPTask
                0x9d01b5bc                UDPOpen
                0x9d01b710                UDPClose
                0x9d01b79c                UDPSetTxBuffer
                0x9d01b7fc                UDPSetRxBuffer
                0x9d01b84c                UDPIsPutReady
                0x9d01b8e0                UDPPut
                0x9d01b970                UDPPutArray
                0x9d01ba14                UDPPutString
                0x9d01ba68                UDPFlush
                0x9d01bc48                UDPIsGetReady
                0x9d01bce4                UDPGet
                0x9d01bd74                UDPGetArray
                0x9d01be40                UDPDiscard
                0x9d01be9c                UDPProcess
 .text          0x9d01c1dc     0x36e8 Objects - TCPIP Demo App - C32 - PIC32_ENET_SK_DM320004_INTERNAL_ETHERNET\CustomHTTPApp.o
                0x9d01c1dc                HTTPNeedsAuth
                0x9d01c26c                HTTPCheckAuth
                0x9d01c2ec                HTTPExecuteGet
                0x9d01c654                HTTPExecutePost
                0x9d01e1cc                HTTPPrint_builddate
                0x9d01e274                HTTPPrint_version
                0x9d01e2c8                HTTPPrint_btn
                0x9d01e410                HTTPPrint_led
                0x9d01e58c                HTTPPrint_ledSelected
                0x9d01e71c                HTTPPrint_pot
                0x9d01e78c                HTTPPrint_lcdtext
                0x9d01e808                HTTPPrint_hellomsg
                0x9d01e8ac                HTTPPrint_cookiename
                0x9d01e958                HTTPPrint_uploadedmd5
                0x9d01eb4c                HTTPPrintIP
                0x9d01ec1c                HTTPPrint_config_hostname
                0x9d01ec70                HTTPPrint_config_dhcpchecked
                0x9d01ece0                HTTPPrint_config_ip
                0x9d01ed28                HTTPPrint_config_gw
                0x9d01ed70                HTTPPrint_config_subnet
                0x9d01edb8                HTTPPrint_config_dns1
                0x9d01ee00                HTTPPrint_config_dns2
                0x9d01ee48                HTTPPrint_config_mac
                0x9d01efb0                HTTPPrint_read_comm
                0x9d01efd8                HTTPPrint_write_comm
                0x9d01f000                HTTPPrint_reboot
                0x9d01f018                HTTPPrint_rebootaddr
                0x9d01f06c                HTTPPrint_ddns_user
                0x9d01f15c                HTTPPrint_ddns_pass
                0x9d01f24c                HTTPPrint_ddns_host
                0x9d01f33c                HTTPPrint_ddns_service
                0x9d01f3f8                HTTPPrint_ddns_status
                0x9d01f504                HTTPPrint_ddns_status_msg
                0x9d01f6ec                HTTPPrint_smtps_en
                0x9d01f740                HTTPPrint_snmp_en
                0x9d01f794                HTTPPrint_status_ok
                0x9d01f82c                HTTPPrint_status_fail
 .text          0x9d01f8c4      0x91c Objects - TCPIP Demo App - C32 - PIC32_ENET_SK_DM320004_INTERNAL_ETHERNET\MainDemo.o
                0x9d01f8c4                _general_exception_handler
                0x9d01f8f0                main
                0x9d01fa38                DisplayIPValue
 .text          0x9d0201e0      0x240 Objects - TCPIP Demo App - C32 - PIC32_ENET_SK_DM320004_INTERNAL_ETHERNET\BerkeleyTCPClientDemo.o
                0x9d0201e0                BerkeleyTCPClientDemo
 .text          0x9d020420      0x2ac Objects - TCPIP Demo App - C32 - PIC32_ENET_SK_DM320004_INTERNAL_ETHERNET\BerkeleyTCPServerDemo.o
                0x9d020420                BerkeleyTCPServerDemo
 .text          0x9d0206cc      0x420 Objects - TCPIP Demo App - C32 - PIC32_ENET_SK_DM320004_INTERNAL_ETHERNET\BerkeleyUDPClientDemo.o
                0x9d0206cc                BerkeleyUDPClientDemo
                0x9d020a54                BerkeleySNTPGetUTCSeconds
 .text          0x9d020aec      0x300 Objects - TCPIP Demo App - C32 - PIC32_ENET_SK_DM320004_INTERNAL_ETHERNET\GenericTCPClient.o
                0x9d020aec                GenericTCPClient
 .text          0x9d020dec      0x258 Objects - TCPIP Demo App - C32 - PIC32_ENET_SK_DM320004_INTERNAL_ETHERNET\GenericTCPServer.o
                0x9d020dec                GenericTCPServer
 .text          0x9d021044      0x140 Objects - TCPIP Demo App - C32 - PIC32_ENET_SK_DM320004_INTERNAL_ETHERNET\PingDemo.o
                0x9d021044                PingDemo
 .text          0x9d021184      0x260 Objects - TCPIP Demo App - C32 - PIC32_ENET_SK_DM320004_INTERNAL_ETHERNET\SMTPDemo.o
                0x9d021184                SMTPDemo
 .text.__udivdi3
                0x9d0213e4      0x44c C:/Program Files (x86)/Microchip/MPLAB C32 Suite/bin/../lib/gcc/pic32mx/3.4.4/size\libgcc.a(_udivdi3.o)
                0x9d0213e4                __udivdi3
 .text          0x9d021830       0x98 C:/Program Files (x86)/Microchip/MPLAB C32 Suite/bin/../lib/gcc/pic32mx/3.4.4/../../../../pic32mx/lib/size\libc.a(memcmp.o)
                0x9d021830                memcmp
 .text          0x9d0218c8      0x168 C:/Program Files (x86)/Microchip/MPLAB C32 Suite/bin/../lib/gcc/pic32mx/3.4.4/../../../../pic32mx/lib/size\libc.a(memcpy.o)
                0x9d0218c8                memcpy
 .text          0x9d021a30       0xa8 C:/Program Files (x86)/Microchip/MPLAB C32 Suite/bin/../lib/gcc/pic32mx/3.4.4/../../../../pic32mx/lib/size\libc.a(memset.o)
                0x9d021a30                memset
 .text          0x9d021ad8      0x120 C:/Program Files (x86)/Microchip/MPLAB C32 Suite/bin/../lib/gcc/pic32mx/3.4.4/../../../../pic32mx/lib/size\libc.a(strcmp.o)
                0x9d021ad8                strcmp
 .text          0x9d021bf8      0x1a0 C:/Program Files (x86)/Microchip/MPLAB C32 Suite/bin/../lib/gcc/pic32mx/3.4.4/../../../../pic32mx/lib/size\libc.a(strcpy.o)
                0x9d021bf8                strcpy
 .text          0x9d021d98      0x168 C:/Program Files (x86)/Microchip/MPLAB C32 Suite/bin/../lib/gcc/pic32mx/3.4.4/../../../../pic32mx/lib/size\libc.a(strlen.o)
                0x9d021d98                strlen
 .text.general_exception
                0x9d021f00       0xd0 C:/Program Files (x86)/Microchip/MPLAB C32 Suite/bin/../lib/gcc/pic32mx/3.4.4/../../../../pic32mx/lib/size\libc.a(general-exception.o)
                0x9d021f00                _general_exception_context
 .text.atoi     0x9d021fd0       0xa4 C:/Program Files (x86)/Microchip/MPLAB C32 Suite/bin/../lib/gcc/pic32mx/3.4.4/../../../../pic32mx/lib/size\libc.a(atoi.o)
                0x9d021fd0                atoi
 .text.atol     0x9d022074       0xa8 C:/Program Files (x86)/Microchip/MPLAB C32 Suite/bin/../lib/gcc/pic32mx/3.4.4/../../../../pic32mx/lib/size\libc.a(atol.o)
                0x9d022074                atol
 .text.calloc   0x9d02211c       0x58 C:/Program Files (x86)/Microchip/MPLAB C32 Suite/bin/../lib/gcc/pic32mx/3.4.4/../../../../pic32mx/lib/size\libc.a(calloc.o)
                0x9d02211c                calloc
 .text.malloc   0x9d022174      0x234 C:/Program Files (x86)/Microchip/MPLAB C32 Suite/bin/../lib/gcc/pic32mx/3.4.4/../../../../pic32mx/lib/size\libc.a(malloc.o)
                0x9d022174                malloc
 .text.strchr   0x9d0223a8       0x28 C:/Program Files (x86)/Microchip/MPLAB C32 Suite/bin/../lib/gcc/pic32mx/3.4.4/../../../../pic32mx/lib/size\libc.a(strchr.o)
                0x9d0223a8                strchr
 .text.strstr   0x9d0223d0       0x80 C:/Program Files (x86)/Microchip/MPLAB C32 Suite/bin/../lib/gcc/pic32mx/3.4.4/../../../../pic32mx/lib/size\libc.a(strstr.o)
                0x9d0223d0                strstr
 .text._stub_sbd_memlayout
                0x9d022450       0x2c C:/Program Files (x86)/Microchip/MPLAB C32 Suite/bin/../lib/gcc/pic32mx/3.4.4/../../../../pic32mx/lib/size\libc.a(sbrk.o)
                0x9d022450                _stub_sbd_memlayout
                0x9d022450                _sbd_memlayout
 .text._sbrk_init
                0x9d02247c      0x148 C:/Program Files (x86)/Microchip/MPLAB C32 Suite/bin/../lib/gcc/pic32mx/3.4.4/../../../../pic32mx/lib/size\libc.a(sbrk.o)
                0x9d02247c                _sbrk_init
 .text._sbrk    0x9d0225c4       0xa4 C:/Program Files (x86)/Microchip/MPLAB C32 Suite/bin/../lib/gcc/pic32mx/3.4.4/../../../../pic32mx/lib/size\libc.a(sbrk.o)
                0x9d0225c4                _sbrk
 .text.sbrk     0x9d022668       0x5c C:/Program Files (x86)/Microchip/MPLAB C32 Suite/bin/../lib/gcc/pic32mx/3.4.4/../../../../pic32mx/lib/size\libc.a(sbrk.o)
                0x9d022668                sbrk
 .text._bootstrap_exception_handler
                0x9d0226c4        0x8 C:/Program Files (x86)/Microchip/MPLAB C32 Suite/bin/../lib/gcc/pic32mx/3.4.4/../../../../pic32mx/lib/size\libc.a(default-bootstrap-exception-handler.o)
                0x9d0226c4                _bootstrap_exception_handler
 .text._on_reset
                0x9d0226cc        0x8 C:/Program Files (x86)/Microchip/MPLAB C32 Suite/bin/../lib/gcc/pic32mx/3.4.4/../../../../pic32mx/lib/size\libc.a(default-on-reset.o)
                0x9d0226cc                _on_reset
 .text._on_bootstrap
                0x9d0226d4        0x8 C:/Program Files (x86)/Microchip/MPLAB C32 Suite/bin/../lib/gcc/pic32mx/3.4.4/../../../../pic32mx/lib/size\libc.a(default-on-bootstrap.o)
                0x9d0226d4                _on_bootstrap
 .text          0x9d0226dc       0x18 C:/Program Files (x86)/Microchip/MPLAB C32 Suite/bin/../lib/gcc/pic32mx/3.4.4/../../../../pic32mx/lib/size\libc.a(default-nmi-handler.o)
                0x9d0226dc                _nmi_handler
 .text.strncmp  0x9d0226f4       0x4c C:/Program Files (x86)/Microchip/MPLAB C32 Suite/bin/../lib/gcc/pic32mx/3.4.4/../../../../pic32mx/lib/size\libc.a(strncmp.o)
                0x9d0226f4                strncmp
 .text.ReadCoreTimer
                0x9d022740        0x8 C:/Program Files (x86)/Microchip/MPLAB C32 Suite/bin/../lib/gcc/pic32mx/3.4.4/../../../../pic32mx/lib/size\libmchp_peripheral.a(read_core_timer_lib.o)
                0x9d022740                ReadCoreTimer
 .text._EthAckPacket
                0x9d022748      0x1ac C:/Program Files (x86)/Microchip/MPLAB C32 Suite/bin/../lib/gcc/pic32mx/3.4.4/../../../../pic32mx/lib/size\libmchp_peripheral_32MX795F512L.a(eth_ack_packet_lib.o)
                0x9d022748                _EthAckPacket
 .text.EthTxAcknowledgeBuffer
                0x9d0228f4       0x30 C:/Program Files (x86)/Microchip/MPLAB C32 Suite/bin/../lib/gcc/pic32mx/3.4.4/../../../../pic32mx/lib/size\libmchp_peripheral_32MX795F512L.a(eth_ack_packet_lib.o)
                0x9d0228f4                EthTxAcknowledgeBuffer
 .text._EthRxAckBuffer
                0x9d022924      0x180 C:/Program Files (x86)/Microchip/MPLAB C32 Suite/bin/../lib/gcc/pic32mx/3.4.4/../../../../pic32mx/lib/size\libmchp_peripheral_32MX795F512L.a(eth_ack_packet_lib.o)
 .text.EthRxAcknowledgeBuffer
                0x9d022aa4       0x1c C:/Program Files (x86)/Microchip/MPLAB C32 Suite/bin/../lib/gcc/pic32mx/3.4.4/../../../../pic32mx/lib/size\libmchp_peripheral_32MX795F512L.a(eth_ack_packet_lib.o)
                0x9d022aa4                EthRxAcknowledgeBuffer
 .text.EthDescriptorsPoolAdd
                0x9d022ac0      0x158 C:/Program Files (x86)/Microchip/MPLAB C32 Suite/bin/../lib/gcc/pic32mx/3.4.4/../../../../pic32mx/lib/size\libmchp_peripheral_32MX795F512L.a(eth_descriptors_add_lib.o)
                0x9d022ac0                EthDescriptorsPoolAdd
 .text.EthInit  0x9d022c18       0xb0 C:/Program Files (x86)/Microchip/MPLAB C32 Suite/bin/../lib/gcc/pic32mx/3.4.4/../../../../pic32mx/lib/size\libmchp_peripheral_32MX795F512L.a(eth_init_lib.o)
                0x9d022c18                EthInit
 .text.EthMACOpen
                0x9d022cc8       0xb4 C:/Program Files (x86)/Microchip/MPLAB C32 Suite/bin/../lib/gcc/pic32mx/3.4.4/../../../../pic32mx/lib/size\libmchp_peripheral_32MX795F512L.a(eth_mac_open_lib.o)
                0x9d022cc8                EthMACOpen
 .text.EthMACSetAddress
                0x9d022d7c       0x4c C:/Program Files (x86)/Microchip/MPLAB C32 Suite/bin/../lib/gcc/pic32mx/3.4.4/../../../../pic32mx/lib/size\libmchp_peripheral_32MX795F512L.a(eth_mac_set_address_max_lib.o)
                0x9d022d7c                EthMACSetAddress
 .text.EthRxBuffersAppend
                0x9d022dc8      0x21c C:/Program Files (x86)/Microchip/MPLAB C32 Suite/bin/../lib/gcc/pic32mx/3.4.4/../../../../pic32mx/lib/size\libmchp_peripheral_32MX795F512L.a(eth_rx_buffers_append_lib.o)
                0x9d022dc8                EthRxBuffersAppend
 .text.EthRxFiltersSet
                0x9d022fe4       0x10 C:/Program Files (x86)/Microchip/MPLAB C32 Suite/bin/../lib/gcc/pic32mx/3.4.4/../../../../pic32mx/lib/size\libmchp_peripheral_32MX795F512L.a(eth_rx_filters_lib.o)
                0x9d022fe4                EthRxFiltersSet
 .text.EthRxFiltersClr
                0x9d022ff4       0x10 C:/Program Files (x86)/Microchip/MPLAB C32 Suite/bin/../lib/gcc/pic32mx/3.4.4/../../../../pic32mx/lib/size\libmchp_peripheral_32MX795F512L.a(eth_rx_filters_lib.o)
                0x9d022ff4                EthRxFiltersClr
 .text.EthRxGetPacket
                0x9d023004      0x178 C:/Program Files (x86)/Microchip/MPLAB C32 Suite/bin/../lib/gcc/pic32mx/3.4.4/../../../../pic32mx/lib/size\libmchp_peripheral_32MX795F512L.a(eth_rx_get_packet_lib.o)
                0x9d023004                EthRxGetPacket
 .text.EthRxGetBuffer
                0x9d02317c       0x3c C:/Program Files (x86)/Microchip/MPLAB C32 Suite/bin/../lib/gcc/pic32mx/3.4.4/../../../../pic32mx/lib/size\libmchp_peripheral_32MX795F512L.a(eth_rx_get_packet_lib.o)
                0x9d02317c                EthRxGetBuffer
 .text.EthRxSetBufferSize
                0x9d0231b8       0x30 C:/Program Files (x86)/Microchip/MPLAB C32 Suite/bin/../lib/gcc/pic32mx/3.4.4/../../../../pic32mx/lib/size\libmchp_peripheral_32MX795F512L.a(eth_rx_set_buffer_size_lib.o)
                0x9d0231b8                EthRxSetBufferSize
 .text._EthTxSchedBuffer
                0x9d0231e8       0xac C:/Program Files (x86)/Microchip/MPLAB C32 Suite/bin/../lib/gcc/pic32mx/3.4.4/../../../../pic32mx/lib/size\libmchp_peripheral_32MX795F512L.a(eth_tx_packet_lib.o)
 .text._EthTxSchedList
                0x9d023294       0x94 C:/Program Files (x86)/Microchip/MPLAB C32 Suite/bin/../lib/gcc/pic32mx/3.4.4/../../../../pic32mx/lib/size\libmchp_peripheral_32MX795F512L.a(eth_tx_packet_lib.o)
 .text.EthTxSendBuffer
                0x9d023328       0xc4 C:/Program Files (x86)/Microchip/MPLAB C32 Suite/bin/../lib/gcc/pic32mx/3.4.4/../../../../pic32mx/lib/size\libmchp_peripheral_32MX795F512L.a(eth_tx_packet_lib.o)
                0x9d023328                EthTxSendBuffer
 .text._EthAppendBusyList
                0x9d0233ec      0x178 C:/Program Files (x86)/Microchip/MPLAB C32 Suite/bin/../lib/gcc/pic32mx/3.4.4/../../../../pic32mx/lib/size\libmchp_peripheral_32MX795F512L.a(_eth_append_busy_list_lib.o)
                0x9d0233ec                _EthAppendBusyList
 .text.EthMIIMReadStart
                0x9d023564       0x40 C:/Program Files (x86)/Microchip/MPLAB C32 Suite/bin/../lib/gcc/pic32mx/3.4.4/../../../../pic32mx/lib/size\libmchp_peripheral_32MX795F512L.a(eth_miim_access.o)
                0x9d023564                EthMIIMReadStart
 .text.EthMIIMReadResult
                0x9d0235a4       0x28 C:/Program Files (x86)/Microchip/MPLAB C32 Suite/bin/../lib/gcc/pic32mx/3.4.4/../../../../pic32mx/lib/size\libmchp_peripheral_32MX795F512L.a(eth_miim_access.o)
                0x9d0235a4                EthMIIMReadResult
 .text.EthMIIMWriteStart
                0x9d0235cc       0x38 C:/Program Files (x86)/Microchip/MPLAB C32 Suite/bin/../lib/gcc/pic32mx/3.4.4/../../../../pic32mx/lib/size\libmchp_peripheral_32MX795F512L.a(eth_miim_access.o)
                0x9d0235cc                EthMIIMWriteStart
 .text.EthMIIMScanStart
                0x9d023604       0x34 C:/Program Files (x86)/Microchip/MPLAB C32 Suite/bin/../lib/gcc/pic32mx/3.4.4/../../../../pic32mx/lib/size\libmchp_peripheral_32MX795F512L.a(eth_miim_access.o)
                0x9d023604                EthMIIMScanStart
 .text.EthMIIMScanResult
                0x9d023638       0x20 C:/Program Files (x86)/Microchip/MPLAB C32 Suite/bin/../lib/gcc/pic32mx/3.4.4/../../../../pic32mx/lib/size\libmchp_peripheral_32MX795F512L.a(eth_miim_access.o)
                0x9d023638                EthMIIMScanResult
 .text.EthMIIMConfig
                0x9d023658       0x68 C:/Program Files (x86)/Microchip/MPLAB C32 Suite/bin/../lib/gcc/pic32mx/3.4.4/../../../../pic32mx/lib/size\libmchp_peripheral_32MX795F512L.a(eth_miim_access.o)
                0x9d023658                EthMIIMConfig
 .text.SoftReset
                0x9d0236c0       0x78 C:/Program Files (x86)/Microchip/MPLAB C32 Suite/bin/../lib/gcc/pic32mx/3.4.4/../../../../pic32mx/lib/size\libmchp_peripheral_32MX795F512L.a(soft_reset_lib.o)
                0x9d0236c0                SoftReset
 .text.CheKseg0CacheOn
                0x9d023738       0x18 C:/Program Files (x86)/Microchip/MPLAB C32 Suite/bin/../lib/gcc/pic32mx/3.4.4/../../../../pic32mx/lib/size\libmchp_peripheral_32MX795F512L.a(pcache.o)
                0x9d023738                CheKseg0CacheOn
 .text.INTDisableInterrupts
                0x9d023750        0x8 C:/Program Files (x86)/Microchip/MPLAB C32 Suite/bin/../lib/gcc/pic32mx/3.4.4/../../../../pic32mx/lib/size\libmchp_peripheral_32MX795F512L.a(int_disable_interrupts_lib.o)
                0x9d023750                INTDisableInterrupts
 .text.INTRestoreInterrupts
                0x9d023758       0x1c C:/Program Files (x86)/Microchip/MPLAB C32 Suite/bin/../lib/gcc/pic32mx/3.4.4/../../../../pic32mx/lib/size\libmchp_peripheral_32MX795F512L.a(int_restore_interrupts_lib.o)
                0x9d023758                INTRestoreInterrupts
 .text.INTEnableSystemMultiVectoredInt
                0x9d023774       0x34 C:/Program Files (x86)/Microchip/MPLAB C32 Suite/bin/../lib/gcc/pic32mx/3.4.4/../../../../pic32mx/lib/size\libmchp_peripheral_32MX795F512L.a(int_enable_mv_int_lib.o)
                0x9d023774                INTEnableSystemMultiVectoredInt
 .text.INTClearFlag
                0x9d0237a8       0x28 C:/Program Files (x86)/Microchip/MPLAB C32 Suite/bin/../lib/gcc/pic32mx/3.4.4/../../../../pic32mx/lib/size\libmchp_peripheral_32MX795F512L.a(int_tbl_lib.o)
                0x9d0237a8                INTClearFlag
 .text.INTEnable
                0x9d0237d0       0x38 C:/Program Files (x86)/Microchip/MPLAB C32 Suite/bin/../lib/gcc/pic32mx/3.4.4/../../../../pic32mx/lib/size\libmchp_peripheral_32MX795F512L.a(int_tbl_lib.o)
                0x9d0237d0                INTEnable
 .text.PORTSetPinsDigitalIn
                0x9d023808       0x3c C:/Program Files (x86)/Microchip/MPLAB C32 Suite/bin/../lib/gcc/pic32mx/3.4.4/../../../../pic32mx/lib/size\libmchp_peripheral_32MX795F512L.a(port_set_pins_digital_in_lib.o)
                0x9d023808                PORTSetPinsDigitalIn
 .text.PORTSetPinsDigitalOut
                0x9d023844       0x3c C:/Program Files (x86)/Microchip/MPLAB C32 Suite/bin/../lib/gcc/pic32mx/3.4.4/../../../../pic32mx/lib/size\libmchp_peripheral_32MX795F512L.a(port_set_pins_digital_out_lib.o)
                0x9d023844                PORTSetPinsDigitalOut
 .text.INTEnableInterrupts
                0x9d023880        0x8 C:/Program Files (x86)/Microchip/MPLAB C32 Suite/bin/../lib/gcc/pic32mx/3.4.4/../../../../pic32mx/lib/size\libmchp_peripheral_32MX795F512L.a(int_enable_interrupts_lib.o)
                0x9d023880                INTEnableInterrupts
 *(.text.*personality*)
 *(.gnu.warning)
 *(.mips16.fn.*)
 *(.mips16.call.*)
                0x9d023888                _text_end = .

.rodata         0x9d023888     0x9910
 *(.rodata .rodata.* .gnu.linkonce.r.*)
 .rodata        0x9d023888       0x1c Objects - TCPIP Demo App - C32 - PIC32_ENET_SK_DM320004_INTERNAL_ETHERNET\Announce.o
 .rodata        0x9d0238a4       0x20 Objects - TCPIP Demo App - C32 - PIC32_ENET_SK_DM320004_INTERNAL_ETHERNET\DNS.o
 .rodata        0x9d0238c4      0x228 Objects - TCPIP Demo App - C32 - PIC32_ENET_SK_DM320004_INTERNAL_ETHERNET\DynDNS.o
                0x9d02397c                ddnsServiceHosts
 .rodata        0x9d023aec        0x8 Objects - TCPIP Demo App - C32 - PIC32_ENET_SK_DM320004_INTERNAL_ETHERNET\ETHPIC32IntMac.o
 .rodata        0x9d023af4      0x140 Objects - TCPIP Demo App - C32 - PIC32_ENET_SK_DM320004_INTERNAL_ETHERNET\Hashes.o
 .rodata        0x9d023c34      0x6a0 Objects - TCPIP Demo App - C32 - PIC32_ENET_SK_DM320004_INTERNAL_ETHERNET\HTTP2.o
 .rodata        0x9d0242d4       0x1c Objects - TCPIP Demo App - C32 - PIC32_ENET_SK_DM320004_INTERNAL_ETHERNET\ICMP.o
 .rodata        0x9d0242f0        0x8 Objects - TCPIP Demo App - C32 - PIC32_ENET_SK_DM320004_INTERNAL_ETHERNET\MPFS2.o
 .rodata        0x9d0242f8      0x1e0 Objects - TCPIP Demo App - C32 - PIC32_ENET_SK_DM320004_INTERNAL_ETHERNET\SMTP.o
 .rodata        0x9d0244d8       0x44 Objects - TCPIP Demo App - C32 - PIC32_ENET_SK_DM320004_INTERNAL_ETHERNET\SNTP.o
 .rodata        0x9d02451c       0xa8 Objects - TCPIP Demo App - C32 - PIC32_ENET_SK_DM320004_INTERNAL_ETHERNET\TCP.o
                0x9d02451c                TCPSocketInitializer
 .rodata        0x9d0245c4       0x5c Objects - TCPIP Demo App - C32 - PIC32_ENET_SK_DM320004_INTERNAL_ETHERNET\TCPPerformanceTest.o
 .rodata        0x9d024620      0x200 Objects - TCPIP Demo App - C32 - PIC32_ENET_SK_DM320004_INTERNAL_ETHERNET\Telnet.o
 .rodata        0x9d024820      0x5d4 Objects - TCPIP Demo App - C32 - PIC32_ENET_SK_DM320004_INTERNAL_ETHERNET\CustomHTTPApp.o
                0x9d024ba4                HTML_UP_ARROW
                0x9d024ba8                HTML_DOWN_ARROW
 .rodata        0x9d024df4       0x14 Objects - TCPIP Demo App - C32 - PIC32_ENET_SK_DM320004_INTERNAL_ETHERNET\MainDemo.o
 .rodata        0x9d024e08       0x30 Objects - TCPIP Demo App - C32 - PIC32_ENET_SK_DM320004_INTERNAL_ETHERNET\BerkeleyTCPClientDemo.o
 .rodata        0x9d024e38       0x14 Objects - TCPIP Demo App - C32 - PIC32_ENET_SK_DM320004_INTERNAL_ETHERNET\BerkeleyTCPServerDemo.o
 .rodata        0x9d024e4c       0x2c Objects - TCPIP Demo App - C32 - PIC32_ENET_SK_DM320004_INTERNAL_ETHERNET\BerkeleyUDPClientDemo.o
 .rodata        0x9d024e78       0x7c Objects - TCPIP Demo App - C32 - PIC32_ENET_SK_DM320004_INTERNAL_ETHERNET\GenericTCPClient.o
 .rodata        0x9d024ef4       0x14 Objects - TCPIP Demo App - C32 - PIC32_ENET_SK_DM320004_INTERNAL_ETHERNET\PingDemo.o
 .rodata        0x9d024f08       0x50 Objects - TCPIP Demo App - C32 - PIC32_ENET_SK_DM320004_INTERNAL_ETHERNET\SMTPDemo.o
 .rodata        0x9d024f58     0x7bbc Objects - TCPIP Demo App - C32 - PIC32_ENET_SK_DM320004_INTERNAL_ETHERNET\MPFSImg2.o
                0x9d024f58                MPFS_Start
 .rodata._ctype
                0x9d02cb14      0x104 C:/Program Files (x86)/Microchip/MPLAB C32 Suite/bin/../lib/gcc/pic32mx/3.4.4/../../../../pic32mx/lib/size\libc.a(ctype.o)
                0x9d02cb14                _ctype
 .rodata._EthMIIClkDivTbl
                0x9d02cc18       0x10 C:/Program Files (x86)/Microchip/MPLAB C32 Suite/bin/../lib/gcc/pic32mx/3.4.4/../../../../pic32mx/lib/size\libmchp_peripheral_32MX795F512L.a(eth_miim_access.o)
 .rodata.__IntSrcTbl
                0x9d02cc28      0x51c C:/Program Files (x86)/Microchip/MPLAB C32 Suite/bin/../lib/gcc/pic32mx/3.4.4/../../../../pic32mx/lib/size\libmchp_peripheral_32MX795F512L.a(int_tbl_lib.o)
                0x9d02cc28                __IntSrcTbl
 .rodata.PortRegTbl
                0x9d02d144       0x54 C:/Program Files (x86)/Microchip/MPLAB C32 Suite/bin/../lib/gcc/pic32mx/3.4.4/../../../../pic32mx/lib/size\libmchp_peripheral_32MX795F512L.a(_ports_tbl_libp.o)
                0x9d02d144                PortRegTbl
 *(.rodata1)
                0x9d02d198                . = ALIGN (0x4)

.sdata2         0x9d02d198        0x0
 *(.sdata2 .sdata2.* .gnu.linkonce.s2.*)
                0x9d02d198                . = ALIGN (0x4)

.sbss2          0x9d02d198        0x0
 *(.sbss2 .sbss2.* .gnu.linkonce.sb2.*)
                0x9d02d198                . = ALIGN (0x4)

.eh_frame_hdr
 *(.eh_frame_hdr)

.eh_frame       0x9d02d198       0x20
 *(.eh_frame)
 .eh_frame      0x9d02d198       0x20 C:/Program Files (x86)/Microchip/MPLAB C32 Suite/bin/../lib/gcc/pic32mx/3.4.4/size\libgcc.a(_udivdi3.o)

.dbg_data       0xa0000000        0x0
                0xa0000000                . = (. + DEFINED (_DEBUGGER)?0x200:0x0)

.persist        0xa0000000        0x0
                0xa0000000                _persist_begin = .
 *(.persist .persist.*)
                0xa0000000                _persist_end = .

.data           0xa0000000      0x11c load address 0x9d02d1b8
                0xa0000000                _data_begin = .
 *(.data .data.* .gnu.linkonce.d.*)
 .data          0xa0000000       0x34 Objects - TCPIP Demo App - C32 - PIC32_ENET_SK_DM320004_INTERNAL_ETHERNET\DynDNS.o
 .data          0xa0000034       0x70 Objects - TCPIP Demo App - C32 - PIC32_ENET_SK_DM320004_INTERNAL_ETHERNET\BerkeleyTCPClientDemo.o
 .data          0xa00000a4       0x10 Objects - TCPIP Demo App - C32 - PIC32_ENET_SK_DM320004_INTERNAL_ETHERNET\GenericTCPClient.o
 .data          0xa00000b4       0x48 Objects - TCPIP Demo App - C32 - PIC32_ENET_SK_DM320004_INTERNAL_ETHERNET\SMTPDemo.o
 .data._EthRxBusyList
                0xa00000fc        0x8 C:/Program Files (x86)/Microchip/MPLAB C32 Suite/bin/../lib/gcc/pic32mx/3.4.4/../../../../pic32mx/lib/size\libmchp_peripheral_32MX795F512L.a(eth_descriptors_add_lib.o)
                0xa00000fc                _EthRxBusyList
 .data._EthRxFreeList
                0xa0000104        0x8 C:/Program Files (x86)/Microchip/MPLAB C32 Suite/bin/../lib/gcc/pic32mx/3.4.4/../../../../pic32mx/lib/size\libmchp_peripheral_32MX795F512L.a(eth_descriptors_add_lib.o)
                0xa0000104                _EthRxFreeList
 .data._EthTxBusyList
                0xa000010c        0x8 C:/Program Files (x86)/Microchip/MPLAB C32 Suite/bin/../lib/gcc/pic32mx/3.4.4/../../../../pic32mx/lib/size\libmchp_peripheral_32MX795F512L.a(eth_descriptors_add_lib.o)
                0xa000010c                _EthTxBusyList
 .data._EthTxFreeList
                0xa0000114        0x8 C:/Program Files (x86)/Microchip/MPLAB C32 Suite/bin/../lib/gcc/pic32mx/3.4.4/../../../../pic32mx/lib/size\libmchp_peripheral_32MX795F512L.a(eth_descriptors_add_lib.o)
                0xa0000114                _EthTxFreeList
 *(.gnu.linkonce.d.*personality*)
 *(.data1)
                0x9d02d1b8                _data_image_begin = LOADADDR (.data)

.eh_frame
 *(.eh_frame)
                0xa000011c                . = .
                0xa0008110                _gp = (ALIGN (0x10) + 0x7ff0)

.got
 *(.got.plt)
 *(.got)

.sdata          0xa000011c       0x34 load address 0x9d02d2d4
                0xa000011c                _sdata_begin = .
 *(.sdata .sdata.* .gnu.linkonce.s.*)
 .sdata         0xa000011c        0x2 Objects - TCPIP Demo App - C32 - PIC32_ENET_SK_DM320004_INTERNAL_ETHERNET\BerkeleyAPI.o
 *fill*         0xa000011e        0x2 00
 .sdata         0xa0000120        0x8 Objects - TCPIP Demo App - C32 - PIC32_ENET_SK_DM320004_INTERNAL_ETHERNET\DNS.o
 .sdata         0xa0000128        0x1 Objects - TCPIP Demo App - C32 - PIC32_ENET_SK_DM320004_INTERNAL_ETHERNET\DynDNS.o
 *fill*         0xa0000129        0x3 00
 .sdata         0xa000012c        0x4 Objects - TCPIP Demo App - C32 - PIC32_ENET_SK_DM320004_INTERNAL_ETHERNET\Helpers.o
 .sdata         0xa0000130        0x1 Objects - TCPIP Demo App - C32 - PIC32_ENET_SK_DM320004_INTERNAL_ETHERNET\Reboot.o
 .sdata         0xa0000131        0x1 Objects - TCPIP Demo App - C32 - PIC32_ENET_SK_DM320004_INTERNAL_ETHERNET\SMTP.o
 .sdata         0xa0000132        0x2 Objects - TCPIP Demo App - C32 - PIC32_ENET_SK_DM320004_INTERNAL_ETHERNET\TCP.o
 .sdata         0xa0000134        0x2 Objects - TCPIP Demo App - C32 - PIC32_ENET_SK_DM320004_INTERNAL_ETHERNET\TCPPerformanceTest.o
 .sdata         0xa0000136        0x2 Objects - TCPIP Demo App - C32 - PIC32_ENET_SK_DM320004_INTERNAL_ETHERNET\UDP.o
 .sdata         0xa0000138        0x4 Objects - TCPIP Demo App - C32 - PIC32_ENET_SK_DM320004_INTERNAL_ETHERNET\BerkeleyTCPClientDemo.o
 .sdata         0xa000013c        0x8 Objects - TCPIP Demo App - C32 - PIC32_ENET_SK_DM320004_INTERNAL_ETHERNET\GenericTCPClient.o
 .sdata._maxbrk
                0xa0000144        0x4 C:/Program Files (x86)/Microchip/MPLAB C32 Suite/bin/../lib/gcc/pic32mx/3.4.4/../../../../pic32mx/lib/size\libc.a(sbrk.o)
                0xa0000144                _maxbrk
 .sdata._minbrk
                0xa0000148        0x4 C:/Program Files (x86)/Microchip/MPLAB C32 Suite/bin/../lib/gcc/pic32mx/3.4.4/../../../../pic32mx/lib/size\libc.a(sbrk.o)
                0xa0000148                _minbrk
 .sdata.curbrk  0xa000014c        0x4 C:/Program Files (x86)/Microchip/MPLAB C32 Suite/bin/../lib/gcc/pic32mx/3.4.4/../../../../pic32mx/lib/size\libc.a(sbrk.o)
                0xa0000150                _sdata_end = .

.lit8
 *(.lit8)

.lit4
 *(.lit4)
                0xa0000150                . = ALIGN (0x4)
                0xa0000150                _data_end = .
                0xa0000150                _bss_begin = .

.sbss           0xa0000150      0x1c8 load address 0x9d02d308
                0xa0000150                _sbss_begin = .
 *(.dynsbss)
 *(.sbss .sbss.* .gnu.linkonce.sb.*)
 .sbss          0xa0000150        0x8 Objects - TCPIP Demo App - C32 - PIC32_ENET_SK_DM320004_INTERNAL_ETHERNET\Announce.o
 .sbss          0xa0000158        0x4 Objects - TCPIP Demo App - C32 - PIC32_ENET_SK_DM320004_INTERNAL_ETHERNET\ARP.o
 .sbss          0xa000015c        0x4 Objects - TCPIP Demo App - C32 - PIC32_ENET_SK_DM320004_INTERNAL_ETHERNET\BerkeleyAPI.o
 .sbss          0xa0000160       0x18 Objects - TCPIP Demo App - C32 - PIC32_ENET_SK_DM320004_INTERNAL_ETHERNET\DNS.o
 .sbss          0xa0000178       0x24 Objects - TCPIP Demo App - C32 - PIC32_ENET_SK_DM320004_INTERNAL_ETHERNET\DynDNS.o
 .sbss          0xa000019c       0x40 Objects - TCPIP Demo App - C32 - PIC32_ENET_SK_DM320004_INTERNAL_ETHERNET\ETHPIC32IntMac.o
                0xa00001b8                _stackMgrRxOkPkts
                0xa00001bc                _stackMgrRxBadPkts
                0xa00001c0                _stackMgrInGetHdr
                0xa00001c4                _stackMgrRxDiscarded
                0xa00001c8                _stackMgrTxNotReady
 .sbss          0xa00001dc        0xc Objects - TCPIP Demo App - C32 - PIC32_ENET_SK_DM320004_INTERNAL_ETHERNET\ICMP.o
 .sbss          0xa00001e8        0x4 Objects - TCPIP Demo App - C32 - PIC32_ENET_SK_DM320004_INTERNAL_ETHERNET\IP.o
 .sbss          0xa00001ec        0x8 Objects - TCPIP Demo App - C32 - PIC32_ENET_SK_DM320004_INTERNAL_ETHERNET\MPFS2.o
 .sbss          0xa00001f4        0x8 Objects - TCPIP Demo App - C32 - PIC32_ENET_SK_DM320004_INTERNAL_ETHERNET\NBNS.o
 .sbss          0xa00001fc       0x38 Objects - TCPIP Demo App - C32 - PIC32_ENET_SK_DM320004_INTERNAL_ETHERNET\SMTP.o
 .sbss          0xa0000234       0x14 Objects - TCPIP Demo App - C32 - PIC32_ENET_SK_DM320004_INTERNAL_ETHERNET\SNTP.o
 .sbss          0xa0000248        0x4 Objects - TCPIP Demo App - C32 - PIC32_ENET_SK_DM320004_INTERNAL_ETHERNET\StackTsk.o
 .sbss          0xa000024c        0x2 Objects - TCPIP Demo App - C32 - PIC32_ENET_SK_DM320004_INTERNAL_ETHERNET\TCP.o
 *fill*         0xa000024e        0x2 00
 .sbss          0xa0000250       0x14 Objects - TCPIP Demo App - C32 - PIC32_ENET_SK_DM320004_INTERNAL_ETHERNET\TCPPerformanceTest.o
 .sbss          0xa0000264       0x10 Objects - TCPIP Demo App - C32 - PIC32_ENET_SK_DM320004_INTERNAL_ETHERNET\Telnet.o
 .sbss          0xa0000274        0xc Objects - TCPIP Demo App - C32 - PIC32_ENET_SK_DM320004_INTERNAL_ETHERNET\Tick.o
 .sbss          0xa0000280        0xc Objects - TCPIP Demo App - C32 - PIC32_ENET_SK_DM320004_INTERNAL_ETHERNET\UDP.o
 .sbss          0xa000028c       0x14 Objects - TCPIP Demo App - C32 - PIC32_ENET_SK_DM320004_INTERNAL_ETHERNET\CustomHTTPApp.o
 .sbss          0xa00002a0        0xc Objects - TCPIP Demo App - C32 - PIC32_ENET_SK_DM320004_INTERNAL_ETHERNET\MainDemo.o
 .sbss          0xa00002ac        0x1 Objects - TCPIP Demo App - C32 - PIC32_ENET_SK_DM320004_INTERNAL_ETHERNET\BerkeleyTCPClientDemo.o
 *fill*         0xa00002ad        0x3 00
 .sbss          0xa00002b0        0xc Objects - TCPIP Demo App - C32 - PIC32_ENET_SK_DM320004_INTERNAL_ETHERNET\BerkeleyTCPServerDemo.o
 .sbss          0xa00002bc       0x18 Objects - TCPIP Demo App - C32 - PIC32_ENET_SK_DM320004_INTERNAL_ETHERNET\BerkeleyUDPClientDemo.o
 .sbss          0xa00002d4        0x4 Objects - TCPIP Demo App - C32 - PIC32_ENET_SK_DM320004_INTERNAL_ETHERNET\GenericTCPClient.o
 .sbss          0xa00002d8        0x8 Objects - TCPIP Demo App - C32 - PIC32_ENET_SK_DM320004_INTERNAL_ETHERNET\GenericTCPServer.o
 .sbss          0xa00002e0        0x8 Objects - TCPIP Demo App - C32 - PIC32_ENET_SK_DM320004_INTERNAL_ETHERNET\PingDemo.o
 .sbss          0xa00002e8        0x8 Objects - TCPIP Demo App - C32 - PIC32_ENET_SK_DM320004_INTERNAL_ETHERNET\SMTPDemo.o
 .sbss.allocp   0xa00002f0        0x4 C:/Program Files (x86)/Microchip/MPLAB C32 Suite/bin/../lib/gcc/pic32mx/3.4.4/../../../../pic32mx/lib/size\libc.a(malloc.o)
 .sbss.alloct   0xa00002f4        0x4 C:/Program Files (x86)/Microchip/MPLAB C32 Suite/bin/../lib/gcc/pic32mx/3.4.4/../../../../pic32mx/lib/size\libc.a(malloc.o)
 .sbss.allocx   0xa00002f8        0x8 C:/Program Files (x86)/Microchip/MPLAB C32 Suite/bin/../lib/gcc/pic32mx/3.4.4/../../../../pic32mx/lib/size\libc.a(malloc.o)
 .sbss.errno    0xa0000300        0x4 C:/Program Files (x86)/Microchip/MPLAB C32 Suite/bin/../lib/gcc/pic32mx/3.4.4/../../../../pic32mx/lib/size\libc.a(errno.o)
                0xa0000300                errno
 *(.scommon)
 .scommon       0xa0000304        0x4 Objects - TCPIP Demo App - C32 - PIC32_ENET_SK_DM320004_INTERNAL_ETHERNET\ETHPIC32ExtPhy.o
                0xa0000304                _PhyAdd
 .scommon       0xa0000308        0x1 Objects - TCPIP Demo App - C32 - PIC32_ENET_SK_DM320004_INTERNAL_ETHERNET\HTTP2.o
                0xa0000308                curHTTPID
 *fill*         0xa0000309        0x1 00
 .scommon       0xa000030a        0x6 Objects - TCPIP Demo App - C32 - PIC32_ENET_SK_DM320004_INTERNAL_ETHERNET\UDP.o
                0xa000030a                activeUDPSocket
                0xa000030c                UDPTxCount
                0xa000030e                UDPRxCount
 .scommon       0xa0000310        0x8 Objects - TCPIP Demo App - C32 - PIC32_ENET_SK_DM320004_INTERNAL_ETHERNET\MainDemo.o
                0xa0000310                AN0String
                0xa0000318                _sbss_end = .

.bss            0xa0000318     0x8374 load address 0x9d02d308
 *(.dynbss)
 *(.bss .bss.* .gnu.linkonce.b.*)
 .bss           0xa0000318       0x18 Objects - TCPIP Demo App - C32 - PIC32_ENET_SK_DM320004_INTERNAL_ETHERNET\ARP.o
 .bss           0xa0000330       0x8c Objects - TCPIP Demo App - C32 - PIC32_ENET_SK_DM320004_INTERNAL_ETHERNET\BerkeleyAPI.o
 .bss           0xa00003bc        0xc Objects - TCPIP Demo App - C32 - PIC32_ENET_SK_DM320004_INTERNAL_ETHERNET\DNS.o
 .bss           0xa00003c8       0x10 Objects - TCPIP Demo App - C32 - PIC32_ENET_SK_DM320004_INTERNAL_ETHERNET\DynDNS.o
 .bss           0xa00003d8     0x3cf8 Objects - TCPIP Demo App - C32 - PIC32_ENET_SK_DM320004_INTERNAL_ETHERNET\ETHPIC32IntMac.o
 .bss           0xa00040d0        0xc Objects - TCPIP Demo App - C32 - PIC32_ENET_SK_DM320004_INTERNAL_ETHERNET\ICMP.o
 .bss           0xa00040dc       0x78 Objects - TCPIP Demo App - C32 - PIC32_ENET_SK_DM320004_INTERNAL_ETHERNET\MPFS2.o
 .bss           0xa0004154        0xc Objects - TCPIP Demo App - C32 - PIC32_ENET_SK_DM320004_INTERNAL_ETHERNET\SNTP.o
 .bss           0xa0004160     0x4224 Objects - TCPIP Demo App - C32 - PIC32_ENET_SK_DM320004_INTERNAL_ETHERNET\TCP.o
 .bss           0xa0008384        0xc Objects - TCPIP Demo App - C32 - PIC32_ENET_SK_DM320004_INTERNAL_ETHERNET\TCPPerformanceTest.o
 .bss           0xa0008390       0xc0 Objects - TCPIP Demo App - C32 - PIC32_ENET_SK_DM320004_INTERNAL_ETHERNET\CustomHTTPApp.o
 .bss           0xa0008450       0x10 Objects - TCPIP Demo App - C32 - PIC32_ENET_SK_DM320004_INTERNAL_ETHERNET\BerkeleyTCPClientDemo.o
 .bss           0xa0008460       0x10 Objects - TCPIP Demo App - C32 - PIC32_ENET_SK_DM320004_INTERNAL_ETHERNET\BerkeleyUDPClientDemo.o
 .bss.allocs    0xa0008470       0x10 C:/Program Files (x86)/Microchip/MPLAB C32 Suite/bin/../lib/gcc/pic32mx/3.4.4/../../../../pic32mx/lib/size\libc.a(malloc.o)
 .bss.mem.0     0xa0008480       0x18 C:/Program Files (x86)/Microchip/MPLAB C32 Suite/bin/../lib/gcc/pic32mx/3.4.4/../../../../pic32mx/lib/size\libc.a(sbrk.o)
 *(COMMON)
 COMMON         0xa0008498       0x20 Objects - TCPIP Demo App - C32 - PIC32_ENET_SK_DM320004_INTERNAL_ETHERNET\DynDNS.o
                0xa0008498                DDNSClient
 COMMON         0xa00084b8       0x40 Objects - TCPIP Demo App - C32 - PIC32_ENET_SK_DM320004_INTERNAL_ETHERNET\Hashes.o
                0xa00084b8                lastBlock
 COMMON         0xa00084f8       0x9c Objects - TCPIP Demo App - C32 - PIC32_ENET_SK_DM320004_INTERNAL_ETHERNET\HTTP2.o
                0xa00084f8                curHTTP
                0xa0008584                httpStubs
 COMMON         0xa0008594       0x2c Objects - TCPIP Demo App - C32 - PIC32_ENET_SK_DM320004_INTERNAL_ETHERNET\SMTP.o
                0xa0008594                SMTPClient
 COMMON         0xa00085c0        0xa Objects - TCPIP Demo App - C32 - PIC32_ENET_SK_DM320004_INTERNAL_ETHERNET\StackTsk.o
                0xa00085c0                remoteNode
 *fill*         0xa00085ca        0x2 00
 COMMON         0xa00085cc       0x8c Objects - TCPIP Demo App - C32 - PIC32_ENET_SK_DM320004_INTERNAL_ETHERNET\UDP.o
                0xa00085cc                UDPSocketInfo
 COMMON         0xa0008658       0x33 Objects - TCPIP Demo App - C32 - PIC32_ENET_SK_DM320004_INTERNAL_ETHERNET\MainDemo.o
                0xa0008658                AppConfig
                0xa000868c                . = ALIGN (0x4)
 *fill*         0xa000868b        0x1 00
                0xa000868c                . = ALIGN (0x4)
                0xa000868c                _end = .
                0xa000868c                _bss_end = .

.heap           0xa0008690     0x3e80 load address 0x9d02d308
                0xa0008690                _heap = .
                0xa000c510                . = (. + _min_heap_size)
 *fill*         0xa0008690     0x3e80 00
                0xa000c510                . = ALIGN (0x8)

.stack          0xa000c510      0x800 load address 0x9d02d308
                0xa000c510                _splim = .
                0xa000c510                _SPLIM = .
                0xa000cd10                . = (. + _min_stack_size)
 *fill*         0xa000c510      0x800 00
                0xa000cd10                . = ALIGN (0x8)

.ramfunc        0xa000d000        0x0 load address 0x9d02d308
                0xa000d000                _ramfunc_begin = .
 *(.ramfunc .ramfunc.*)
                0xa000d000                . = ALIGN (0x4)
                0xa000d000                _ramfunc_end = .
                0x9d02d308                _ramfunc_image_begin = LOADADDR (.ramfunc)
                0x00000000                _ramfunc_length = SIZEOF (.ramfunc)
                0x0000d000                _bmxdkpba_address = (_ramfunc_begin - 0xa0000000)
                0x00020000                _bmxdudba_address = 0x20000
                0x00020000                _bmxdupba_address = 0x20000
                0xa0020000                _stack = (_ramfunc_length > 0x0)?(_ramfunc_begin - 0x8):0xa0020000
                0x00000001                ASSERT (((_min_stack_size + _min_heap_size) <= (_stack - _heap)), Not enough space to allocate both stack and heap.  Reduce heap and/or stack size.)

/DISCARD/
 *(.pdr)
 *(.reginfo)
 *(.rel.dyn)
 *(.note.GNU-stack)

.stab
 *(.stab)

.stabstr
 *(.stabstr)

.stab.excl
 *(.stab.excl)

.stab.exclstr
 *(.stab.exclstr)

.stab.index
 *(.stab.index)

.stab.indexstr
 *(.stab.indexstr)

.mdebug.abi32   0x00000000        0x0
 .mdebug.abi32  0x00000000        0x0 Objects - TCPIP Demo App - C32 - PIC32_ENET_SK_DM320004_INTERNAL_ETHERNET\Announce.o
 .mdebug.abi32  0x00000000        0x0 Objects - TCPIP Demo App - C32 - PIC32_ENET_SK_DM320004_INTERNAL_ETHERNET\ARCFOUR.o
 .mdebug.abi32  0x00000000        0x0 Objects - TCPIP Demo App - C32 - PIC32_ENET_SK_DM320004_INTERNAL_ETHERNET\ARP.o
 .mdebug.abi32  0x00000000        0x0 Objects - TCPIP Demo App - C32 - PIC32_ENET_SK_DM320004_INTERNAL_ETHERNET\AutoIP.o
 .mdebug.abi32  0x00000000        0x0 Objects - TCPIP Demo App - C32 - PIC32_ENET_SK_DM320004_INTERNAL_ETHERNET\BerkeleyAPI.o
 .mdebug.abi32  0x00000000        0x0 Objects - TCPIP Demo App - C32 - PIC32_ENET_SK_DM320004_INTERNAL_ETHERNET\BigInt.o
 .mdebug.abi32  0x00000000        0x0 Objects - TCPIP Demo App - C32 - PIC32_ENET_SK_DM320004_INTERNAL_ETHERNET\Delay.o
 .mdebug.abi32  0x00000000        0x0 Objects - TCPIP Demo App - C32 - PIC32_ENET_SK_DM320004_INTERNAL_ETHERNET\DHCP.o
 .mdebug.abi32  0x00000000        0x0 Objects - TCPIP Demo App - C32 - PIC32_ENET_SK_DM320004_INTERNAL_ETHERNET\DHCPs.o
 .mdebug.abi32  0x00000000        0x0 Objects - TCPIP Demo App - C32 - PIC32_ENET_SK_DM320004_INTERNAL_ETHERNET\DNS.o
 .mdebug.abi32  0x00000000        0x0 Objects - TCPIP Demo App - C32 - PIC32_ENET_SK_DM320004_INTERNAL_ETHERNET\DNSs.o
 .mdebug.abi32  0x00000000        0x0 Objects - TCPIP Demo App - C32 - PIC32_ENET_SK_DM320004_INTERNAL_ETHERNET\DynDNS.o
 .mdebug.abi32  0x00000000        0x0 Objects - TCPIP Demo App - C32 - PIC32_ENET_SK_DM320004_INTERNAL_ETHERNET\ENC28J60.o
 .mdebug.abi32  0x00000000        0x0 Objects - TCPIP Demo App - C32 - PIC32_ENET_SK_DM320004_INTERNAL_ETHERNET\ENCX24J600.o
 .mdebug.abi32  0x00000000        0x0 Objects - TCPIP Demo App - C32 - PIC32_ENET_SK_DM320004_INTERNAL_ETHERNET\ETHPIC32ExtPhy.o
 .mdebug.abi32  0x00000000        0x0 Objects - TCPIP Demo App - C32 - PIC32_ENET_SK_DM320004_INTERNAL_ETHERNET\ETHPIC32ExtPhyDP83848.o
 .mdebug.abi32  0x00000000        0x0 Objects - TCPIP Demo App - C32 - PIC32_ENET_SK_DM320004_INTERNAL_ETHERNET\ETHPIC32IntMac.o
 .mdebug.abi32  0x00000000        0x0 Objects - TCPIP Demo App - C32 - PIC32_ENET_SK_DM320004_INTERNAL_ETHERNET\FileSystem.o
 .mdebug.abi32  0x00000000        0x0 Objects - TCPIP Demo App - C32 - PIC32_ENET_SK_DM320004_INTERNAL_ETHERNET\FTP.o
 .mdebug.abi32  0x00000000        0x0 Objects - TCPIP Demo App - C32 - PIC32_ENET_SK_DM320004_INTERNAL_ETHERNET\Hashes.o
 .mdebug.abi32  0x00000000        0x0 Objects - TCPIP Demo App - C32 - PIC32_ENET_SK_DM320004_INTERNAL_ETHERNET\Helpers.o
 .mdebug.abi32  0x00000000        0x0 Objects - TCPIP Demo App - C32 - PIC32_ENET_SK_DM320004_INTERNAL_ETHERNET\HTTP2.o
 .mdebug.abi32  0x00000000        0x0 Objects - TCPIP Demo App - C32 - PIC32_ENET_SK_DM320004_INTERNAL_ETHERNET\HTTP.o
 .mdebug.abi32  0x00000000        0x0 Objects - TCPIP Demo App - C32 - PIC32_ENET_SK_DM320004_INTERNAL_ETHERNET\ICMP.o
 .mdebug.abi32  0x00000000        0x0 Objects - TCPIP Demo App - C32 - PIC32_ENET_SK_DM320004_INTERNAL_ETHERNET\IP.o
 .mdebug.abi32  0x00000000        0x0 Objects - TCPIP Demo App - C32 - PIC32_ENET_SK_DM320004_INTERNAL_ETHERNET\LCDBlocking.o
 .mdebug.abi32  0x00000000        0x0 Objects - TCPIP Demo App - C32 - PIC32_ENET_SK_DM320004_INTERNAL_ETHERNET\MPFS2.o
 .mdebug.abi32  0x00000000        0x0 Objects - TCPIP Demo App - C32 - PIC32_ENET_SK_DM320004_INTERNAL_ETHERNET\MPFS.o
 .mdebug.abi32  0x00000000        0x0 Objects - TCPIP Demo App - C32 - PIC32_ENET_SK_DM320004_INTERNAL_ETHERNET\NBNS.o
 .mdebug.abi32  0x00000000        0x0 Objects - TCPIP Demo App - C32 - PIC32_ENET_SK_DM320004_INTERNAL_ETHERNET\Random.o
 .mdebug.abi32  0x00000000        0x0 Objects - TCPIP Demo App - C32 - PIC32_ENET_SK_DM320004_INTERNAL_ETHERNET\Reboot.o
 .mdebug.abi32  0x00000000        0x0 Objects - TCPIP Demo App - C32 - PIC32_ENET_SK_DM320004_INTERNAL_ETHERNET\RSA.o
 .mdebug.abi32  0x00000000        0x0 Objects - TCPIP Demo App - C32 - PIC32_ENET_SK_DM320004_INTERNAL_ETHERNET\SMTP.o
 .mdebug.abi32  0x00000000        0x0 Objects - TCPIP Demo App - C32 - PIC32_ENET_SK_DM320004_INTERNAL_ETHERNET\SNMP.o
 .mdebug.abi32  0x00000000        0x0 Objects - TCPIP Demo App - C32 - PIC32_ENET_SK_DM320004_INTERNAL_ETHERNET\SNMPv3.o
 .mdebug.abi32  0x00000000        0x0 Objects - TCPIP Demo App - C32 - PIC32_ENET_SK_DM320004_INTERNAL_ETHERNET\SNMPv3USM.o
 .mdebug.abi32  0x00000000        0x0 Objects - TCPIP Demo App - C32 - PIC32_ENET_SK_DM320004_INTERNAL_ETHERNET\SNTP.o
 .mdebug.abi32  0x00000000        0x0 Objects - TCPIP Demo App - C32 - PIC32_ENET_SK_DM320004_INTERNAL_ETHERNET\SPIEEPROM.o
 .mdebug.abi32  0x00000000        0x0 Objects - TCPIP Demo App - C32 - PIC32_ENET_SK_DM320004_INTERNAL_ETHERNET\SPIFlash.o
 .mdebug.abi32  0x00000000        0x0 Objects - TCPIP Demo App - C32 - PIC32_ENET_SK_DM320004_INTERNAL_ETHERNET\SPIRAM.o
 .mdebug.abi32  0x00000000        0x0 Objects - TCPIP Demo App - C32 - PIC32_ENET_SK_DM320004_INTERNAL_ETHERNET\SSL.o
 .mdebug.abi32  0x00000000        0x0 Objects - TCPIP Demo App - C32 - PIC32_ENET_SK_DM320004_INTERNAL_ETHERNET\StackTsk.o
 .mdebug.abi32  0x00000000        0x0 Objects - TCPIP Demo App - C32 - PIC32_ENET_SK_DM320004_INTERNAL_ETHERNET\TCP.o
 .mdebug.abi32  0x00000000        0x0 Objects - TCPIP Demo App - C32 - PIC32_ENET_SK_DM320004_INTERNAL_ETHERNET\TCPPerformanceTest.o
 .mdebug.abi32  0x00000000        0x0 Objects - TCPIP Demo App - C32 - PIC32_ENET_SK_DM320004_INTERNAL_ETHERNET\Telnet.o
 .mdebug.abi32  0x00000000        0x0 Objects - TCPIP Demo App - C32 - PIC32_ENET_SK_DM320004_INTERNAL_ETHERNET\TFTPc.o
 .mdebug.abi32  0x00000000        0x0 Objects - TCPIP Demo App - C32 - PIC32_ENET_SK_DM320004_INTERNAL_ETHERNET\Tick.o
 .mdebug.abi32  0x00000000        0x0 Objects - TCPIP Demo App - C32 - PIC32_ENET_SK_DM320004_INTERNAL_ETHERNET\UART2TCPBridge.o
 .mdebug.abi32  0x00000000        0x0 Objects - TCPIP Demo App - C32 - PIC32_ENET_SK_DM320004_INTERNAL_ETHERNET\UART.o
 .mdebug.abi32  0x00000000        0x0 Objects - TCPIP Demo App - C32 - PIC32_ENET_SK_DM320004_INTERNAL_ETHERNET\UDP.o
 .mdebug.abi32  0x00000000        0x0 Objects - TCPIP Demo App - C32 - PIC32_ENET_SK_DM320004_INTERNAL_ETHERNET\UDPPerformanceTest.o
 .mdebug.abi32  0x00000000        0x0 Objects - TCPIP Demo App - C32 - PIC32_ENET_SK_DM320004_INTERNAL_ETHERNET\ZeroconfHelper.o
 .mdebug.abi32  0x00000000        0x0 Objects - TCPIP Demo App - C32 - PIC32_ENET_SK_DM320004_INTERNAL_ETHERNET\ZeroconfLinkLocal.o
 .mdebug.abi32  0x00000000        0x0 Objects - TCPIP Demo App - C32 - PIC32_ENET_SK_DM320004_INTERNAL_ETHERNET\ZeroconfMulticastDNS.o
 .mdebug.abi32  0x00000000        0x0 Objects - TCPIP Demo App - C32 - PIC32_ENET_SK_DM320004_INTERNAL_ETHERNET\CustomHTTPApp.o
 .mdebug.abi32  0x00000000        0x0 Objects - TCPIP Demo App - C32 - PIC32_ENET_SK_DM320004_INTERNAL_ETHERNET\CustomSNMPApp.o
 .mdebug.abi32  0x00000000        0x0 Objects - TCPIP Demo App - C32 - PIC32_ENET_SK_DM320004_INTERNAL_ETHERNET\CustomSSLCert.o
 .mdebug.abi32  0x00000000        0x0 Objects - TCPIP Demo App - C32 - PIC32_ENET_SK_DM320004_INTERNAL_ETHERNET\MainDemo.o
 .mdebug.abi32  0x00000000        0x0 Objects - TCPIP Demo App - C32 - PIC32_ENET_SK_DM320004_INTERNAL_ETHERNET\BerkeleyTCPClientDemo.o
 .mdebug.abi32  0x00000000        0x0 Objects - TCPIP Demo App - C32 - PIC32_ENET_SK_DM320004_INTERNAL_ETHERNET\BerkeleyTCPServerDemo.o
 .mdebug.abi32  0x00000000        0x0 Objects - TCPIP Demo App - C32 - PIC32_ENET_SK_DM320004_INTERNAL_ETHERNET\BerkeleyUDPClientDemo.o
 .mdebug.abi32  0x00000000        0x0 Objects - TCPIP Demo App - C32 - PIC32_ENET_SK_DM320004_INTERNAL_ETHERNET\GenericTCPClient.o
 .mdebug.abi32  0x00000000        0x0 Objects - TCPIP Demo App - C32 - PIC32_ENET_SK_DM320004_INTERNAL_ETHERNET\GenericTCPServer.o
 .mdebug.abi32  0x00000000        0x0 Objects - TCPIP Demo App - C32 - PIC32_ENET_SK_DM320004_INTERNAL_ETHERNET\LegacyHTTPApp.o
 .mdebug.abi32  0x00000000        0x0 Objects - TCPIP Demo App - C32 - PIC32_ENET_SK_DM320004_INTERNAL_ETHERNET\PingDemo.o
 .mdebug.abi32  0x00000000        0x0 Objects - TCPIP Demo App - C32 - PIC32_ENET_SK_DM320004_INTERNAL_ETHERNET\SMTPDemo.o
 .mdebug.abi32  0x00000000        0x0 Objects - TCPIP Demo App - C32 - PIC32_ENET_SK_DM320004_INTERNAL_ETHERNET\UARTConfig.o
 .mdebug.abi32  0x00000000        0x0 Objects - TCPIP Demo App - C32 - PIC32_ENET_SK_DM320004_INTERNAL_ETHERNET\MPFSImg2.o
 .mdebug.abi32  0x00000000        0x0 Objects - TCPIP Demo App - C32 - PIC32_ENET_SK_DM320004_INTERNAL_ETHERNET\MPFSImg.o
 .mdebug.abi32  0x00000000        0x0 C:/Program Files (x86)/Microchip/MPLAB C32 Suite/bin/../lib/gcc/pic32mx/3.4.4/size\libgcc.a(_udivdi3.o)
 .mdebug.abi32  0x00000000        0x0 C:/Program Files (x86)/Microchip/MPLAB C32 Suite/bin/../lib/gcc/pic32mx/3.4.4/../../../../pic32mx/lib/size\libc.a(atoi.o)
 .mdebug.abi32  0x00000000        0x0 C:/Program Files (x86)/Microchip/MPLAB C32 Suite/bin/../lib/gcc/pic32mx/3.4.4/../../../../pic32mx/lib/size\libc.a(atol.o)
 .mdebug.abi32  0x00000000        0x0 C:/Program Files (x86)/Microchip/MPLAB C32 Suite/bin/../lib/gcc/pic32mx/3.4.4/../../../../pic32mx/lib/size\libc.a(calloc.o)
 .mdebug.abi32  0x00000000        0x0 C:/Program Files (x86)/Microchip/MPLAB C32 Suite/bin/../lib/gcc/pic32mx/3.4.4/../../../../pic32mx/lib/size\libc.a(ctype.o)
 .mdebug.abi32  0x00000000        0x0 C:/Program Files (x86)/Microchip/MPLAB C32 Suite/bin/../lib/gcc/pic32mx/3.4.4/../../../../pic32mx/lib/size\libc.a(malloc.o)
 .mdebug.abi32  0x00000000        0x0 C:/Program Files (x86)/Microchip/MPLAB C32 Suite/bin/../lib/gcc/pic32mx/3.4.4/../../../../pic32mx/lib/size\libc.a(strchr.o)
 .mdebug.abi32  0x00000000        0x0 C:/Program Files (x86)/Microchip/MPLAB C32 Suite/bin/../lib/gcc/pic32mx/3.4.4/../../../../pic32mx/lib/size\libc.a(strstr.o)
 .mdebug.abi32  0x00000000        0x0 C:/Program Files (x86)/Microchip/MPLAB C32 Suite/bin/../lib/gcc/pic32mx/3.4.4/../../../../pic32mx/lib/size\libc.a(sbrk.o)
 .mdebug.abi32  0x00000000        0x0 C:/Program Files (x86)/Microchip/MPLAB C32 Suite/bin/../lib/gcc/pic32mx/3.4.4/../../../../pic32mx/lib/size\libc.a(default-bootstrap-exception-handler.o)
 .mdebug.abi32  0x00000000        0x0 C:/Program Files (x86)/Microchip/MPLAB C32 Suite/bin/../lib/gcc/pic32mx/3.4.4/../../../../pic32mx/lib/size\libc.a(default-on-reset.o)
 .mdebug.abi32  0x00000000        0x0 C:/Program Files (x86)/Microchip/MPLAB C32 Suite/bin/../lib/gcc/pic32mx/3.4.4/../../../../pic32mx/lib/size\libc.a(default-on-bootstrap.o)
 .mdebug.abi32  0x00000000        0x0 C:/Program Files (x86)/Microchip/MPLAB C32 Suite/bin/../lib/gcc/pic32mx/3.4.4/../../../../pic32mx/lib/size\libc.a(errno.o)
 .mdebug.abi32  0x00000000        0x0 C:/Program Files (x86)/Microchip/MPLAB C32 Suite/bin/../lib/gcc/pic32mx/3.4.4/../../../../pic32mx/lib/size\libc.a(strncmp.o)
 .mdebug.abi32  0x00000000        0x0 C:/Program Files (x86)/Microchip/MPLAB C32 Suite/bin/../lib/gcc/pic32mx/3.4.4/../../../../pic32mx/lib/size\libmchp_peripheral.a(read_core_timer_lib.o)
 .mdebug.abi32  0x00000000        0x0 C:/Program Files (x86)/Microchip/MPLAB C32 Suite/bin/../lib/gcc/pic32mx/3.4.4/../../../../pic32mx/lib/size\libmchp_peripheral_32MX795F512L.a(eth_ack_packet_lib.o)
 .mdebug.abi32  0x00000000        0x0 C:/Program Files (x86)/Microchip/MPLAB C32 Suite/bin/../lib/gcc/pic32mx/3.4.4/../../../../pic32mx/lib/size\libmchp_peripheral_32MX795F512L.a(eth_descriptors_add_lib.o)
 .mdebug.abi32  0x00000000        0x0 C:/Program Files (x86)/Microchip/MPLAB C32 Suite/bin/../lib/gcc/pic32mx/3.4.4/../../../../pic32mx/lib/size\libmchp_peripheral_32MX795F512L.a(eth_init_lib.o)
 .mdebug.abi32  0x00000000        0x0 C:/Program Files (x86)/Microchip/MPLAB C32 Suite/bin/../lib/gcc/pic32mx/3.4.4/../../../../pic32mx/lib/size\libmchp_peripheral_32MX795F512L.a(eth_mac_open_lib.o)
 .mdebug.abi32  0x00000000        0x0 C:/Program Files (x86)/Microchip/MPLAB C32 Suite/bin/../lib/gcc/pic32mx/3.4.4/../../../../pic32mx/lib/size\libmchp_peripheral_32MX795F512L.a(eth_mac_set_address_max_lib.o)
 .mdebug.abi32  0x00000000        0x0 C:/Program Files (x86)/Microchip/MPLAB C32 Suite/bin/../lib/gcc/pic32mx/3.4.4/../../../../pic32mx/lib/size\libmchp_peripheral_32MX795F512L.a(eth_rx_buffers_append_lib.o)
 .mdebug.abi32  0x00000000        0x0 C:/Program Files (x86)/Microchip/MPLAB C32 Suite/bin/../lib/gcc/pic32mx/3.4.4/../../../../pic32mx/lib/size\libmchp_peripheral_32MX795F512L.a(eth_rx_filters_lib.o)
 .mdebug.abi32  0x00000000        0x0 C:/Program Files (x86)/Microchip/MPLAB C32 Suite/bin/../lib/gcc/pic32mx/3.4.4/../../../../pic32mx/lib/size\libmchp_peripheral_32MX795F512L.a(eth_rx_get_packet_lib.o)
 .mdebug.abi32  0x00000000        0x0 C:/Program Files (x86)/Microchip/MPLAB C32 Suite/bin/../lib/gcc/pic32mx/3.4.4/../../../../pic32mx/lib/size\libmchp_peripheral_32MX795F512L.a(eth_rx_set_buffer_size_lib.o)
 .mdebug.abi32  0x00000000        0x0 C:/Program Files (x86)/Microchip/MPLAB C32 Suite/bin/../lib/gcc/pic32mx/3.4.4/../../../../pic32mx/lib/size\libmchp_peripheral_32MX795F512L.a(eth_tx_packet_lib.o)
 .mdebug.abi32  0x00000000        0x0 C:/Program Files (x86)/Microchip/MPLAB C32 Suite/bin/../lib/gcc/pic32mx/3.4.4/../../../../pic32mx/lib/size\libmchp_peripheral_32MX795F512L.a(_eth_append_busy_list_lib.o)
 .mdebug.abi32  0x00000000        0x0 C:/Program Files (x86)/Microchip/MPLAB C32 Suite/bin/../lib/gcc/pic32mx/3.4.4/../../../../pic32mx/lib/size\libmchp_peripheral_32MX795F512L.a(eth_miim_access.o)
 .mdebug.abi32  0x00000000        0x0 C:/Program Files (x86)/Microchip/MPLAB C32 Suite/bin/../lib/gcc/pic32mx/3.4.4/../../../../pic32mx/lib/size\libmchp_peripheral_32MX795F512L.a(soft_reset_lib.o)