Archive member included because of file (symbol)

D:\Andy Work\Documents\SO\Slave-PIC32\TCPIP Demo App - PIC32ETHSTK v3\TCPIP Library PIC32MX795F512L.a(Announce.o)
                              output\MainDemo.o (AnnounceIP)
D:\Andy Work\Documents\SO\Slave-PIC32\TCPIP Demo App - PIC32ETHSTK v3\TCPIP Library PIC32MX795F512L.a(Delay.o)
                              output\MainDemo.o (DelayMs)
D:\Andy Work\Documents\SO\Slave-PIC32\TCPIP Demo App - PIC32ETHSTK v3\TCPIP Library PIC32MX795F512L.a(Helpers.o)
                              output\MainDemo.o (uitoa)
D:\Andy Work\Documents\SO\Slave-PIC32\TCPIP Demo App - PIC32ETHSTK v3\TCPIP Library PIC32MX795F512L.a(MPFS2.o)
                              output\MainDemo.o (MPFSInit)
D:\Andy Work\Documents\SO\Slave-PIC32\TCPIP Demo App - PIC32ETHSTK v3\TCPIP Library PIC32MX795F512L.a(StackTsk.o)
                              output\MainDemo.o (StackInit)
D:\Andy Work\Documents\SO\Slave-PIC32\TCPIP Demo App - PIC32ETHSTK v3\TCPIP Library PIC32MX795F512L.a(TCP.o)
                              D:\Andy Work\Documents\SO\Slave-PIC32\TCPIP Demo App - PIC32ETHSTK v3\TCPIP Library PIC32MX795F512L.a(StackTsk.o) (TCPInit)
D:\Andy Work\Documents\SO\Slave-PIC32\TCPIP Demo App - PIC32ETHSTK v3\TCPIP Library PIC32MX795F512L.a(TCPPerformanceTest.o)
                              D:\Andy Work\Documents\SO\Slave-PIC32\TCPIP Demo App - PIC32ETHSTK v3\TCPIP Library PIC32MX795F512L.a(StackTsk.o) (TCPPerformanceTask)
D:\Andy Work\Documents\SO\Slave-PIC32\TCPIP Demo App - PIC32ETHSTK v3\TCPIP Library PIC32MX795F512L.a(Telnet.o)
                              D:\Andy Work\Documents\SO\Slave-PIC32\TCPIP Demo App - PIC32ETHSTK v3\TCPIP Library PIC32MX795F512L.a(StackTsk.o) (TelnetTask)
D:\Andy Work\Documents\SO\Slave-PIC32\TCPIP Demo App - PIC32ETHSTK v3\TCPIP Library PIC32MX795F512L.a(Tick.o)
                              output\MainDemo.o (TickInit)
D:\Andy Work\Documents\SO\Slave-PIC32\TCPIP Demo App - PIC32ETHSTK v3\TCPIP Library PIC32MX795F512L.a(UDP.o)
                              D:\Andy Work\Documents\SO\Slave-PIC32\TCPIP Demo App - PIC32ETHSTK v3\TCPIP Library PIC32MX795F512L.a(StackTsk.o) (UDPInit)
D:\Andy Work\Documents\SO\Slave-PIC32\TCPIP Demo App - PIC32ETHSTK v3\TCPIP Library PIC32MX795F512L.a(BerkeleyAPI.o)
                              D:\Andy Work\Documents\SO\Slave-PIC32\TCPIP Demo App - PIC32ETHSTK v3\TCPIP Library PIC32MX795F512L.a(StackTsk.o) (BerkeleySocketInit)
D:\Andy Work\Documents\SO\Slave-PIC32\TCPIP Demo App - PIC32ETHSTK v3\TCPIP Library PIC32MX795F512L.a(MPFSImg2.o)
                              D:\Andy Work\Documents\SO\Slave-PIC32\TCPIP Demo App - PIC32ETHSTK v3\TCPIP Library PIC32MX795F512L.a(MPFS2.o) (MPFS_Start)
D:\Andy Work\Documents\SO\Slave-PIC32\TCPIP Demo App - PIC32ETHSTK v3\TCPIP Library PIC32MX795F512L.a(AutoIP.o)
                              D:\Andy Work\Documents\SO\Slave-PIC32\TCPIP Demo App - PIC32ETHSTK v3\TCPIP Library PIC32MX795F512L.a(StackTsk.o) (AutoIPTasks)
D:\Andy Work\Documents\SO\Slave-PIC32\TCPIP Demo App - PIC32ETHSTK v3\TCPIP Library PIC32MX795F512L.a(ETHPIC32IntMac.o)
                              D:\Andy Work\Documents\SO\Slave-PIC32\TCPIP Demo App - PIC32ETHSTK v3\TCPIP Library PIC32MX795F512L.a(StackTsk.o) (MACInit)
D:\Andy Work\Documents\SO\Slave-PIC32\TCPIP Demo App - PIC32ETHSTK v3\TCPIP Library PIC32MX795F512L.a(ETHPIC32ExtPhy.o)
                              D:\Andy Work\Documents\SO\Slave-PIC32\TCPIP Demo App - PIC32ETHSTK v3\TCPIP Library PIC32MX795F512L.a(ETHPIC32IntMac.o) (EthPhyInit)
D:\Andy Work\Documents\SO\Slave-PIC32\TCPIP Demo App - PIC32ETHSTK v3\TCPIP Library PIC32MX795F512L.a(ETHPIC32ExtPhyDP83848.o)
                              D:\Andy Work\Documents\SO\Slave-PIC32\TCPIP Demo App - PIC32ETHSTK v3\TCPIP Library PIC32MX795F512L.a(ETHPIC32ExtPhy.o) (EthPhyConfigureMII)
D:\Andy Work\Documents\SO\Slave-PIC32\TCPIP Demo App - PIC32ETHSTK v3\TCPIP Library PIC32MX795F512L.a(BerkeleyTCPClientDemo.o)
                              output\MainDemo.o (BerkeleyTCPClientDemo)
D:\Andy Work\Documents\SO\Slave-PIC32\TCPIP Demo App - PIC32ETHSTK v3\TCPIP Library PIC32MX795F512L.a(BerkeleyTCPServerDemo.o)
                              output\MainDemo.o (BerkeleyTCPServerDemo)
D:\Andy Work\Documents\SO\Slave-PIC32\TCPIP Demo App - PIC32ETHSTK v3\TCPIP Library PIC32MX795F512L.a(BerkeleyUDPClientDemo.o)
                              output\MainDemo.o (BerkeleyUDPClientDemo)
D:\Andy Work\Documents\SO\Slave-PIC32\TCPIP Demo App - PIC32ETHSTK v3\TCPIP Library PIC32MX795F512L.a(CustomSNMPApp.o)
                              output\MainDemo.o (gSendTrapFlag)
D:\Andy Work\Documents\SO\Slave-PIC32\TCPIP Demo App - PIC32ETHSTK v3\TCPIP Library PIC32MX795F512L.a(GenericTCPClient.o)
                              output\MainDemo.o (GenericTCPClient)
D:\Andy Work\Documents\SO\Slave-PIC32\TCPIP Demo App - PIC32ETHSTK v3\TCPIP Library PIC32MX795F512L.a(GenericTCPServer.o)
[...]
Memory Configuration

Name             Origin             Length             Attributes
kseg0_program_mem 0x9d000000         0x00080000         xr
kseg0_boot_mem   0x9fc00490         0x00000970
exception_mem    0x9fc01000         0x00001000
kseg1_boot_mem   0xbfc00000         0x00000490
debug_exec_mem   0xbfc02000         0x00000ff0
config3          0xbfc02ff0         0x00000004
config2          0xbfc02ff4         0x00000004
config1          0xbfc02ff8         0x00000004
config0          0xbfc02ffc         0x00000004
kseg1_data_mem   0xa0000000         0x00020000         w !x
sfrs             0xbf800000         0x00100000
configsfrs       0xbfc02ff0         0x00000010
*default*        0x00000000         0xffffffff

Linker script and memory map

LOAD C:/Program Files (x86)/Microchip/MPLAB C32 Suite/bin/../lib/gcc/pic32mx/3.4.4/../../../../pic32mx/lib/size/crt0.o
LOAD output\MainDemo.o
LOAD D:\Andy Work\Documents\SO\Slave-PIC32\TCPIP Demo App - PIC32ETHSTK v3\TCPIP Library PIC32MX795F512L.a
                0x00000001                __MPLAB_BUILD = 0x1
                0x00000001                __MPLAB_DEBUG = 0x1
                0x00000001                __MPLAB_DEBUGGER_PIC32MXSK = 0x1
                0x00003e80                _min_heap_size = 0x3e80
                0x00000800                _min_stack_size = 0x800
LOAD C:/Program Files (x86)/Microchip/MPLAB C32 Suite/bin/../lib/gcc/pic32mx/3.4.4/size\libgcc.a
START GROUP
LOAD C:/Program Files (x86)/Microchip/MPLAB C32 Suite/bin/../lib/gcc/pic32mx/3.4.4/../../../../pic32mx/lib/size\libdebug.a
LOAD C:/Program Files (x86)/Microchip/MPLAB C32 Suite/bin/../lib/gcc/pic32mx/3.4.4/../../../../pic32mx/lib/size\libc.a
LOAD C:/Program Files (x86)/Microchip/MPLAB C32 Suite/bin/../lib/gcc/pic32mx/3.4.4/../../../../pic32mx/lib/size\libm.a
LOAD C:/Program Files (x86)/Microchip/MPLAB C32 Suite/bin/../lib/gcc/pic32mx/3.4.4/../../../../pic32mx/lib/size\libe.a
LOAD C:/Program Files (x86)/Microchip/MPLAB C32 Suite/bin/../lib/gcc/pic32mx/3.4.4/../../../../pic32mx/lib/size\libdsp.a
LOAD C:/Program Files (x86)/Microchip/MPLAB C32 Suite/bin/../lib/gcc/pic32mx/3.4.4/../../../../pic32mx/lib/size\libmchp_peripheral.a
LOAD C:/Program Files (x86)/Microchip/MPLAB C32 Suite/bin/../lib/gcc/pic32mx/3.4.4/../../../../pic32mx/lib/size\libmchp_peripheral_32MX795F512L.a
END GROUP
LOAD C:/Program Files (x86)/Microchip/MPLAB C32 Suite/bin/../lib/gcc/pic32mx/3.4.4/size\libgcc.a
                0x00000400                PROVIDE (_min_stack_size, 0x400)
                0x00000000                PROVIDE (_min_heap_size, 0x0)
LOAD C:/Program Files (x86)/Microchip/MPLAB C32 Suite/bin/../lib/gcc/pic32mx/3.4.4/../../../../pic32mx/lib/./proc/32MX795F512L\processor.o
                0x00000001                PROVIDE (_vector_spacing, 0x1)
                0x9fc01000                _ebase_address = 0x9fc01000
                0xbfc00000                _RESET_ADDR = 0xbfc00000
                0xbfc00380                _BEV_EXCPT_ADDR = 0xbfc00380
                0xbfc00480                _DBG_EXCPT_ADDR = 0xbfc00480
                0xbfc02000                _DBG_CODE_ADDR = 0xbfc02000
                0x9fc01180                _GEN_EXCPT_ADDR = (_ebase_address + 0x180)

.config_BFC02FF0
                0xbfc02ff0        0x4
 *(.config_BFC02FF0)
 .config_BFC02FF0
                0xbfc02ff0        0x4 output\MainDemo.o

.config_BFC02FF4
                0xbfc02ff4        0x4
 *(.config_BFC02FF4)
 .config_BFC02FF4
                0xbfc02ff4        0x4 output\MainDemo.o

.config_BFC02FF8
                0xbfc02ff8        0x4
 *(.config_BFC02FF8)
 .config_BFC02FF8
                0xbfc02ff8        0x4 output\MainDemo.o

.config_BFC02FFC
                0xbfc02ffc        0x4
 *(.config_BFC02FFC)
 .config_BFC02FFC
                0xbfc02ffc        0x4 output\MainDemo.o

.reset          0xbfc00000       0x10
 *(.reset)
 .reset         0xbfc00000       0x10 C:/Program Files (x86)/Microchip/MPLAB C32 Suite/bin/../lib/gcc/pic32mx/3.4.4/../../../../pic32mx/lib/size/crt0.o
                0xbfc00000                _reset

.bev_excpt      0xbfc00380       0x10
 *(.bev_handler)
 .bev_handler   0xbfc00380       0x10 C:/Program Files (x86)/Microchip/MPLAB C32 Suite/bin/../lib/gcc/pic32mx/3.4.4/../../../../pic32mx/lib/size/crt0.o

.dbg_excpt      0xbfc00480        0x0
                0xbfc00480                . = (. + DEFINED (_DEBUGGER)?0x8:0x0)

.dbg_code       0xbfc02000        0x0
                0xbfc02000                . = (. + DEFINED (_DEBUGGER)?0xff0:0x0)

.app_excpt      0x9fc01180       0x10
 *(.gen_handler)
 .gen_handler   0x9fc01180       0x10 C:/Program Files (x86)/Microchip/MPLAB C32 Suite/bin/../lib/gcc/pic32mx/3.4.4/../../../../pic32mx/lib/size/crt0.o

.vector_0       0x9fc01200        0x0
 *(.vector_0)
                0x00000001                ASSERT (((_vector_spacing == 0x0) || (SIZEOF (.vector_0) <= (_vector_spacing << 0x5))), function at exception vector 0 too large)

.vector_1       0x9fc01220        0x0
 *(.vector_1)
                0x00000001                ASSERT (((_vector_spacing == 0x0) || (SIZEOF (.vector_1) <= (_vector_spacing << 0x5))), function at exception vector 1 too large)

.vector_2       0x9fc01240        0x0
 *(.vector_2)
                0x00000001                ASSERT (((_vector_spacing == 0x0) || (SIZEOF (.vector_2) <= (_vector_spacing << 0x5))), function at exception vector 2 too large)

.vector_3       0x9fc01260        0x0
 *(.vector_3)
                0x00000001                ASSERT (((_vector_spacing == 0x0) || (SIZEOF (.vector_3) <= (_vector_spacing << 0x5))), function at exception vector 3 too large)

.vector_4       0x9fc01280        0x8
 *(.vector_4)
 .vector_4      0x9fc01280        0x8 D:\Andy Work\Documents\SO\Slave-PIC32\TCPIP Demo App - PIC32ETHSTK v3\TCPIP Library PIC32MX795F512L.a(Tick.o)
                0x00000001                ASSERT (((_vector_spacing == 0x0) || (SIZEOF (.vector_4) <= (_vector_spacing << 0x5))), function at exception vector 4 too large)

.vector_5       0x9fc012a0        0x0
 *(.vector_5)
                0x00000001                ASSERT (((_vector_spacing == 0x0) || (SIZEOF (.vector_5) <= (_vector_spacing << 0x5))), function at exception vector 5 too large)

.vector_6       0x9fc012c0        0x0
 *(.vector_6)
                0x00000001                ASSERT (((_vector_spacing == 0x0) || (SIZEOF (.vector_6) <= (_vector_spacing << 0x5))), function at exception vector 6 too large)

.vector_7       0x9fc012e0        0x0
 *(.vector_7)
                0x00000001                ASSERT (((_vector_spacing == 0x0) || (SIZEOF (.vector_7) <= (_vector_spacing << 0x5))), function at exception vector 7 too large)

.vector_8       0x9fc01300        0x0
 *(.vector_8)
                0x00000001                ASSERT (((_vector_spacing == 0x0) || (SIZEOF (.vector_8) <= (_vector_spacing << 0x5))), function at exception vector 8 too large)

.vector_9       0x9fc01320        0x0
 *(.vector_9)
                0x00000001                ASSERT (((_vector_spacing == 0x0) || (SIZEOF (.vector_9) <= (_vector_spacing << 0x5))), function at exception vector 9 too large)

.vector_10      0x9fc01340        0x0
 *(.vector_10)
                0x00000001                ASSERT (((_vector_spacing == 0x0) || (SIZEOF (.vector_10) <= (_vector_spacing << 0x5))), function at exception vector 10 too large)

.vector_11      0x9fc01360        0x0
 *(.vector_11)
                0x00000001                ASSERT (((_vector_spacing == 0x0) || (SIZEOF (.vector_11) <= (_vector_spacing << 0x5))), function at exception vector 11 too large)

.vector_12      0x9fc01380        0x0
 *(.vector_12)
                0x00000001                ASSERT (((_vector_spacing == 0x0) || (SIZEOF (.vector_12) <= (_vector_spacing << 0x5))), function at exception vector 12 too large)

.vector_13      0x9fc013a0        0x0
 *(.vector_13)
                0x00000001                ASSERT (((_vector_spacing == 0x0) || (SIZEOF (.vector_13) <= (_vector_spacing << 0x5))), function at exception vector 13 too large)

.vector_14      0x9fc013c0        0x0
 *(.vector_14)
                0x00000001                ASSERT (((_vector_spacing == 0x0) || (SIZEOF (.vector_14) <= (_vector_spacing << 0x5))), function at exception vector 14 too large)

.vector_15      0x9fc013e0        0x0
 *(.vector_15)
                0x00000001                ASSERT (((_vector_spacing == 0x0) || (SIZEOF (.vector_15) <= (_vector_spacing << 0x5))), function at exception vector 15 too large)

.vector_16      0x9fc01400        0x0
 *(.vector_16)
                0x00000001                ASSERT (((_vector_spacing == 0x0) || (SIZEOF (.vector_16) <= (_vector_spacing << 0x5))), function at exception vector 16 too large)

.vector_17      0x9fc01420        0x0
 *(.vector_17)
                0x00000001                ASSERT (((_vector_spacing == 0x0) || (SIZEOF (.vector_17) <= (_vector_spacing << 0x5))), function at exception vector 17 too large)

.vector_18      0x9fc01440        0x0
 *(.vector_18)
                0x00000001                ASSERT (((_vector_spacing == 0x0) || (SIZEOF (.vector_18) <= (_vector_spacing << 0x5))), function at exception vector 18 too large)

.vector_19      0x9fc01460        0x0
 *(.vector_19)
                0x00000001                ASSERT (((_vector_spacing == 0x0) || (SIZEOF (.vector_19) <= (_vector_spacing << 0x5))), function at exception vector 19 too large)

.vector_20      0x9fc01480        0x0
 *(.vector_20)
                0x00000001                ASSERT (((_vector_spacing == 0x0) || (SIZEOF (.vector_20) <= (_vector_spacing << 0x5))), function at exception vector 20 too large)

.vector_21      0x9fc014a0        0x0
 *(.vector_21)
                0x00000001                ASSERT (((_vector_spacing == 0x0) || (SIZEOF (.vector_21) <= (_vector_spacing << 0x5))), function at exception vector 21 too large)

.vector_22      0x9fc014c0        0x0
 *(.vector_22)
                0x00000001                ASSERT (((_vector_spacing == 0x0) || (SIZEOF (.vector_22) <= (_vector_spacing << 0x5))), function at exception vector 22 too large)

.vector_23      0x9fc014e0        0x0
 *(.vector_23)
                0x00000001                ASSERT (((_vector_spacing == 0x0) || (SIZEOF (.vector_23) <= (_vector_spacing << 0x5))), function at exception vector 23 too large)

.vector_24      0x9fc01500        0x0
 *(.vector_24)
                0x00000001                ASSERT (((_vector_spacing == 0x0) || (SIZEOF (.vector_24) <= (_vector_spacing << 0x5))), function at exception vector 24 too large)

.vector_25      0x9fc01520        0x0
 *(.vector_25)
                0x00000001                ASSERT (((_vector_spacing == 0x0) || (SIZEOF (.vector_25) <= (_vector_spacing << 0x5))), function at exception vector 25 too large)

.vector_26      0x9fc01540        0x0
 *(.vector_26)
                0x00000001                ASSERT (((_vector_spacing == 0x0) || (SIZEOF (.vector_26) <= (_vector_spacing << 0x5))), function at exception vector 26 too large)

.vector_27      0x9fc01560        0x0
 *(.vector_27)
                0x00000001                ASSERT (((_vector_spacing == 0x0) || (SIZEOF (.vector_27) <= (_vector_spacing << 0x5))), function at exception vector 27 too large)

.vector_28      0x9fc01580        0x0
 *(.vector_28)
                0x00000001                ASSERT (((_vector_spacing == 0x0) || (SIZEOF (.vector_28) <= (_vector_spacing << 0x5))), function at exception vector 28 too large)

.vector_29      0x9fc015a0        0x0
 *(.vector_29)
                0x00000001                ASSERT (((_vector_spacing == 0x0) || (SIZEOF (.vector_29) <= (_vector_spacing << 0x5))), function at exception vector 29 too large)

.vector_30      0x9fc015c0        0x0
 *(.vector_30)
                0x00000001                ASSERT (((_vector_spacing == 0x0) || (SIZEOF (.vector_30) <= (_vector_spacing << 0x5))), function at exception vector 30 too large)

.vector_31      0x9fc015e0        0x0
 *(.vector_31)
                0x00000001                ASSERT (((_vector_spacing == 0x0) || (SIZEOF (.vector_31) <= (_vector_spacing << 0x5))), function at exception vector 31 too large)

.vector_32      0x9fc01600        0x0
 *(.vector_32)
                0x00000001                ASSERT (((_vector_spacing == 0x0) || (SIZEOF (.vector_32) <= (_vector_spacing << 0x5))), function at exception vector 32 too large)

.vector_33      0x9fc01620        0x0
 *(.vector_33)
                0x00000001                ASSERT (((_vector_spacing == 0x0) || (SIZEOF (.vector_33) <= (_vector_spacing << 0x5))), function at exception vector 33 too large)

.vector_34      0x9fc01640        0x0
 *(.vector_34)
                0x00000001                ASSERT (((_vector_spacing == 0x0) || (SIZEOF (.vector_34) <= (_vector_spacing << 0x5))), function at exception vector 34 too large)

.vector_35      0x9fc01660        0x0
 *(.vector_35)
                0x00000001                ASSERT (((_vector_spacing == 0x0) || (SIZEOF (.vector_35) <= (_vector_spacing << 0x5))), function at exception vector 35 too large)

.vector_36      0x9fc01680        0x0
 *(.vector_36)
                0x00000001                ASSERT (((_vector_spacing == 0x0) || (SIZEOF (.vector_36) <= (_vector_spacing << 0x5))), function at exception vector 36 too large)

.vector_37      0x9fc016a0        0x0
 *(.vector_37)
                0x00000001                ASSERT (((_vector_spacing == 0x0) || (SIZEOF (.vector_37) <= (_vector_spacing << 0x5))), function at exception vector 37 too large)

.vector_38      0x9fc016c0        0x0
 *(.vector_38)
                0x00000001                ASSERT (((_vector_spacing == 0x0) || (SIZEOF (.vector_38) <= (_vector_spacing << 0x5))), function at exception vector 38 too large)

.vector_39      0x9fc016e0        0x0
 *(.vector_39)
                0x00000001                ASSERT (((_vector_spacing == 0x0) || (SIZEOF (.vector_39) <= (_vector_spacing << 0x5))), function at exception vector 39 too large)

.vector_40      0x9fc01700        0x0
 *(.vector_40)
                0x00000001                ASSERT (((_vector_spacing == 0x0) || (SIZEOF (.vector_40) <= (_vector_spacing << 0x5))), function at exception vector 40 too large)

.vector_41      0x9fc01720        0x0
 *(.vector_41)
                0x00000001                ASSERT (((_vector_spacing == 0x0) || (SIZEOF (.vector_41) <= (_vector_spacing << 0x5))), function at exception vector 41 too large)

.vector_42      0x9fc01740        0x0
 *(.vector_42)
                0x00000001                ASSERT (((_vector_spacing == 0x0) || (SIZEOF (.vector_42) <= (_vector_spacing << 0x5))), function at exception vector 42 too large)

.vector_43      0x9fc01760        0x0
 *(.vector_43)
                0x00000001                ASSERT (((_vector_spacing == 0x0) || (SIZEOF (.vector_43) <= (_vector_spacing << 0x5))), function at exception vector 43 too large)

.vector_44      0x9fc01780        0x0
 *(.vector_44)
                0x00000001                ASSERT (((_vector_spacing == 0x0) || (SIZEOF (.vector_44) <= (_vector_spacing << 0x5))), function at exception vector 44 too large)

.vector_45      0x9fc017a0        0x0
 *(.vector_45)
                0x00000001                ASSERT (((_vector_spacing == 0x0) || (SIZEOF (.vector_45) <= (_vector_spacing << 0x5))), function at exception vector 45 too large)

.vector_46      0x9fc017c0        0x0
 *(.vector_46)
                0x00000001                ASSERT (((_vector_spacing == 0x0) || (SIZEOF (.vector_46) <= (_vector_spacing << 0x5))), function at exception vector 46 too large)

.vector_47      0x9fc017e0        0x0
 *(.vector_47)
                0x00000001                ASSERT (((_vector_spacing == 0x0) || (SIZEOF (.vector_47) <= (_vector_spacing << 0x5))), function at exception vector 47 too large)

.vector_48      0x9fc01800        0x0
 *(.vector_48)
                0x00000001                ASSERT (((_vector_spacing == 0x0) || (SIZEOF (.vector_48) <= (_vector_spacing << 0x5))), function at exception vector 48 too large)

.vector_49      0x9fc01820        0x0
 *(.vector_49)
                0x00000001                ASSERT (((_vector_spacing == 0x0) || (SIZEOF (.vector_49) <= (_vector_spacing << 0x5))), function at exception vector 49 too large)

.vector_50      0x9fc01840        0x0
 *(.vector_50)
                0x00000001                ASSERT (((_vector_spacing == 0x0) || (SIZEOF (.vector_50) <= (_vector_spacing << 0x5))), function at exception vector 50 too large)

.vector_51      0x9fc01860        0x0
 *(.vector_51)
                0x00000001                ASSERT (((_vector_spacing == 0x0) || (SIZEOF (.vector_51) <= (_vector_spacing << 0x5))), function at exception vector 51 too large)

.vector_52      0x9fc01880        0x0
 *(.vector_52)
                0x00000001                ASSERT (((_vector_spacing == 0x0) || (SIZEOF (.vector_52) <= (_vector_spacing << 0x5))), function at exception vector 52 too large)

.vector_53      0x9fc018a0        0x0
 *(.vector_53)
                0x00000001                ASSERT (((_vector_spacing == 0x0) || (SIZEOF (.vector_53) <= (_vector_spacing << 0x5))), function at exception vector 53 too large)

.vector_54      0x9fc018c0        0x0
 *(.vector_54)
                0x00000001                ASSERT (((_vector_spacing == 0x0) || (SIZEOF (.vector_54) <= (_vector_spacing << 0x5))), function at exception vector 54 too large)

.vector_55      0x9fc018e0        0x0
 *(.vector_55)
                0x00000001                ASSERT (((_vector_spacing == 0x0) || (SIZEOF (.vector_55) <= (_vector_spacing << 0x5))), function at exception vector 55 too large)

.vector_56      0x9fc01900        0x0
 *(.vector_56)
                0x00000001                ASSERT (((_vector_spacing == 0x0) || (SIZEOF (.vector_56) <= (_vector_spacing << 0x5))), function at exception vector 56 too large)

.vector_57      0x9fc01920        0x0
 *(.vector_57)
                0x00000001                ASSERT (((_vector_spacing == 0x0) || (SIZEOF (.vector_57) <= (_vector_spacing << 0x5))), function at exception vector 57 too large)

.vector_58      0x9fc01940        0x0
 *(.vector_58)
                0x00000001                ASSERT (((_vector_spacing == 0x0) || (SIZEOF (.vector_58) <= (_vector_spacing << 0x5))), function at exception vector 58 too large)

.vector_59      0x9fc01960        0x0
 *(.vector_59)
                0x00000001                ASSERT (((_vector_spacing == 0x0) || (SIZEOF (.vector_59) <= (_vector_spacing << 0x5))), function at exception vector 59 too large)

.vector_60      0x9fc01980        0x0
 *(.vector_60)
                0x00000001                ASSERT (((_vector_spacing == 0x0) || (SIZEOF (.vector_60) <= (_vector_spacing << 0x5))), function at exception vector 60 too large)

.vector_61      0x9fc019a0        0x0
 *(.vector_61)
                0x00000001                ASSERT (((_vector_spacing == 0x0) || (SIZEOF (.vector_61) <= (_vector_spacing << 0x5))), function at exception vector 61 too large)

.vector_62      0x9fc019c0        0x0
 *(.vector_62)
                0x00000001                ASSERT (((_vector_spacing == 0x0) || (SIZEOF (.vector_62) <= (_vector_spacing << 0x5))), function at exception vector 62 too large)

.vector_63      0x9fc019e0        0x0
 *(.vector_63)
                0x00000001                ASSERT (((_vector_spacing == 0x0) || (SIZEOF (.vector_63) <= (_vector_spacing << 0x5))), function at exception vector 63 too large)

.startup        0x9fc00490      0x1e0
 *(.startup)
 .startup       0x9fc00490      0x1e0 C:/Program Files (x86)/Microchip/MPLAB C32 Suite/bin/../lib/gcc/pic32mx/3.4.4/../../../../pic32mx/lib/size/crt0.o

.text           0x9d000000    0x2d37c
                0x9d000000                _text_begin = .
 *(.text .stub .text.* .gnu.linkonce.t.*)
 .text          0x9d000000       0x10 C:/Program Files (x86)/Microchip/MPLAB C32 Suite/bin/../lib/gcc/pic32mx/3.4.4/../../../../pic32mx/lib/size/crt0.o
                0x9d000008                __crt0_exit
 .text          0x9d000010      0xa38 output\MainDemo.o
                0x9d000010                _general_exception_handler
                0x9d00003c                main
                0x9d0001a0                DisplayIPValue
 .text          0x9d000a48      0x3a4 D:\Andy Work\Documents\SO\Slave-PIC32\TCPIP Demo App - PIC32ETHSTK v3\TCPIP Library PIC32MX795F512L.a(Announce.o)
                0x9d000a48                AnnounceIP
                0x9d000ba8                DiscoveryTask
 .text          0x9d000dec       0xec D:\Andy Work\Documents\SO\Slave-PIC32\TCPIP Demo App - PIC32ETHSTK v3\TCPIP Library PIC32MX795F512L.a(Delay.o)
                0x9d000dec                DelayMs
                0x9d000e70                Delay10us
 .text          0x9d000ed8     0x13cc D:\Andy Work\Documents\SO\Slave-PIC32\TCPIP Demo App - PIC32ETHSTK v3\TCPIP Library PIC32MX795F512L.a(Helpers.o)
                0x9d000ed8                LFSRSeedRand
                0x9d000f5c                LFSRRand
                0x9d000fd4                GenerateRandomDWORD
                0x9d001214                StringToIPAddress
                0x9d001514                Base64Decode
                0x9d00181c                Base64Encode
                0x9d001aac                uitoa
                0x9d001bd0                hexatob
                0x9d001ca4                btohexa_high
                0x9d001d14                btohexa_low
                0x9d001d84                stricmppgm2ram
                0x9d001f04                swaps
                0x9d001f50                swapl
                0x9d001fd8                CalcIPChecksum
                0x9d0020b4                strupr
                0x9d002144                FormatNetBIOSName
                0x9d0021fc                strnchr
 .text          0x9d0022a4     0x1818 D:\Andy Work\Documents\SO\Slave-PIC32\TCPIP Demo App - PIC32ETHSTK v3\TCPIP Library PIC32MX795F512L.a(MPFS2.o)
                0x9d0022a4                MPFSInit
                0x9d00232c                MPFSOpen
                0x9d002664                MPFSOpenID
                0x9d0027f8                MPFSClose
                0x9d002864                MPFSGet
                0x9d002ab0                MPFSGetArray
                0x9d002d64                MPFSGetLong
                0x9d002db8                MPFSSeek
                0x9d0032b8                MPFSGetTimestamp
                0x9d003384                MPFSGetMicrotime
                0x9d003450                MPFSGetFlags
                0x9d00351c                MPFSGetSize
                0x9d0035e8                MPFSGetBytesRem
                0x9d003694                MPFSGetStartAddr
                0x9d003764                MPFSGetEndAddr
                0x9d003848                MPFSGetFilename
                0x9d003958                MPFSGetPosition
                0x9d0039cc                MPFSGetID
 .text          0x9d003abc      0x42c D:\Andy Work\Documents\SO\Slave-PIC32\TCPIP Demo App - PIC32ETHSTK v3\TCPIP Library PIC32MX795F512L.a(StackTsk.o)
                0x9d003abc                StackInit
                0x9d003b88                StackTask
                0x9d003e68                StackApplications
 .text          0x9d003ee8     0x8890 D:\Andy Work\Documents\SO\Slave-PIC32\TCPIP Demo App - PIC32ETHSTK v3\TCPIP Library PIC32MX795F512L.a(TCP.o)
                0x9d00401c                TCPInit
                0x9d004328                TCPOpen
                0x9d00479c                TCPWasReset
                0x9d004848                TCPIsConnected
                0x9d0048a4                TCPDisconnect
                0x9d004b28                TCPClose
                0x9d004ba0                TCPGetRemoteInfo
                0x9d004c1c                TCPFlush
                0x9d004ca4                TCPIsPutReady
                0x9d004e98                TCPPut
                0x9d0051ec                TCPPutArray
                0x9d005670                TCPPutString
                0x9d0056d4                TCPGetTxFIFOFull
                0x9d005788                TCPDiscard
                0x9d005830                TCPIsGetReady
                0x9d0059cc                TCPGet
                0x9d005c54                TCPGetArray
                0x9d006034                TCPGetRxFIFOFree
                0x9d0060e4                TCPPeekArray
                0x9d0063a8                TCPPeek
                0x9d006404                TCPFindArrayEx
                0x9d006a20                TCPFindEx
                0x9d006a94                TCPTick
                0x9d007ab8                TCPProcess
                0x9d00be4c                TCPAdjustFIFOSize
 .text          0x9d00c778      0x5b8 D:\Andy Work\Documents\SO\Slave-PIC32\TCPIP Demo App - PIC32ETHSTK v3\TCPIP Library PIC32MX795F512L.a(TCPPerformanceTest.o)
                0x9d00c778                TCPPerformanceTask
                0x9d00c7b0                TCPTXPerformanceTask
                0x9d00caf8                TCPRXPerformanceTask
 .text          0x9d00cd30      0xbe8 D:\Andy Work\Documents\SO\Slave-PIC32\TCPIP Demo App - PIC32ETHSTK v3\TCPIP Library PIC32MX795F512L.a(Telnet.o)
                0x9d00cd30                TelnetTask
 .text          0x9d00d918      0x2d8 D:\Andy Work\Documents\SO\Slave-PIC32\TCPIP Demo App - PIC32ETHSTK v3\TCPIP Library PIC32MX795F512L.a(Tick.o)
                0x9d00d918                TickInit
                0x9d00da34                TickGet
                0x9d00da68                TickGetDiv256
                0x9d00dabc                TickGetDiv64K
                0x9d00db10                TickConvertToMilliseconds
                0x9d00db68                _T1Interrupt
 .text          0x9d00dbf0      0xcd4 D:\Andy Work\Documents\SO\Slave-PIC32\TCPIP Demo App - PIC32ETHSTK v3\TCPIP Library PIC32MX795F512L.a(UDP.o)
                0x9d00dbf0                UDPInit
                0x9d00dc5c                UDPTask
                0x9d00dc84                UDPOpen
                0x9d00ddd8                UDPClose
                0x9d00de64                UDPSetTxBuffer
                0x9d00dec4                UDPSetRxBuffer
                0x9d00df14                UDPIsPutReady
                0x9d00dfa8                UDPPut
                0x9d00e038                UDPPutArray
                0x9d00e0dc                UDPPutString
                0x9d00e130                UDPFlush
                0x9d00e310                UDPIsGetReady
                0x9d00e3ac                UDPGet
                0x9d00e43c                UDPGetArray
                0x9d00e508                UDPDiscard
                0x9d00e564                UDPProcess
 .text          0x9d00e8c4     0x1ae8 D:\Andy Work\Documents\SO\Slave-PIC32\TCPIP Demo App - PIC32ETHSTK v3\TCPIP Library PIC32MX795F512L.a(BerkeleyAPI.o)
                0x9d00e8c4                BerkeleySocketInit
                0x9d00e938                socket
                0x9d00ea7c                bind
                0x9d00ec10                listen
                0x9d00eeec                accept
                0x9d00f210                connect
                0x9d00f580                send
                0x9d00f5e0                sendto
                0x9d00f9c0                recv
                0x9d00fb50                recvfrom
                0x9d00fdf4                gethostname
                0x9d00fef8                closesocket
 .text          0x9d0103ac      0xdd4 D:\Andy Work\Documents\SO\Slave-PIC32\TCPIP Demo App - PIC32ETHSTK v3\TCPIP Library PIC32MX795F512L.a(AutoIP.o)
                0x9d0103ac                AutoIPInit
                0x9d010454                AutoIPIsConfigured
                0x9d01048c                AutoIPConfigIsInProgress
                0x9d0104c8                AutoIPTasks
                0x9d010e24                AutoIPConflict
                0x9d010fbc                AutoIPDisable
                0x9d011058                AutoIPEnable
                0x9d0110a4                AutoIPIsDisabled
                0x9d0110dc                AutoIPRandSeed
                0x9d011118                AutoIPRand
 .text          0x9d011180      0xe88 D:\Andy Work\Documents\SO\Slave-PIC32\TCPIP Demo App - PIC32ETHSTK v3\TCPIP Library PIC32MX795F512L.a(ETHPIC32IntMac.o)
                0x9d011180                MACInit
                0x9d011550                MACIsLinked
                0x9d011578                MACGetTxBaseAddr
                0x9d0115c0                MACGetHttpBaseAddr
                0x9d0115e8                MACGetSslBaseAddr
                0x9d011610                MACSetWritePtr
                0x9d011648                MACIsTxReady
                0x9d0117b8                MACPut
                0x9d0117fc                MACPutArray
                0x9d011858                MACPutHeader
                0x9d01194c                MACFlush
                0x9d0119bc                MACDiscardRx
                0x9d011a14                MACGetHeader
                0x9d011c28                MACSetReadPtrInRx
                0x9d011c64                MACSetReadPtr
                0x9d011c9c                MACGet
                0x9d011cd8                MACGetArray
                0x9d011d44                MACGetFreeRxSize
                0x9d011d9c                MACMemCopyAsync
                0x9d011e58                MACIsMemCopyDone
                0x9d011e7c                CalcIPBufferChecksum
                0x9d011ec0                MACCalcRxChecksum
 .text          0x9d012008     0x1128 D:\Andy Work\Documents\SO\Slave-PIC32\TCPIP Demo App - PIC32ETHSTK v3\TCPIP Library PIC32MX795F512L.a(ETHPIC32ExtPhy.o)
                0x9d012008                EthPhyRestartNegotiation
                0x9d012080                EthPhyInit
                0x9d012580                EthPhyNegotiationComplete
                0x9d012774                EthPhyGetNegotiationResult
                0x9d012a50                EthPhyGetLinkStatus
                0x9d012b00                EthPhyReset
                0x9d012bf8                EthPhyScanLinkStart
                0x9d012c30                EthPhyScanLinkRead
                0x9d012ca4                EthPhyScanLinkStop
 .text          0x9d013130      0x1b4 D:\Andy Work\Documents\SO\Slave-PIC32\TCPIP Demo App - PIC32ETHSTK v3\TCPIP Library PIC32MX795F512L.a(ETHPIC32ExtPhyDP83848.o)
                0x9d013130                EthPhyConfigureMII
                0x9d0131d0                EthPhyConfigureMdix
                0x9d013298                EthPhyMIIMAddress
                0x9d0132bc                EthPhyMIIMClock
 .text          0x9d0132e4      0x240 D:\Andy Work\Documents\SO\Slave-PIC32\TCPIP Demo App - PIC32ETHSTK v3\TCPIP Library PIC32MX795F512L.a(BerkeleyTCPClientDemo.o)
                0x9d0132e4                BerkeleyTCPClientDemo
 .text          0x9d013524      0x2ac D:\Andy Work\Documents\SO\Slave-PIC32\TCPIP Demo App - PIC32ETHSTK v3\TCPIP Library PIC32MX795F512L.a(BerkeleyTCPServerDemo.o)
                0x9d013524                BerkeleyTCPServerDemo
 .text          0x9d0137d0      0x420 D:\Andy Work\Documents\SO\Slave-PIC32\TCPIP Demo App - PIC32ETHSTK v3\TCPIP Library PIC32MX795F512L.a(BerkeleyUDPClientDemo.o)
                0x9d0137d0                BerkeleyUDPClientDemo
                0x9d013b58                BerkeleySNTPGetUTCSeconds
 .text          0x9d013bf0     0x174c D:\Andy Work\Documents\SO\Slave-PIC32\TCPIP Demo App - PIC32ETHSTK v3\TCPIP Library PIC32MX795F512L.a(CustomSNMPApp.o)
                0x9d013ea4                SNMPV2TrapDemo
                0x9d014070                SNMPTrapDemo
                0x9d0142e0                SNMPSendTrap
                0x9d014598                SNMPValidateCommunity
                0x9d01473c                SNMPIsValidSetLen
                0x9d0147ac                SNMPSetVar
                0x9d014b60                SNMPGetNextIndex
                0x9d014c38                SNMPGetVar
 .text          0x9d01533c      0x308 D:\Andy Work\Documents\SO\Slave-PIC32\TCPIP Demo App - PIC32ETHSTK v3\TCPIP Library PIC32MX795F512L.a(GenericTCPClient.o)
                0x9d01533c                GenericTCPClient
 .text          0x9d015644      0x210 D:\Andy Work\Documents\SO\Slave-PIC32\TCPIP Demo App - PIC32ETHSTK v3\TCPIP Library PIC32MX795F512L.a(GenericTCPServer.o)
                0x9d015644                GenericTCPServer
 .text          0x9d015854      0x140 D:\Andy Work\Documents\SO\Slave-PIC32\TCPIP Demo App - PIC32ETHSTK v3\TCPIP Library PIC32MX795F512L.a(PingDemo.o)
                0x9d015854                PingDemo
 .text          0x9d015994      0x260 D:\Andy Work\Documents\SO\Slave-PIC32\TCPIP Demo App - PIC32ETHSTK v3\TCPIP Library PIC32MX795F512L.a(SMTPDemo.o)
                0x9d015994                SMTPDemo
 .text          0x9d015bf4      0x718 D:\Andy Work\Documents\SO\Slave-PIC32\TCPIP Demo App - PIC32ETHSTK v3\TCPIP Library PIC32MX795F512L.a(ARP.o)
                0x9d015d00                ARPInit
                0x9d015d90                ARPProcess
                0x9d0160a4                ARPResolve
                0x9d016184                ARPIsResolved
                0x9d016284                SwapARPPacket
 .text          0x9d01630c     0x1610 D:\Andy Work\Documents\SO\Slave-PIC32\TCPIP Demo App - PIC32ETHSTK v3\TCPIP Library PIC32MX795F512L.a(DHCP.o)
                0x9d01630c                DHCPInit
                0x9d0163f8                DHCPDisable
                0x9d016468                DHCPEnable
                0x9d0164cc                DHCPIsEnabled
                0x9d016504                DHCPIsBound
                0x9d016540                DHCPStateChanged
                0x9d0165b0                DHCPIsServerDetected
                0x9d0165ec                DHCPTask
 .text          0x9d01791c      0xb80 D:\Andy Work\Documents\SO\Slave-PIC32\TCPIP Demo App - PIC32ETHSTK v3\TCPIP Library PIC32MX795F512L.a(DHCPs.o)
                0x9d01791c                DHCPServerTask
 .text          0x9d01849c      0xe60 D:\Andy Work\Documents\SO\Slave-PIC32\TCPIP Demo App - PIC32ETHSTK v3\TCPIP Library PIC32MX795F512L.a(DNS.o)
                0x9d01849c                DNSBeginUsage
                0x9d0184f4                DNSEndUsage
                0x9d018568                DNSResolve
                0x9d0185fc                DNSIsResolved
 .text          0x9d0192fc     0x1788 D:\Andy Work\Documents\SO\Slave-PIC32\TCPIP Demo App - PIC32ETHSTK v3\TCPIP Library PIC32MX795F512L.a(DynDNS.o)
                0x9d0192fc                DDNSInit
                0x9d01939c                DDNSTask
                0x9d01a96c                DDNSForceUpdate
                0x9d01a9b0                DDNSSetService
                0x9d01aa30                DDNSGetLastIP
                0x9d01aa60                DDNSGetLastStatus
 .text          0x9d01aa84     0x370c D:\Andy Work\Documents\SO\Slave-PIC32\TCPIP Demo App - PIC32ETHSTK v3\TCPIP Library PIC32MX795F512L.a(HTTP2.o)
                0x9d01aa84                HTTPPrint
                0x9d01af54                HTTPPrint_
                0x9d01afa4                HTTPInit
                0x9d01b0b4                HTTPServer
                0x9d01d844                HTTPURLDecode
                0x9d01da18                HTTPGetArg
                0x9d01dae4                HTTPReadPostName
                0x9d01db60                HTTPReadPostValue
                0x9d01df90                HTTPIncFile
 .text          0x9d01e190      0x604 D:\Andy Work\Documents\SO\Slave-PIC32\TCPIP Demo App - PIC32ETHSTK v3\TCPIP Library PIC32MX795F512L.a(ICMP.o)
                0x9d01e190                ICMPProcess
                0x9d01e384                ICMPSendPing
                0x9d01e3e0                ICMPSendPingToHost
                0x9d01e44c                ICMPGetReply
                0x9d01e70c                ICMPBeginUsage
                0x9d01e764                ICMPEndUsage
 .text          0x9d01e794      0x31c D:\Andy Work\Documents\SO\Slave-PIC32\TCPIP Demo App - PIC32ETHSTK v3\TCPIP Library PIC32MX795F512L.a(IP.o)
                0x9d01e794                IPGetHeader
                0x9d01e8d0                IPPutHeader
                0x9d01e9dc                IPSetRxBuffer
 .text          0x9d01eab0      0x6fc D:\Andy Work\Documents\SO\Slave-PIC32\TCPIP Demo App - PIC32ETHSTK v3\TCPIP Library PIC32MX795F512L.a(NBNS.o)
                0x9d01eab0                NBNSTask
 .text          0x9d01f1ac      0x158 D:\Andy Work\Documents\SO\Slave-PIC32\TCPIP Demo App - PIC32ETHSTK v3\TCPIP Library PIC32MX795F512L.a(Reboot.o)
                0x9d01f1ac                RebootTask
 .text          0x9d01f304     0x25c8 D:\Andy Work\Documents\SO\Slave-PIC32\TCPIP Demo App - PIC32ETHSTK v3\TCPIP Library PIC32MX795F512L.a(SMTP.o)
                0x9d01f304                SMTPBeginUsage
                0x9d01f3a0                SMTPEndUsage
                0x9d01f46c                SMTPTask
                0x9d021198                SMTPSendMail
                0x9d0211c4                SMTPIsBusy
                0x9d0211ec                SMTPIsPutReady
                0x9d021248                SMTPPut
                0x9d0213ec                SMTPPutArray
                0x9d02148c                SMTPPutString
                0x9d021518                SMTPFlush
                0x9d021550                SMTPPutDone
 .text          0x9d0218cc     0x4f2c D:\Andy Work\Documents\SO\Slave-PIC32\TCPIP Demo App - PIC32ETHSTK v3\TCPIP Library PIC32MX795F512L.a(SNMP.o)
                0x9d0218cc                SNMPInit
                0x9d021910                SNMPTask
                0x9d021ab4                SNMPNotifyPrepare
                0x9d021b64                SNMPIsNotifyReady
                0x9d021c10                getSnmpV2GenTrapOid
                0x9d021d70                SNMPNotify
 .text          0x9d0267f8      0x4c0 D:\Andy Work\Documents\SO\Slave-PIC32\TCPIP Demo App - PIC32ETHSTK v3\TCPIP Library PIC32MX795F512L.a(SNTP.o)
                0x9d0267f8                SNTPClient
                0x9d026c20                SNTPGetUTCSeconds
 .text          0x9d026cb8     0x39f4 D:\Andy Work\Documents\SO\Slave-PIC32\TCPIP Demo App - PIC32ETHSTK v3\TCPIP Library PIC32MX795F512L.a(CustomHTTPApp.o)
                0x9d026cb8                HTTPNeedsAuth
                0x9d026d48                HTTPCheckAuth
                0x9d026dc8                HTTPExecuteGet
                0x9d027130                HTTPExecutePost
                0x9d028ef4                HTTPPrint_builddate
                0x9d028f9c                HTTPPrint_version
                0x9d028ff0                HTTPPrint_btn
                0x9d029138                HTTPPrint_led
                0x9d0292b4                HTTPPrint_ledSelected
                0x9d029444                HTTPPrint_pot
                0x9d0294b4                HTTPPrint_lcdtext
                0x9d029530                HTTPPrint_hellomsg
                0x9d0295d4                HTTPPrint_cookiename
                0x9d029680                HTTPPrint_uploadedmd5
                0x9d029874                HTTPPrintIP
                0x9d029944                HTTPPrint_config_hostname
                0x9d029998                HTTPPrint_config_dhcpchecked
                0x9d029a08                HTTPPrint_config_ip
                0x9d029a50                HTTPPrint_config_gw
                0x9d029a98                HTTPPrint_config_subnet
                0x9d029ae0                HTTPPrint_config_dns1
                0x9d029b28                HTTPPrint_config_dns2
                0x9d029b70                HTTPPrint_config_mac
                0x9d029cd8                HTTPPrint_read_comm
                0x9d029d60                HTTPPrint_write_comm
                0x9d029de8                HTTPPrint_reboot
                0x9d029e00                HTTPPrint_rebootaddr
                0x9d029e54                HTTPPrint_ddns_user
                0x9d029f44                HTTPPrint_ddns_pass
                0x9d02a034                HTTPPrint_ddns_host
                0x9d02a124                HTTPPrint_ddns_service
                0x9d02a1e0                HTTPPrint_ddns_status
                0x9d02a2ec                HTTPPrint_ddns_status_msg
                0x9d02a4d4                HTTPPrint_smtps_en
                0x9d02a528                HTTPPrint_snmp_en
                0x9d02a57c                HTTPPrint_status_ok
                0x9d02a614                HTTPPrint_status_fail
 .text          0x9d02a6ac      0x76c D:\Andy Work\Documents\SO\Slave-PIC32\TCPIP Demo App - PIC32ETHSTK v3\TCPIP Library PIC32MX795F512L.a(Hashes.o)
                0x9d02a6ac                HashAddData
                0x9d02a70c                MD5Initialize
                0x9d02a780                MD5AddData
                0x9d02ab3c                MD5Calculate
 .text.__udivdi3
                0x9d02ae18      0x44c C:/Program Files (x86)/Microchip/MPLAB C32 Suite/bin/../lib/gcc/pic32mx/3.4.4/size\libgcc.a(_udivdi3.o)
                0x9d02ae18                __udivdi3
 .text          0x9d02b264       0x98 C:/Program Files (x86)/Microchip/MPLAB C32 Suite/bin/../lib/gcc/pic32mx/3.4.4/../../../../pic32mx/lib/size\libc.a(memcmp.o)
                0x9d02b264                memcmp
 .text          0x9d02b2fc      0x168 C:/Program Files (x86)/Microchip/MPLAB C32 Suite/bin/../lib/gcc/pic32mx/3.4.4/../../../../pic32mx/lib/size\libc.a(memcpy.o)
                0x9d02b2fc                memcpy
 .text          0x9d02b464       0xa8 C:/Program Files (x86)/Microchip/MPLAB C32 Suite/bin/../lib/gcc/pic32mx/3.4.4/../../../../pic32mx/lib/size\libc.a(memset.o)
                0x9d02b464                memset
 .text          0x9d02b50c      0x120 C:/Program Files (x86)/Microchip/MPLAB C32 Suite/bin/../lib/gcc/pic32mx/3.4.4/../../../../pic32mx/lib/size\libc.a(strcmp.o)
                0x9d02b50c                strcmp
 .text          0x9d02b62c      0x1a0 C:/Program Files (x86)/Microchip/MPLAB C32 Suite/bin/../lib/gcc/pic32mx/3.4.4/../../../../pic32mx/lib/size\libc.a(strcpy.o)
                0x9d02b62c                strcpy
 .text          0x9d02b7cc      0x168 C:/Program Files (x86)/Microchip/MPLAB C32 Suite/bin/../lib/gcc/pic32mx/3.4.4/../../../../pic32mx/lib/size\libc.a(strlen.o)
                0x9d02b7cc                strlen
 .text.general_exception
                0x9d02b934       0xd0 C:/Program Files (x86)/Microchip/MPLAB C32 Suite/bin/../lib/gcc/pic32mx/3.4.4/../../../../pic32mx/lib/size\libc.a(general-exception.o)
                0x9d02b934                _general_exception_context
 .text.atoi     0x9d02ba04       0xa4 C:/Program Files (x86)/Microchip/MPLAB C32 Suite/bin/../lib/gcc/pic32mx/3.4.4/../../../../pic32mx/lib/size\libc.a(atoi.o)
                0x9d02ba04                atoi
 .text.atol     0x9d02baa8       0xa8 C:/Program Files (x86)/Microchip/MPLAB C32 Suite/bin/../lib/gcc/pic32mx/3.4.4/../../../../pic32mx/lib/size\libc.a(atol.o)
                0x9d02baa8                atol
 .text.ultoa    0x9d02bb50       0x64 C:/Program Files (x86)/Microchip/MPLAB C32 Suite/bin/../lib/gcc/pic32mx/3.4.4/../../../../pic32mx/lib/size\libc.a(ltoa.o)
                0x9d02bb50                ultoa
 .text.srand    0x9d02bbb4       0x10 C:/Program Files (x86)/Microchip/MPLAB C32 Suite/bin/../lib/gcc/pic32mx/3.4.4/../../../../pic32mx/lib/size\libc.a(rand.o)
                0x9d02bbb4                srand
 .text.rand     0x9d02bbc4       0x44 C:/Program Files (x86)/Microchip/MPLAB C32 Suite/bin/../lib/gcc/pic32mx/3.4.4/../../../../pic32mx/lib/size\libc.a(rand.o)
                0x9d02bbc4                rand
 .text.strchr   0x9d02bc08       0x28 C:/Program Files (x86)/Microchip/MPLAB C32 Suite/bin/../lib/gcc/pic32mx/3.4.4/../../../../pic32mx/lib/size\libc.a(strchr.o)
                0x9d02bc08                strchr
 .text.strncmp  0x9d02bc30       0x4c C:/Program Files (x86)/Microchip/MPLAB C32 Suite/bin/../lib/gcc/pic32mx/3.4.4/../../../../pic32mx/lib/size\libc.a(strncmp.o)
                0x9d02bc30                strncmp
 .text.strstr   0x9d02bc7c       0x80 C:/Program Files (x86)/Microchip/MPLAB C32 Suite/bin/../lib/gcc/pic32mx/3.4.4/../../../../pic32mx/lib/size\libc.a(strstr.o)
                0x9d02bc7c                strstr
 .text._bootstrap_exception_handler
                0x9d02bcfc        0x8 C:/Program Files (x86)/Microchip/MPLAB C32 Suite/bin/../lib/gcc/pic32mx/3.4.4/../../../../pic32mx/lib/size\libc.a(default-bootstrap-exception-handler.o)
                0x9d02bcfc                _bootstrap_exception_handler
 .text._on_reset
                0x9d02bd04        0x8 C:/Program Files (x86)/Microchip/MPLAB C32 Suite/bin/../lib/gcc/pic32mx/3.4.4/../../../../pic32mx/lib/size\libc.a(default-on-reset.o)
                0x9d02bd04                _on_reset
 .text._on_bootstrap
                0x9d02bd0c        0x8 C:/Program Files (x86)/Microchip/MPLAB C32 Suite/bin/../lib/gcc/pic32mx/3.4.4/../../../../pic32mx/lib/size\libc.a(default-on-bootstrap.o)
                0x9d02bd0c                _on_bootstrap
 .text          0x9d02bd14       0x18 C:/Program Files (x86)/Microchip/MPLAB C32 Suite/bin/../lib/gcc/pic32mx/3.4.4/../../../../pic32mx/lib/size\libc.a(default-nmi-handler.o)
                0x9d02bd14                _nmi_handler
 .text.ReadCoreTimer
                0x9d02bd2c        0x8 C:/Program Files (x86)/Microchip/MPLAB C32 Suite/bin/../lib/gcc/pic32mx/3.4.4/../../../../pic32mx/lib/size\libmchp_peripheral.a(read_core_timer_lib.o)
                0x9d02bd2c                ReadCoreTimer
 .text._EthAckPacket
                0x9d02bd34      0x1ac C:/Program Files (x86)/Microchip/MPLAB C32 Suite/bin/../lib/gcc/pic32mx/3.4.4/../../../../pic32mx/lib/size\libmchp_peripheral_32MX795F512L.a(eth_ack_packet_lib.o)
                0x9d02bd34                _EthAckPacket
 .text.EthTxAckBuffer
                0x9d02bee0       0x30 C:/Program Files (x86)/Microchip/MPLAB C32 Suite/bin/../lib/gcc/pic32mx/3.4.4/../../../../pic32mx/lib/size\libmchp_peripheral_32MX795F512L.a(eth_ack_packet_lib.o)
                0x9d02bee0                EthTxAckBuffer
 .text._EthRxAckBuffer
                0x9d02bf10      0x180 C:/Program Files (x86)/Microchip/MPLAB C32 Suite/bin/../lib/gcc/pic32mx/3.4.4/../../../../pic32mx/lib/size\libmchp_peripheral_32MX795F512L.a(eth_ack_packet_lib.o)
 .text.EthRxAckBuffer
                0x9d02c090       0x1c C:/Program Files (x86)/Microchip/MPLAB C32 Suite/bin/../lib/gcc/pic32mx/3.4.4/../../../../pic32mx/lib/size\libmchp_peripheral_32MX795F512L.a(eth_ack_packet_lib.o)
                0x9d02c090                EthRxAckBuffer
 .text.EthDescriptorsAdd
                0x9d02c0ac      0x148 C:/Program Files (x86)/Microchip/MPLAB C32 Suite/bin/../lib/gcc/pic32mx/3.4.4/../../../../pic32mx/lib/size\libmchp_peripheral_32MX795F512L.a(eth_descriptors_add_lib.o)
                0x9d02c0ac                EthDescriptorsAdd
 .text.EthInit  0x9d02c1f4       0xb0 C:/Program Files (x86)/Microchip/MPLAB C32 Suite/bin/../lib/gcc/pic32mx/3.4.4/../../../../pic32mx/lib/size\libmchp_peripheral_32MX795F512L.a(eth_init_lib.o)
                0x9d02c1f4                EthInit
 .text.EthMACOpen
                0x9d02c2a4       0xb4 C:/Program Files (x86)/Microchip/MPLAB C32 Suite/bin/../lib/gcc/pic32mx/3.4.4/../../../../pic32mx/lib/size\libmchp_peripheral_32MX795F512L.a(eth_mac_open_lib.o)
                0x9d02c2a4                EthMACOpen
 .text.EthMACSetAddress
                0x9d02c358       0x4c C:/Program Files (x86)/Microchip/MPLAB C32 Suite/bin/../lib/gcc/pic32mx/3.4.4/../../../../pic32mx/lib/size\libmchp_peripheral_32MX795F512L.a(eth_mac_set_address_max_lib.o)
                0x9d02c358                EthMACSetAddress
 .text.EthRxBuffersAppend
                0x9d02c3a4      0x21c C:/Program Files (x86)/Microchip/MPLAB C32 Suite/bin/../lib/gcc/pic32mx/3.4.4/../../../../pic32mx/lib/size\libmchp_peripheral_32MX795F512L.a(eth_rx_buffers_append_lib.o)
                0x9d02c3a4                EthRxBuffersAppend
 .text.EthRxFiltersSet
                0x9d02c5c0       0x10 C:/Program Files (x86)/Microchip/MPLAB C32 Suite/bin/../lib/gcc/pic32mx/3.4.4/../../../../pic32mx/lib/size\libmchp_peripheral_32MX795F512L.a(eth_rx_filters_lib.o)
                0x9d02c5c0                EthRxFiltersSet
 .text.EthRxFiltersClr
                0x9d02c5d0       0x10 C:/Program Files (x86)/Microchip/MPLAB C32 Suite/bin/../lib/gcc/pic32mx/3.4.4/../../../../pic32mx/lib/size\libmchp_peripheral_32MX795F512L.a(eth_rx_filters_lib.o)
                0x9d02c5d0                EthRxFiltersClr
 .text.EthRxGetPacket
                0x9d02c5e0      0x178 C:/Program Files (x86)/Microchip/MPLAB C32 Suite/bin/../lib/gcc/pic32mx/3.4.4/../../../../pic32mx/lib/size\libmchp_peripheral_32MX795F512L.a(eth_rx_get_packet_lib.o)
                0x9d02c5e0                EthRxGetPacket
 .text.EthRxGetBuffer
                0x9d02c758       0x3c C:/Program Files (x86)/Microchip/MPLAB C32 Suite/bin/../lib/gcc/pic32mx/3.4.4/../../../../pic32mx/lib/size\libmchp_peripheral_32MX795F512L.a(eth_rx_get_packet_lib.o)
                0x9d02c758                EthRxGetBuffer
 .text.EthRxSetBufferSize
                0x9d02c794       0x30 C:/Program Files (x86)/Microchip/MPLAB C32 Suite/bin/../lib/gcc/pic32mx/3.4.4/../../../../pic32mx/lib/size\libmchp_peripheral_32MX795F512L.a(eth_rx_set_buffer_size_lib.o)
                0x9d02c794                EthRxSetBufferSize
 .text._EthTxSchedBuffer
                0x9d02c7c4       0xac C:/Program Files (x86)/Microchip/MPLAB C32 Suite/bin/../lib/gcc/pic32mx/3.4.4/../../../../pic32mx/lib/size\libmchp_peripheral_32MX795F512L.a(eth_tx_packet_lib.o)
 .text._EthTxSchedList
                0x9d02c870       0x94 C:/Program Files (x86)/Microchip/MPLAB C32 Suite/bin/../lib/gcc/pic32mx/3.4.4/../../../../pic32mx/lib/size\libmchp_peripheral_32MX795F512L.a(eth_tx_packet_lib.o)
 .text.EthTxSendBuffer
                0x9d02c904       0xc4 C:/Program Files (x86)/Microchip/MPLAB C32 Suite/bin/../lib/gcc/pic32mx/3.4.4/../../../../pic32mx/lib/size\libmchp_peripheral_32MX795F512L.a(eth_tx_packet_lib.o)
                0x9d02c904                EthTxSendBuffer
 .text._EthAppendBusyList
                0x9d02c9c8      0x178 C:/Program Files (x86)/Microchip/MPLAB C32 Suite/bin/../lib/gcc/pic32mx/3.4.4/../../../../pic32mx/lib/size\libmchp_peripheral_32MX795F512L.a(_eth_append_busy_list_lib.o)
                0x9d02c9c8                _EthAppendBusyList
 .text.EthMIIMScanStart
                0x9d02cb40       0x34 C:/Program Files (x86)/Microchip/MPLAB C32 Suite/bin/../lib/gcc/pic32mx/3.4.4/../../../../pic32mx/lib/size\libmchp_peripheral_32MX795F512L.a(eth_miim_access.o)
                0x9d02cb40                EthMIIMScanStart
 .text.EthMIIMInit
                0x9d02cb74       0x88 C:/Program Files (x86)/Microchip/MPLAB C32 Suite/bin/../lib/gcc/pic32mx/3.4.4/../../../../pic32mx/lib/size\libmchp_peripheral_32MX795F512L.a(eth_miim_legacy.o)
                0x9d02cb74                EthMIIMInit
 .text.EthMIIMReadReg
                0x9d02cbfc       0x60 C:/Program Files (x86)/Microchip/MPLAB C32 Suite/bin/../lib/gcc/pic32mx/3.4.4/../../../../pic32mx/lib/size\libmchp_peripheral_32MX795F512L.a(eth_miim_legacy.o)
                0x9d02cbfc                EthMIIMReadReg
 .text.EthMIIMWriteReg
                0x9d02cc5c       0x38 C:/Program Files (x86)/Microchip/MPLAB C32 Suite/bin/../lib/gcc/pic32mx/3.4.4/../../../../pic32mx/lib/size\libmchp_peripheral_32MX795F512L.a(eth_miim_legacy.o)
                0x9d02cc5c                EthMIIMWriteReg
 .text.EthMIIMScanRead
                0x9d02cc94       0x20 C:/Program Files (x86)/Microchip/MPLAB C32 Suite/bin/../lib/gcc/pic32mx/3.4.4/../../../../pic32mx/lib/size\libmchp_peripheral_32MX795F512L.a(eth_miim_legacy.o)
                0x9d02cc94                EthMIIMScanRead
 .text.SoftReset
                0x9d02ccb4       0x78 C:/Program Files (x86)/Microchip/MPLAB C32 Suite/bin/../lib/gcc/pic32mx/3.4.4/../../../../pic32mx/lib/size\libmchp_peripheral_32MX795F512L.a(soft_reset_lib.o)
                0x9d02ccb4                SoftReset
 .text.CheKseg0CacheOn
                0x9d02cd2c       0x18 C:/Program Files (x86)/Microchip/MPLAB C32 Suite/bin/../lib/gcc/pic32mx/3.4.4/../../../../pic32mx/lib/size\libmchp_peripheral_32MX795F512L.a(pcache.o)
                0x9d02cd2c                CheKseg0CacheOn
 .text.INTDisableInterrupts
                0x9d02cd44        0x8 C:/Program Files (x86)/Microchip/MPLAB C32 Suite/bin/../lib/gcc/pic32mx/3.4.4/../../../../pic32mx/lib/size\libmchp_peripheral_32MX795F512L.a(int_disable_interrupts_lib.o)
                0x9d02cd44                INTDisableInterrupts
 .text.INTRestoreInterrupts
                0x9d02cd4c       0x1c C:/Program Files (x86)/Microchip/MPLAB C32 Suite/bin/../lib/gcc/pic32mx/3.4.4/../../../../pic32mx/lib/size\libmchp_peripheral_32MX795F512L.a(int_restore_interrupts_lib.o)
                0x9d02cd4c                INTRestoreInterrupts
 .text.INTEnableSystemMultiVectoredInt
                0x9d02cd68       0x34 C:/Program Files (x86)/Microchip/MPLAB C32 Suite/bin/../lib/gcc/pic32mx/3.4.4/../../../../pic32mx/lib/size\libmchp_peripheral_32MX795F512L.a(int_enable_mv_int_lib.o)
                0x9d02cd68                INTEnableSystemMultiVectoredInt
 .text.INTClearFlag
                0x9d02cd9c       0x28 C:/Program Files (x86)/Microchip/MPLAB C32 Suite/bin/../lib/gcc/pic32mx/3.4.4/../../../../pic32mx/lib/size\libmchp_peripheral_32MX795F512L.a(int_tbl_lib.o)
                0x9d02cd9c                INTClearFlag
 .text.INTEnable
                0x9d02cdc4       0x38 C:/Program Files (x86)/Microchip/MPLAB C32 Suite/bin/../lib/gcc/pic32mx/3.4.4/../../../../pic32mx/lib/size\libmchp_peripheral_32MX795F512L.a(int_tbl_lib.o)
                0x9d02cdc4                INTEnable
 .text.PORTSetPinsDigitalIn
                0x9d02cdfc       0x3c C:/Program Files (x86)/Microchip/MPLAB C32 Suite/bin/../lib/gcc/pic32mx/3.4.4/../../../../pic32mx/lib/size\libmchp_peripheral_32MX795F512L.a(port_set_pins_digital_in_lib.o)
                0x9d02cdfc                PORTSetPinsDigitalIn
 .text.PORTSetPinsDigitalOut
                0x9d02ce38       0x3c C:/Program Files (x86)/Microchip/MPLAB C32 Suite/bin/../lib/gcc/pic32mx/3.4.4/../../../../pic32mx/lib/size\libmchp_peripheral_32MX795F512L.a(port_set_pins_digital_out_lib.o)
                0x9d02ce38                PORTSetPinsDigitalOut
 .text.INTEnableInterrupts
                0x9d02ce74        0x8 C:/Program Files (x86)/Microchip/MPLAB C32 Suite/bin/../lib/gcc/pic32mx/3.4.4/../../../../pic32mx/lib/size\libmchp_peripheral_32MX795F512L.a(int_enable_interrupts_lib.o)
                0x9d02ce74                INTEnableInterrupts
 .text.calloc   0x9d02ce7c       0x58 C:/Program Files (x86)/Microchip/MPLAB C32 Suite/bin/../lib/gcc/pic32mx/3.4.4/../../../../pic32mx/lib/size\libc.a(calloc.o)
                0x9d02ce7c                calloc
 .text.malloc   0x9d02ced4      0x234 C:/Program Files (x86)/Microchip/MPLAB C32 Suite/bin/../lib/gcc/pic32mx/3.4.4/../../../../pic32mx/lib/size\libc.a(malloc.o)
                0x9d02ced4                malloc
 .text._stub_sbd_memlayout
                0x9d02d108       0x2c C:/Program Files (x86)/Microchip/MPLAB C32 Suite/bin/../lib/gcc/pic32mx/3.4.4/../../../../pic32mx/lib/size\libc.a(sbrk.o)
                0x9d02d108                _stub_sbd_memlayout
                0x9d02d108                _sbd_memlayout
 .text._sbrk_init
                0x9d02d134      0x148 C:/Program Files (x86)/Microchip/MPLAB C32 Suite/bin/../lib/gcc/pic32mx/3.4.4/../../../../pic32mx/lib/size\libc.a(sbrk.o)
                0x9d02d134                _sbrk_init
 .text._sbrk    0x9d02d27c       0xa4 C:/Program Files (x86)/Microchip/MPLAB C32 Suite/bin/../lib/gcc/pic32mx/3.4.4/../../../../pic32mx/lib/size\libc.a(sbrk.o)
                0x9d02d27c                _sbrk
 .text.sbrk     0x9d02d320       0x5c C:/Program Files (x86)/Microchip/MPLAB C32 Suite/bin/../lib/gcc/pic32mx/3.4.4/../../../../pic32mx/lib/size\libc.a(sbrk.o)
                0x9d02d320                sbrk
 *(.text.*personality*)
 *(.gnu.warning)
 *(.mips16.fn.*)
 *(.mips16.call.*)
                0x9d02d37c                _text_end = .

.rodata         0x9d02d37c     0x9d60
 *(.rodata .rodata.* .gnu.linkonce.r.*)
 .rodata        0x9d02d37c       0x50 output\MainDemo.o
 .rodata        0x9d02d3cc       0x1c D:\Andy Work\Documents\SO\Slave-PIC32\TCPIP Demo App - PIC32ETHSTK v3\TCPIP Library PIC32MX795F512L.a(Announce.o)
 .rodata        0x9d02d3e8        0x8 D:\Andy Work\Documents\SO\Slave-PIC32\TCPIP Demo App - PIC32ETHSTK v3\TCPIP Library PIC32MX795F512L.a(MPFS2.o)
 .rodata        0x9d02d3f0       0xa8 D:\Andy Work\Documents\SO\Slave-PIC32\TCPIP Demo App - PIC32ETHSTK v3\TCPIP Library PIC32MX795F512L.a(TCP.o)
                0x9d02d3f0                TCPSocketInitializer
 .rodata        0x9d02d498       0x5c D:\Andy Work\Documents\SO\Slave-PIC32\TCPIP Demo App - PIC32ETHSTK v3\TCPIP Library PIC32MX795F512L.a(TCPPerformanceTest.o)
 .rodata        0x9d02d4f4      0x200 D:\Andy Work\Documents\SO\Slave-PIC32\TCPIP Demo App - PIC32ETHSTK v3\TCPIP Library PIC32MX795F512L.a(Telnet.o)
 .rodata        0x9d02d6f4     0x7eb0 D:\Andy Work\Documents\SO\Slave-PIC32\TCPIP Demo App - PIC32ETHSTK v3\TCPIP Library PIC32MX795F512L.a(MPFSImg2.o)
                0x9d02d6f4                MPFS_Start
 .rodata        0x9d0355a4       0x30 D:\Andy Work\Documents\SO\Slave-PIC32\TCPIP Demo App - PIC32ETHSTK v3\TCPIP Library PIC32MX795F512L.a(AutoIP.o)
 .rodata        0x9d0355d4        0x8 D:\Andy Work\Documents\SO\Slave-PIC32\TCPIP Demo App - PIC32ETHSTK v3\TCPIP Library PIC32MX795F512L.a(ETHPIC32IntMac.o)
 .rodata        0x9d0355dc       0x30 D:\Andy Work\Documents\SO\Slave-PIC32\TCPIP Demo App - PIC32ETHSTK v3\TCPIP Library PIC32MX795F512L.a(BerkeleyTCPClientDemo.o)
 .rodata        0x9d03560c       0x14 D:\Andy Work\Documents\SO\Slave-PIC32\TCPIP Demo App - PIC32ETHSTK v3\TCPIP Library PIC32MX795F512L.a(BerkeleyTCPServerDemo.o)
 .rodata        0x9d035620       0x2c D:\Andy Work\Documents\SO\Slave-PIC32\TCPIP Demo App - PIC32ETHSTK v3\TCPIP Library PIC32MX795F512L.a(BerkeleyUDPClientDemo.o)
 .rodata        0x9d03564c       0x1c D:\Andy Work\Documents\SO\Slave-PIC32\TCPIP Demo App - PIC32ETHSTK v3\TCPIP Library PIC32MX795F512L.a(CustomSNMPApp.o)
 .rodata        0x9d035668       0x7c D:\Andy Work\Documents\SO\Slave-PIC32\TCPIP Demo App - PIC32ETHSTK v3\TCPIP Library PIC32MX795F512L.a(GenericTCPClient.o)
 .rodata        0x9d0356e4       0x14 D:\Andy Work\Documents\SO\Slave-PIC32\TCPIP Demo App - PIC32ETHSTK v3\TCPIP Library PIC32MX795F512L.a(PingDemo.o)
 .rodata        0x9d0356f8       0x50 D:\Andy Work\Documents\SO\Slave-PIC32\TCPIP Demo App - PIC32ETHSTK v3\TCPIP Library PIC32MX795F512L.a(SMTPDemo.o)
 .rodata        0x9d035748       0x34 D:\Andy Work\Documents\SO\Slave-PIC32\TCPIP Demo App - PIC32ETHSTK v3\TCPIP Library PIC32MX795F512L.a(DHCP.o)
 .rodata        0x9d03577c       0x20 D:\Andy Work\Documents\SO\Slave-PIC32\TCPIP Demo App - PIC32ETHSTK v3\TCPIP Library PIC32MX795F512L.a(DNS.o)
 .rodata        0x9d03579c      0x228 D:\Andy Work\Documents\SO\Slave-PIC32\TCPIP Demo App - PIC32ETHSTK v3\TCPIP Library PIC32MX795F512L.a(DynDNS.o)
                0x9d035854                ddnsServiceHosts
 .rodata        0x9d0359c4      0x6a0 D:\Andy Work\Documents\SO\Slave-PIC32\TCPIP Demo App - PIC32ETHSTK v3\TCPIP Library PIC32MX795F512L.a(HTTP2.o)
 .rodata        0x9d036064       0x1c D:\Andy Work\Documents\SO\Slave-PIC32\TCPIP Demo App - PIC32ETHSTK v3\TCPIP Library PIC32MX795F512L.a(ICMP.o)
 .rodata        0x9d036080      0x1e0 D:\Andy Work\Documents\SO\Slave-PIC32\TCPIP Demo App - PIC32ETHSTK v3\TCPIP Library PIC32MX795F512L.a(SMTP.o)
 .rodata        0x9d036260       0x84 D:\Andy Work\Documents\SO\Slave-PIC32\TCPIP Demo App - PIC32ETHSTK v3\TCPIP Library PIC32MX795F512L.a(SNMP.o)
 .rodata        0x9d0362e4       0x44 D:\Andy Work\Documents\SO\Slave-PIC32\TCPIP Demo App - PIC32ETHSTK v3\TCPIP Library PIC32MX795F512L.a(SNTP.o)
 .rodata        0x9d036328      0x5f0 D:\Andy Work\Documents\SO\Slave-PIC32\TCPIP Demo App - PIC32ETHSTK v3\TCPIP Library PIC32MX795F512L.a(CustomHTTPApp.o)
                0x9d0366c8                HTML_UP_ARROW
                0x9d0366cc                HTML_DOWN_ARROW
 .rodata        0x9d036918      0x140 D:\Andy Work\Documents\SO\Slave-PIC32\TCPIP Demo App - PIC32ETHSTK v3\TCPIP Library PIC32MX795F512L.a(Hashes.o)
 .rodata._ctype
                0x9d036a58      0x104 C:/Program Files (x86)/Microchip/MPLAB C32 Suite/bin/../lib/gcc/pic32mx/3.4.4/../../../../pic32mx/lib/size\libc.a(ctype.o)
                0x9d036a58                _ctype
 .rodata._EthMIIClkDivTbl
                0x9d036b5c       0x10 C:/Program Files (x86)/Microchip/MPLAB C32 Suite/bin/../lib/gcc/pic32mx/3.4.4/../../../../pic32mx/lib/size\libmchp_peripheral_32MX795F512L.a(eth_miim_legacy.o)
 .rodata.__IntSrcTbl
                0x9d036b6c      0x51c C:/Program Files (x86)/Microchip/MPLAB C32 Suite/bin/../lib/gcc/pic32mx/3.4.4/../../../../pic32mx/lib/size\libmchp_peripheral_32MX795F512L.a(int_tbl_lib.o)
                0x9d036b6c                __IntSrcTbl
 .rodata.PortRegTbl
                0x9d037088       0x54 C:/Program Files (x86)/Microchip/MPLAB C32 Suite/bin/../lib/gcc/pic32mx/3.4.4/../../../../pic32mx/lib/size\libmchp_peripheral_32MX795F512L.a(_ports_tbl_libp.o)
                0x9d037088                PortRegTbl
 *(.rodata1)
                0x9d0370dc                . = ALIGN (0x4)

.sdata2         0x9d0370dc        0x0
 *(.sdata2 .sdata2.* .gnu.linkonce.s2.*)
                0x9d0370dc                . = ALIGN (0x4)

.sbss2          0x9d0370dc        0x0
 *(.sbss2 .sbss2.* .gnu.linkonce.sb2.*)
                0x9d0370dc                . = ALIGN (0x4)

.eh_frame_hdr
 *(.eh_frame_hdr)

.eh_frame       0x9d0370dc       0x20
 *(.eh_frame)
 .eh_frame      0x9d0370dc       0x20 C:/Program Files (x86)/Microchip/MPLAB C32 Suite/bin/../lib/gcc/pic32mx/3.4.4/size\libgcc.a(_udivdi3.o)

.dbg_data       0xa0000000        0x0
                0xa0000000                . = (. + DEFINED (_DEBUGGER)?0x200:0x0)

.persist        0xa0000000        0x0
                0xa0000000                _persist_begin = .
 *(.persist .persist.*)
                0xa0000000                _persist_end = .

.data           0xa0000000      0x160 load address 0x9d0370fc
                0xa0000000                _data_begin = .
 *(.data .data.* .gnu.linkonce.d.*)
 .data          0xa0000000       0x70 D:\Andy Work\Documents\SO\Slave-PIC32\TCPIP Demo App - PIC32ETHSTK v3\TCPIP Library PIC32MX795F512L.a(BerkeleyTCPClientDemo.o)
 .data          0xa0000070       0x2c D:\Andy Work\Documents\SO\Slave-PIC32\TCPIP Demo App - PIC32ETHSTK v3\TCPIP Library PIC32MX795F512L.a(CustomSNMPApp.o)
                0xa0000070                trapInfo
 .data          0xa000009c       0x10 D:\Andy Work\Documents\SO\Slave-PIC32\TCPIP Demo App - PIC32ETHSTK v3\TCPIP Library PIC32MX795F512L.a(GenericTCPClient.o)
 .data          0xa00000ac       0x48 D:\Andy Work\Documents\SO\Slave-PIC32\TCPIP Demo App - PIC32ETHSTK v3\TCPIP Library PIC32MX795F512L.a(SMTPDemo.o)
 .data          0xa00000f4       0x34 D:\Andy Work\Documents\SO\Slave-PIC32\TCPIP Demo App - PIC32ETHSTK v3\TCPIP Library PIC32MX795F512L.a(DynDNS.o)
 .data          0xa0000128       0x18 D:\Andy Work\Documents\SO\Slave-PIC32\TCPIP Demo App - PIC32ETHSTK v3\TCPIP Library PIC32MX795F512L.a(SNMP.o)
 .data._EthRxBusyList
                0xa0000140        0x8 C:/Program Files (x86)/Microchip/MPLAB C32 Suite/bin/../lib/gcc/pic32mx/3.4.4/../../../../pic32mx/lib/size\libmchp_peripheral_32MX795F512L.a(eth_descriptors_add_lib.o)
                0xa0000140                _EthRxBusyList
 .data._EthRxFreeList
                0xa0000148        0x8 C:/Program Files (x86)/Microchip/MPLAB C32 Suite/bin/../lib/gcc/pic32mx/3.4.4/../../../../pic32mx/lib/size\libmchp_peripheral_32MX795F512L.a(eth_descriptors_add_lib.o)
                0xa0000148                _EthRxFreeList
 .data._EthTxBusyList
                0xa0000150        0x8 C:/Program Files (x86)/Microchip/MPLAB C32 Suite/bin/../lib/gcc/pic32mx/3.4.4/../../../../pic32mx/lib/size\libmchp_peripheral_32MX795F512L.a(eth_descriptors_add_lib.o)
                0xa0000150                _EthTxBusyList
 .data._EthTxFreeList
                0xa0000158        0x8 C:/Program Files (x86)/Microchip/MPLAB C32 Suite/bin/../lib/gcc/pic32mx/3.4.4/../../../../pic32mx/lib/size\libmchp_peripheral_32MX795F512L.a(eth_descriptors_add_lib.o)
                0xa0000158                _EthTxFreeList
 *(.gnu.linkonce.d.*personality*)
 *(.data1)
                0x9d0370fc                _data_image_begin = LOADADDR (.data)

.eh_frame
 *(.eh_frame)
                0xa0000160                . = .
                0xa0008150                _gp = (ALIGN (0x10) + 0x7ff0)

.got
 *(.got.plt)
 *(.got)

.sdata          0xa0000160       0x38 load address 0x9d03725c
                0xa0000160                _sdata_begin = .
 *(.sdata .sdata.* .gnu.linkonce.s.*)
 .sdata         0xa0000160        0x4 D:\Andy Work\Documents\SO\Slave-PIC32\TCPIP Demo App - PIC32ETHSTK v3\TCPIP Library PIC32MX795F512L.a(Helpers.o)
 .sdata         0xa0000164        0x2 D:\Andy Work\Documents\SO\Slave-PIC32\TCPIP Demo App - PIC32ETHSTK v3\TCPIP Library PIC32MX795F512L.a(TCP.o)
 .sdata         0xa0000166        0x2 D:\Andy Work\Documents\SO\Slave-PIC32\TCPIP Demo App - PIC32ETHSTK v3\TCPIP Library PIC32MX795F512L.a(TCPPerformanceTest.o)
 .sdata         0xa0000168        0x2 D:\Andy Work\Documents\SO\Slave-PIC32\TCPIP Demo App - PIC32ETHSTK v3\TCPIP Library PIC32MX795F512L.a(UDP.o)
 .sdata         0xa000016a        0x2 D:\Andy Work\Documents\SO\Slave-PIC32\TCPIP Demo App - PIC32ETHSTK v3\TCPIP Library PIC32MX795F512L.a(BerkeleyAPI.o)
 .sdata         0xa000016c        0x4 D:\Andy Work\Documents\SO\Slave-PIC32\TCPIP Demo App - PIC32ETHSTK v3\TCPIP Library PIC32MX795F512L.a(BerkeleyTCPClientDemo.o)
 .sdata         0xa0000170        0x2 D:\Andy Work\Documents\SO\Slave-PIC32\TCPIP Demo App - PIC32ETHSTK v3\TCPIP Library PIC32MX795F512L.a(CustomSNMPApp.o)
                0xa0000170                gOIDCorrespondingSnmpMibID
                0xa0000171                gGenericTrapNotification
 *fill*         0xa0000172        0x2 00
 .sdata         0xa0000174        0x8 D:\Andy Work\Documents\SO\Slave-PIC32\TCPIP Demo App - PIC32ETHSTK v3\TCPIP Library PIC32MX795F512L.a(GenericTCPClient.o)
 .sdata         0xa000017c        0x4 D:\Andy Work\Documents\SO\Slave-PIC32\TCPIP Demo App - PIC32ETHSTK v3\TCPIP Library PIC32MX795F512L.a(DHCPs.o)
                0xa000017c                bDHCPServerEnabled
 .sdata         0xa0000180        0x8 D:\Andy Work\Documents\SO\Slave-PIC32\TCPIP Demo App - PIC32ETHSTK v3\TCPIP Library PIC32MX795F512L.a(DNS.o)
 .sdata         0xa0000188        0x1 D:\Andy Work\Documents\SO\Slave-PIC32\TCPIP Demo App - PIC32ETHSTK v3\TCPIP Library PIC32MX795F512L.a(DynDNS.o)
 .sdata         0xa0000189        0x1 D:\Andy Work\Documents\SO\Slave-PIC32\TCPIP Demo App - PIC32ETHSTK v3\TCPIP Library PIC32MX795F512L.a(Reboot.o)
 .sdata         0xa000018a        0x1 D:\Andy Work\Documents\SO\Slave-PIC32\TCPIP Demo App - PIC32ETHSTK v3\TCPIP Library PIC32MX795F512L.a(SMTP.o)
 .sdata         0xa000018b        0x1 D:\Andy Work\Documents\SO\Slave-PIC32\TCPIP Demo App - PIC32ETHSTK v3\TCPIP Library PIC32MX795F512L.a(SNMP.o)
 .sdata._maxbrk
                0xa000018c        0x4 C:/Program Files (x86)/Microchip/MPLAB C32 Suite/bin/../lib/gcc/pic32mx/3.4.4/../../../../pic32mx/lib/size\libc.a(sbrk.o)
                0xa000018c                _maxbrk
 .sdata._minbrk
                0xa0000190        0x4 C:/Program Files (x86)/Microchip/MPLAB C32 Suite/bin/../lib/gcc/pic32mx/3.4.4/../../../../pic32mx/lib/size\libc.a(sbrk.o)
                0xa0000190                _minbrk
 .sdata.curbrk  0xa0000194        0x4 C:/Program Files (x86)/Microchip/MPLAB C32 Suite/bin/../lib/gcc/pic32mx/3.4.4/../../../../pic32mx/lib/size\libc.a(sbrk.o)
                0xa0000198                _sdata_end = .

.lit8
 *(.lit8)

.lit4
 *(.lit4)
                0xa0000198                . = ALIGN (0x4)
                0xa0000198                _data_end = .
                0xa0000198                _bss_begin = .

.sbss           0xa0000198      0x260 load address 0x9d037294
                0xa0000198                _sbss_begin = .
 *(.dynsbss)
 *(.sbss .sbss.* .gnu.linkonce.sb.*)
 .sbss          0xa0000198        0x8 output\MainDemo.o
 .sbss          0xa00001a0        0x8 D:\Andy Work\Documents\SO\Slave-PIC32\TCPIP Demo App - PIC32ETHSTK v3\TCPIP Library PIC32MX795F512L.a(Announce.o)
 .sbss          0xa00001a8        0x8 D:\Andy Work\Documents\SO\Slave-PIC32\TCPIP Demo App - PIC32ETHSTK v3\TCPIP Library PIC32MX795F512L.a(MPFS2.o)
 .sbss          0xa00001b0        0x8 D:\Andy Work\Documents\SO\Slave-PIC32\TCPIP Demo App - PIC32ETHSTK v3\TCPIP Library PIC32MX795F512L.a(StackTsk.o)
 .sbss          0xa00001b8        0x2 D:\Andy Work\Documents\SO\Slave-PIC32\TCPIP Demo App - PIC32ETHSTK v3\TCPIP Library PIC32MX795F512L.a(TCP.o)
 *fill*         0xa00001ba        0x2 00
 .sbss          0xa00001bc       0x14 D:\Andy Work\Documents\SO\Slave-PIC32\TCPIP Demo App - PIC32ETHSTK v3\TCPIP Library PIC32MX795F512L.a(TCPPerformanceTest.o)
 .sbss          0xa00001d0       0x10 D:\Andy Work\Documents\SO\Slave-PIC32\TCPIP Demo App - PIC32ETHSTK v3\TCPIP Library PIC32MX795F512L.a(Telnet.o)
 .sbss          0xa00001e0        0xc D:\Andy Work\Documents\SO\Slave-PIC32\TCPIP Demo App - PIC32ETHSTK v3\TCPIP Library PIC32MX795F512L.a(Tick.o)
 .sbss          0xa00001ec        0xc D:\Andy Work\Documents\SO\Slave-PIC32\TCPIP Demo App - PIC32ETHSTK v3\TCPIP Library PIC32MX795F512L.a(UDP.o)
 .sbss          0xa00001f8        0x4 D:\Andy Work\Documents\SO\Slave-PIC32\TCPIP Demo App - PIC32ETHSTK v3\TCPIP Library PIC32MX795F512L.a(BerkeleyAPI.o)
 .sbss          0xa00001fc       0x40 D:\Andy Work\Documents\SO\Slave-PIC32\TCPIP Demo App - PIC32ETHSTK v3\TCPIP Library PIC32MX795F512L.a(ETHPIC32IntMac.o)
                0xa0000218                _stackMgrRxOkPkts
                0xa000021c                _stackMgrRxBadPkts
                0xa0000220                _stackMgrInGetHdr
                0xa0000224                _stackMgrRxDiscarded
                0xa0000228                _stackMgrTxNotReady
 .sbss          0xa000023c        0x1 D:\Andy Work\Documents\SO\Slave-PIC32\TCPIP Demo App - PIC32ETHSTK v3\TCPIP Library PIC32MX795F512L.a(BerkeleyTCPClientDemo.o)
 *fill*         0xa000023d        0x3 00
 .sbss          0xa0000240        0xc D:\Andy Work\Documents\SO\Slave-PIC32\TCPIP Demo App - PIC32ETHSTK v3\TCPIP Library PIC32MX795F512L.a(BerkeleyTCPServerDemo.o)
 .sbss          0xa000024c       0x18 D:\Andy Work\Documents\SO\Slave-PIC32\TCPIP Demo App - PIC32ETHSTK v3\TCPIP Library PIC32MX795F512L.a(BerkeleyUDPClientDemo.o)
 .sbss          0xa0000264       0x48 D:\Andy Work\Documents\SO\Slave-PIC32\TCPIP Demo App - PIC32ETHSTK v3\TCPIP Library PIC32MX795F512L.a(CustomSNMPApp.o)
                0xa0000264                gSendTrapFlag
                0xa0000265                gSpecificTrapNotification
                0xa0000266                gSetTrapSendFlag
 .sbss          0xa00002ac        0x4 D:\Andy Work\Documents\SO\Slave-PIC32\TCPIP Demo App - PIC32ETHSTK v3\TCPIP Library PIC32MX795F512L.a(GenericTCPClient.o)
 .sbss          0xa00002b0        0x8 D:\Andy Work\Documents\SO\Slave-PIC32\TCPIP Demo App - PIC32ETHSTK v3\TCPIP Library PIC32MX795F512L.a(GenericTCPServer.o)
 .sbss          0xa00002b8        0x8 D:\Andy Work\Documents\SO\Slave-PIC32\TCPIP Demo App - PIC32ETHSTK v3\TCPIP Library PIC32MX795F512L.a(PingDemo.o)
 .sbss          0xa00002c0        0x8 D:\Andy Work\Documents\SO\Slave-PIC32\TCPIP Demo App - PIC32ETHSTK v3\TCPIP Library PIC32MX795F512L.a(SMTPDemo.o)
 .sbss          0xa00002c8        0x4 D:\Andy Work\Documents\SO\Slave-PIC32\TCPIP Demo App - PIC32ETHSTK v3\TCPIP Library PIC32MX795F512L.a(ARP.o)
 .sbss          0xa00002cc        0x4 D:\Andy Work\Documents\SO\Slave-PIC32\TCPIP Demo App - PIC32ETHSTK v3\TCPIP Library PIC32MX795F512L.a(DHCP.o)
                0xa00002cc                DHCPClientInitializedOnce
 .sbss          0xa00002d0        0xc D:\Andy Work\Documents\SO\Slave-PIC32\TCPIP Demo App - PIC32ETHSTK v3\TCPIP Library PIC32MX795F512L.a(DHCPs.o)
 .sbss          0xa00002dc       0x18 D:\Andy Work\Documents\SO\Slave-PIC32\TCPIP Demo App - PIC32ETHSTK v3\TCPIP Library PIC32MX795F512L.a(DNS.o)
 .sbss          0xa00002f4       0x24 D:\Andy Work\Documents\SO\Slave-PIC32\TCPIP Demo App - PIC32ETHSTK v3\TCPIP Library PIC32MX795F512L.a(DynDNS.o)
 .sbss          0xa0000318        0xc D:\Andy Work\Documents\SO\Slave-PIC32\TCPIP Demo App - PIC32ETHSTK v3\TCPIP Library PIC32MX795F512L.a(ICMP.o)
 .sbss          0xa0000324        0x4 D:\Andy Work\Documents\SO\Slave-PIC32\TCPIP Demo App - PIC32ETHSTK v3\TCPIP Library PIC32MX795F512L.a(IP.o)
 .sbss          0xa0000328        0x8 D:\Andy Work\Documents\SO\Slave-PIC32\TCPIP Demo App - PIC32ETHSTK v3\TCPIP Library PIC32MX795F512L.a(NBNS.o)
 .sbss          0xa0000330       0x38 D:\Andy Work\Documents\SO\Slave-PIC32\TCPIP Demo App - PIC32ETHSTK v3\TCPIP Library PIC32MX795F512L.a(SMTP.o)
 .sbss          0xa0000368       0x2c D:\Andy Work\Documents\SO\Slave-PIC32\TCPIP Demo App - PIC32ETHSTK v3\TCPIP Library PIC32MX795F512L.a(SNMP.o)
 .sbss          0xa0000394       0x14 D:\Andy Work\Documents\SO\Slave-PIC32\TCPIP Demo App - PIC32ETHSTK v3\TCPIP Library PIC32MX795F512L.a(SNTP.o)
 .sbss          0xa00003a8       0x14 D:\Andy Work\Documents\SO\Slave-PIC32\TCPIP Demo App - PIC32ETHSTK v3\TCPIP Library PIC32MX795F512L.a(CustomHTTPApp.o)
 .sbss.randx    0xa00003bc        0x4 C:/Program Files (x86)/Microchip/MPLAB C32 Suite/bin/../lib/gcc/pic32mx/3.4.4/../../../../pic32mx/lib/size\libc.a(rand.o)
 .sbss.randf    0xa00003c0        0x1 C:/Program Files (x86)/Microchip/MPLAB C32 Suite/bin/../lib/gcc/pic32mx/3.4.4/../../../../pic32mx/lib/size\libc.a(rand.o)
 *fill*         0xa00003c1        0x3 00
 .sbss.allocp   0xa00003c4        0x4 C:/Program Files (x86)/Microchip/MPLAB C32 Suite/bin/../lib/gcc/pic32mx/3.4.4/../../../../pic32mx/lib/size\libc.a(malloc.o)
 .sbss.alloct   0xa00003c8        0x4 C:/Program Files (x86)/Microchip/MPLAB C32 Suite/bin/../lib/gcc/pic32mx/3.4.4/../../../../pic32mx/lib/size\libc.a(malloc.o)
 .sbss.allocx   0xa00003cc        0x8 C:/Program Files (x86)/Microchip/MPLAB C32 Suite/bin/../lib/gcc/pic32mx/3.4.4/../../../../pic32mx/lib/size\libc.a(malloc.o)
 .sbss.errno    0xa00003d4        0x4 C:/Program Files (x86)/Microchip/MPLAB C32 Suite/bin/../lib/gcc/pic32mx/3.4.4/../../../../pic32mx/lib/size\libc.a(errno.o)
                0xa00003d4                errno
 *(.scommon)
 .scommon       0xa00003d8        0x8 output\MainDemo.o
                0xa00003d8                AN0String
 .scommon       0xa00003e0        0x6 D:\Andy Work\Documents\SO\Slave-PIC32\TCPIP Demo App - PIC32ETHSTK v3\TCPIP Library PIC32MX795F512L.a(UDP.o)
                0xa00003e0                activeUDPSocket
                0xa00003e2                UDPTxCount
                0xa00003e4                UDPRxCount
 *fill*         0xa00003e6        0x2 00
 .scommon       0xa00003e8        0x4 D:\Andy Work\Documents\SO\Slave-PIC32\TCPIP Demo App - PIC32ETHSTK v3\TCPIP Library PIC32MX795F512L.a(ETHPIC32ExtPhy.o)
                0xa00003e8                _PhyAdd
 .scommon       0xa00003ec        0x1 D:\Andy Work\Documents\SO\Slave-PIC32\TCPIP Demo App - PIC32ETHSTK v3\TCPIP Library PIC32MX795F512L.a(HTTP2.o)
                0xa00003ec                curHTTPID
 *fill*         0xa00003ed        0x3 00
 .scommon       0xa00003f0        0x8 D:\Andy Work\Documents\SO\Slave-PIC32\TCPIP Demo App - PIC32ETHSTK v3\TCPIP Library PIC32MX795F512L.a(SNMP.o)
                0xa00003f0                snmpReqVarErrStatus
                0xa00003f8                _sbss_end = .

.bss            0xa00003f8     0x8420 load address 0x9d037294
 *(.dynbss)
 *(.bss .bss.* .gnu.linkonce.b.*)
 .bss           0xa00003f8       0x78 D:\Andy Work\Documents\SO\Slave-PIC32\TCPIP Demo App - PIC32ETHSTK v3\TCPIP Library PIC32MX795F512L.a(MPFS2.o)
 .bss           0xa0000470     0x4224 D:\Andy Work\Documents\SO\Slave-PIC32\TCPIP Demo App - PIC32ETHSTK v3\TCPIP Library PIC32MX795F512L.a(TCP.o)
 .bss           0xa0004694        0xc D:\Andy Work\Documents\SO\Slave-PIC32\TCPIP Demo App - PIC32ETHSTK v3\TCPIP Library PIC32MX795F512L.a(TCPPerformanceTest.o)
 .bss           0xa00046a0       0x8c D:\Andy Work\Documents\SO\Slave-PIC32\TCPIP Demo App - PIC32ETHSTK v3\TCPIP Library PIC32MX795F512L.a(BerkeleyAPI.o)
 .bss           0xa000472c       0x34 D:\Andy Work\Documents\SO\Slave-PIC32\TCPIP Demo App - PIC32ETHSTK v3\TCPIP Library PIC32MX795F512L.a(AutoIP.o)
 .bss           0xa0004760     0x3cf8 D:\Andy Work\Documents\SO\Slave-PIC32\TCPIP Demo App - PIC32ETHSTK v3\TCPIP Library PIC32MX795F512L.a(ETHPIC32IntMac.o)
 .bss           0xa0008458       0x10 D:\Andy Work\Documents\SO\Slave-PIC32\TCPIP Demo App - PIC32ETHSTK v3\TCPIP Library PIC32MX795F512L.a(BerkeleyTCPClientDemo.o)
 .bss           0xa0008468       0x10 D:\Andy Work\Documents\SO\Slave-PIC32\TCPIP Demo App - PIC32ETHSTK v3\TCPIP Library PIC32MX795F512L.a(BerkeleyUDPClientDemo.o)
 .bss           0xa0008478       0x18 D:\Andy Work\Documents\SO\Slave-PIC32\TCPIP Demo App - PIC32ETHSTK v3\TCPIP Library PIC32MX795F512L.a(ARP.o)
 .bss           0xa0008490       0x30 D:\Andy Work\Documents\SO\Slave-PIC32\TCPIP Demo App - PIC32ETHSTK v3\TCPIP Library PIC32MX795F512L.a(DHCP.o)
 .bss           0xa00084c0        0xc D:\Andy Work\Documents\SO\Slave-PIC32\TCPIP Demo App - PIC32ETHSTK v3\TCPIP Library PIC32MX795F512L.a(DNS.o)
 .bss           0xa00084cc       0x10 D:\Andy Work\Documents\SO\Slave-PIC32\TCPIP Demo App - PIC32ETHSTK v3\TCPIP Library PIC32MX795F512L.a(DynDNS.o)
 .bss           0xa00084dc        0xc D:\Andy Work\Documents\SO\Slave-PIC32\TCPIP Demo App - PIC32ETHSTK v3\TCPIP Library PIC32MX795F512L.a(ICMP.o)
 .bss           0xa00084e8       0x10 D:\Andy Work\Documents\SO\Slave-PIC32\TCPIP Demo App - PIC32ETHSTK v3\TCPIP Library PIC32MX795F512L.a(SNMP.o)
 .bss           0xa00084f8        0xc D:\Andy Work\Documents\SO\Slave-PIC32\TCPIP Demo App - PIC32ETHSTK v3\TCPIP Library PIC32MX795F512L.a(SNTP.o)
 .bss           0xa0008504       0xc0 D:\Andy Work\Documents\SO\Slave-PIC32\TCPIP Demo App - PIC32ETHSTK v3\TCPIP Library PIC32MX795F512L.a(CustomHTTPApp.o)
 .bss.allocs    0xa00085c4       0x10 C:/Program Files (x86)/Microchip/MPLAB C32 Suite/bin/../lib/gcc/pic32mx/3.4.4/../../../../pic32mx/lib/size\libc.a(malloc.o)
 .bss.mem.0     0xa00085d4       0x18 C:/Program Files (x86)/Microchip/MPLAB C32 Suite/bin/../lib/gcc/pic32mx/3.4.4/../../../../pic32mx/lib/size\libc.a(sbrk.o)
 *(COMMON)
 COMMON         0xa00085ec       0x69 output\MainDemo.o
                0xa00085ec                AppConfig
 *fill*         0xa0008655        0x3 00
 COMMON         0xa0008658        0xa D:\Andy Work\Documents\SO\Slave-PIC32\TCPIP Demo App - PIC32ETHSTK v3\TCPIP Library PIC32MX795F512L.a(StackTsk.o)
                0xa0008658                remoteNode
 *fill*         0xa0008662        0x2 00
 COMMON         0xa0008664       0x8c D:\Andy Work\Documents\SO\Slave-PIC32\TCPIP Demo App - PIC32ETHSTK v3\TCPIP Library PIC32MX795F512L.a(UDP.o)
                0xa0008664                UDPSocketInfo
 COMMON         0xa00086f0       0x20 D:\Andy Work\Documents\SO\Slave-PIC32\TCPIP Demo App - PIC32ETHSTK v3\TCPIP Library PIC32MX795F512L.a(DynDNS.o)
                0xa00086f0                DDNSClient
 COMMON         0xa0008710       0x9c D:\Andy Work\Documents\SO\Slave-PIC32\TCPIP Demo App - PIC32ETHSTK v3\TCPIP Library PIC32MX795F512L.a(HTTP2.o)
                0xa0008710                curHTTP
                0xa000879c                httpStubs
 COMMON         0xa00087ac       0x2c D:\Andy Work\Documents\SO\Slave-PIC32\TCPIP Demo App - PIC32ETHSTK v3\TCPIP Library PIC32MX795F512L.a(SMTP.o)
                0xa00087ac                SMTPClient
 COMMON         0xa00087d8       0x40 D:\Andy Work\Documents\SO\Slave-PIC32\TCPIP Demo App - PIC32ETHSTK v3\TCPIP Library PIC32MX795F512L.a(Hashes.o)
                0xa00087d8                lastBlock
                0xa0008818                . = ALIGN (0x4)
                0xa0008818                . = ALIGN (0x4)
                0xa0008818                _end = .
                0xa0008818                _bss_end = .

.heap           0xa0008818     0x3e80 load address 0x9d037294
                0xa0008818                _heap = .
                0xa000c698                . = (. + _min_heap_size)
 *fill*         0xa0008818     0x3e80 00
                0xa000c698                . = ALIGN (0x8)

.stack          0xa000c698      0x800 load address 0x9d037294
                0xa000c698                _splim = .
                0xa000c698                _SPLIM = .
                0xa000ce98                . = (. + _min_stack_size)
 *fill*         0xa000c698      0x800 00
                0xa000ce98                . = ALIGN (0x8)

.ramfunc        0xa000d000        0x0 load address 0x9d037294
                0xa000d000                _ramfunc_begin = .
 *(.ramfunc .ramfunc.*)
                0xa000d000                . = ALIGN (0x4)
                0xa000d000                _ramfunc_end = .
                0x9d037294                _ramfunc_image_begin = LOADADDR (.ramfunc)
                0x00000000                _ramfunc_length = SIZEOF (.ramfunc)
                0x0000d000                _bmxdkpba_address = (_ramfunc_begin - 0xa0000000)
                0x00020000                _bmxdudba_address = 0x20000
                0x00020000                _bmxdupba_address = 0x20000
                0xa0020000                _stack = (_ramfunc_length > 0x0)?(_ramfunc_begin - 0x8):0xa0020000
                0x00000001                ASSERT (((_min_stack_size + _min_heap_size) <= (_stack - _heap)), Not enough space to allocate both stack and heap.  Reduce heap and/or stack size.)

/DISCARD/
 *(.pdr)
 *(.reginfo)
 *(.rel.dyn)
 *(.note.GNU-stack)

.stab
 *(.stab)

.stabstr
 *(.stabstr)

.stab.excl
 *(.stab.excl)

.stab.exclstr
 *(.stab.exclstr)

.stab.index
 *(.stab.index)

.stab.indexstr
 *(.stab.indexstr)

.mdebug.abi32   0x00000000        0x0
 .mdebug.abi32  0x00000000        0x0 output\MainDemo.o
 .mdebug.abi32  0x00000000        0x0 D:\Andy Work\Documents\SO\Slave-PIC32\TCPIP Demo App - PIC32ETHSTK v3\TCPIP Library PIC32MX795F512L.a(Announce.o)
 .mdebug.abi32  0x00000000        0x0 D:\Andy Work\Documents\SO\Slave-PIC32\TCPIP Demo App - PIC32ETHSTK v3\TCPIP Library PIC32MX795F512L.a(Delay.o)
 .mdebug.abi32  0x00000000        0x0 D:\Andy Work\Documents\SO\Slave-PIC32\TCPIP Demo App - PIC32ETHSTK v3\TCPIP Library PIC32MX795F512L.a(Helpers.o)
 .mdebug.abi32  0x00000000        0x0 D:\Andy Work\Documents\SO\Slave-PIC32\TCPIP Demo App - PIC32ETHSTK v3\TCPIP Library PIC32MX795F512L.a(MPFS2.o)
 .mdebug.abi32  0x00000000        0x0 D:\Andy Work\Documents\SO\Slave-PIC32\TCPIP Demo App - PIC32ETHSTK v3\TCPIP Library PIC32MX795F512L.a(StackTsk.o)
 .mdebug.abi32  0x00000000        0x0 D:\Andy Work\Documents\SO\Slave-PIC32\TCPIP Demo App - PIC32ETHSTK v3\TCPIP Library PIC32MX795F512L.a(TCP.o)
 .mdebug.abi32  0x00000000        0x0 D:\Andy Work\Documents\SO\Slave-PIC32\TCPIP Demo App - PIC32ETHSTK v3\TCPIP Library PIC32MX795F512L.a(TCPPerformanceTest.o)
 .mdebug.abi32  0x00000000        0x0 D:\Andy Work\Documents\SO\Slave-PIC32\TCPIP Demo App - PIC32ETHSTK v3\TCPIP Library PIC32MX795F512L.a(Telnet.o)
 .mdebug.abi32  0x00000000        0x0 D:\Andy Work\Documents\SO\Slave-PIC32\TCPIP Demo App - PIC32ETHSTK v3\TCPIP Library PIC32MX795F512L.a(Tick.o)
 .mdebug.abi32  0x00000000        0x0 D:\Andy Work\Documents\SO\Slave-PIC32\TCPIP Demo App - PIC32ETHSTK v3\TCPIP Library PIC32MX795F512L.a(UDP.o)
 .mdebug.abi32  0x00000000        0x0 D:\Andy Work\Documents\SO\Slave-PIC32\TCPIP Demo App - PIC32ETHSTK v3\TCPIP Library PIC32MX795F512L.a(BerkeleyAPI.o)
 .mdebug.abi32  0x00000000        0x0 D:\Andy Work\Documents\SO\Slave-PIC32\TCPIP Demo App - PIC32ETHSTK v3\TCPIP Library PIC32MX795F512L.a(MPFSImg2.o)
 .mdebug.abi32  0x00000000        0x0 D:\Andy Work\Documents\SO\Slave-PIC32\TCPIP Demo App - PIC32ETHSTK v3\TCPIP Library PIC32MX795F512L.a(AutoIP.o)
 .mdebug.abi32  0x00000000        0x0 D:\Andy Work\Documents\SO\Slave-PIC32\TCPIP Demo App - PIC32ETHSTK v3\TCPIP Library PIC32MX795F512L.a(ETHPIC32IntMac.o)
 .mdebug.abi32  0x00000000        0x0 D:\Andy Work\Documents\SO\Slave-PIC32\TCPIP Demo App - PIC32ETHSTK v3\TCPIP Library PIC32MX795F512L.a(ETHPIC32ExtPhy.o)
 .mdebug.abi32  0x00000000        0x0 D:\Andy Work\Documents\SO\Slave-PIC32\TCPIP Demo App - PIC32ETHSTK v3\TCPIP Library PIC32MX795F512L.a(ETHPIC32ExtPhyDP83848.o)
 .mdebug.abi32  0x00000000        0x0 D:\Andy Work\Documents\SO\Slave-PIC32\TCPIP Demo App - PIC32ETHSTK v3\TCPIP Library PIC32MX795F512L.a(BerkeleyTCPClientDemo.o)
 .mdebug.abi32  0x00000000        0x0 D:\Andy Work\Documents\SO\Slave-PIC32\TCPIP Demo App - PIC32ETHSTK v3\TCPIP Library PIC32MX795F512L.a(BerkeleyTCPServerDemo.o)
 .mdebug.abi32  0x00000000        0x0 D:\Andy Work\Documents\SO\Slave-PIC32\TCPIP Demo App - PIC32ETHSTK v3\TCPIP Library PIC32MX795F512L.a(BerkeleyUDPClientDemo.o)
 .mdebug.abi32  0x00000000        0x0 D:\Andy Work\Documents\SO\Slave-PIC32\TCPIP Demo App - PIC32ETHSTK v3\TCPIP Library PIC32MX795F512L.a(CustomSNMPApp.o)
 .mdebug.abi32  0x00000000        0x0 D:\Andy Work\Documents\SO\Slave-PIC32\TCPIP Demo App - PIC32ETHSTK v3\TCPIP Library PIC32MX795F512L.a(GenericTCPClient.o)
 .mdebug.abi32  0x00000000        0x0 D:\Andy Work\Documents\SO\Slave-PIC32\TCPIP Demo App - PIC32ETHSTK v3\TCPIP Library PIC32MX795F512L.a(GenericTCPServer.o)
 .mdebug.abi32  0x00000000        0x0 D:\Andy Work\Documents\SO\Slave-PIC32\TCPIP Demo App - PIC32ETHSTK v3\TCPIP Library PIC32MX795F512L.a(PingDemo.o)
 .mdebug.abi32  0x00000000        0x0 D:\Andy Work\Documents\SO\Slave-PIC32\TCPIP Demo App - PIC32ETHSTK v3\TCPIP Library PIC32MX795F512L.a(SMTPDemo.o)
 .mdebug.abi32  0x00000000        0x0 D:\Andy Work\Documents\SO\Slave-PIC32\TCPIP Demo App - PIC32ETHSTK v3\TCPIP Library PIC32MX795F512L.a(ARP.o)
 .mdebug.abi32  0x00000000        0x0 D:\Andy Work\Documents\SO\Slave-PIC32\TCPIP Demo App - PIC32ETHSTK v3\TCPIP Library PIC32MX795F512L.a(DHCP.o)
 .mdebug.abi32  0x00000000        0x0 D:\Andy Work\Documents\SO\Slave-PIC32\TCPIP Demo App - PIC32ETHSTK v3\TCPIP Library PIC32MX795F512L.a(DHCPs.o)
 .mdebug.abi32  0x00000000        0x0 D:\Andy Work\Documents\SO\Slave-PIC32\TCPIP Demo App - PIC32ETHSTK v3\TCPIP Library PIC32MX795F512L.a(DNS.o)
 .mdebug.abi32  0x00000000        0x0 D:\Andy Work\Documents\SO\Slave-PIC32\TCPIP Demo App - PIC32ETHSTK v3\TCPIP Library PIC32MX795F512L.a(DynDNS.o)
 .mdebug.abi32  0x00000000        0x0 D:\Andy Work\Documents\SO\Slave-PIC32\TCPIP Demo App - PIC32ETHSTK v3\TCPIP Library PIC32MX795F512L.a(HTTP2.o)
 .mdebug.abi32  0x00000000        0x0 D:\Andy Work\Documents\SO\Slave-PIC32\TCPIP Demo App - PIC32ETHSTK v3\TCPIP Library PIC32MX795F512L.a(ICMP.o)
 .mdebug.abi32  0x00000000        0x0 D:\Andy Work\Documents\SO\Slave-PIC32\TCPIP Demo App - PIC32ETHSTK v3\TCPIP Library PIC32MX795F512L.a(IP.o)
 .mdebug.abi32  0x00000000        0x0 D:\Andy Work\Documents\SO\Slave-PIC32\TCPIP Demo App - PIC32ETHSTK v3\TCPIP Library PIC32MX795F512L.a(NBNS.o)
 .mdebug.abi32  0x00000000        0x0 D:\Andy Work\Documents\SO\Slave-PIC32\TCPIP Demo App - PIC32ETHSTK v3\TCPIP Library PIC32MX795F512L.a(Reboot.o)
 .mdebug.abi32  0x00000000        0x0 D:\Andy Work\Documents\SO\Slave-PIC32\TCPIP Demo App - PIC32ETHSTK v3\TCPIP Library PIC32MX795F512L.a(SMTP.o)
 .mdebug.abi32  0x00000000        0x0 D:\Andy Work\Documents\SO\Slave-PIC32\TCPIP Demo App - PIC32ETHSTK v3\TCPIP Library PIC32MX795F512L.a(SNMP.o)
 .mdebug.abi32  0x00000000        0x0 D:\Andy Work\Documents\SO\Slave-PIC32\TCPIP Demo App - PIC32ETHSTK v3\TCPIP Library PIC32MX795F512L.a(SNTP.o)
 .mdebug.abi32  0x00000000        0x0 D:\Andy Work\Documents\SO\Slave-PIC32\TCPIP Demo App - PIC32ETHSTK v3\TCPIP Library PIC32MX795F512L.a(CustomHTTPApp.o)
 .mdebug.abi32  0x00000000        0x0 D:\Andy Work\Documents\SO\Slave-PIC32\TCPIP Demo App - PIC32ETHSTK v3\TCPIP Library PIC32MX795F512L.a(Hashes.o)
 .mdebug.abi32  0x00000000        0x0 C:/Program Files (x86)/Microchip/MPLAB C32 Suite/bin/../lib/gcc/pic32mx/3.4.4/size\libgcc.a(_udivdi3.o)
 .mdebug.abi32  0x00000000        0x0 C:/Program Files (x86)/Microchip/MPLAB C32 Suite/bin/../lib/gcc/pic32mx/3.4.4/../../../../pic32mx/lib/size\libc.a(atoi.o)
 .mdebug.abi32  0x00000000        0x0 C:/Program Files (x86)/Microchip/MPLAB C32 Suite/bin/../lib/gcc/pic32mx/3.4.4/../../../../pic32mx/lib/size\libc.a(atol.o)
 .mdebug.abi32  0x00000000        0x0 C:/Program Files (x86)/Microchip/MPLAB C32 Suite/bin/../lib/gcc/pic32mx/3.4.4/../../../../pic32mx/lib/size\libc.a(ctype.o)
 .mdebug.abi32  0x00000000        0x0 C:/Program Files (x86)/Microchip/MPLAB C32 Suite/bin/../lib/gcc/pic32mx/3.4.4/../../../../pic32mx/lib/size\libc.a(ltoa.o)
 .mdebug.abi32  0x00000000        0x0 C:/Program Files (x86)/Microchip/MPLAB C32 Suite/bin/../lib/gcc/pic32mx/3.4.4/../../../../pic32mx/lib/size\libc.a(rand.o)
 .mdebug.abi32  0x00000000        0x0 C:/Program Files (x86)/Microchip/MPLAB C32 Suite/bin/../lib/gcc/pic32mx/3.4.4/../../../../pic32mx/lib/size\libc.a(strchr.o)
 .mdebug.abi32  0x00000000        0x0 C:/Program Files (x86)/Microchip/MPLAB C32 Suite/bin/../lib/gcc/pic32mx/3.4.4/../../../../pic32mx/lib/size\libc.a(strncmp.o)
 .mdebug.abi32  0x00000000        0x0 C:/Program Files (x86)/Microchip/MPLAB C32 Suite/bin/../lib/gcc/pic32mx/3.4.4/../../../../pic32mx/lib/size\libc.a(strstr.o)
 .mdebug.abi32  0x00000000        0x0 C:/Program Files (x86)/Microchip/MPLAB C32 Suite/bin/../lib/gcc/pic32mx/3.4.4/../../../../pic32mx/lib/size\libc.a(default-bootstrap-exception-handler.o)
 .mdebug.abi32  0x00000000        0x0 C:/Program Files (x86)/Microchip/MPLAB C32 Suite/bin/../lib/gcc/pic32mx/3.4.4/../../../../pic32mx/lib/size\libc.a(default-on-reset.o)
 .mdebug.abi32  0x00000000        0x0 C:/Program Files (x86)/Microchip/MPLAB C32 Suite/bin/../lib/gcc/pic32mx/3.4.4/../../../../pic32mx/lib/size\libc.a(default-on-bootstrap.o)
 .mdebug.abi32  0x00000000        0x0 C:/Program Files (x86)/Microchip/MPLAB C32 Suite/bin/../lib/gcc/pic32mx/3.4.4/../../../../pic32mx/lib/size\libmchp_peripheral.a(read_core_timer_lib.o)
 .mdebug.abi32  0x00000000        0x0 C:/Program Files (x86)/Microchip/MPLAB C32 Suite/bin/../lib/gcc/pic32mx/3.4.4/../../../../pic32mx/lib/size\libmchp_peripheral_32MX795F512L.a(eth_ack_packet_lib.o)
 .mdebug.abi32  0x00000000        0x0 C:/Program Files (x86)/Microchip/MPLAB C32 Suite/bin/../lib/gcc/pic32mx/3.4.4/../../../../pic32mx/lib/size\libmchp_peripheral_32MX795F512L.a(eth_descriptors_add_lib.o)
 .mdebug.abi32  0x00000000        0x0 C:/Program Files (x86)/Microchip/MPLAB C32 Suite/bin/../lib/gcc/pic32mx/3.4.4/../../../../pic32mx/lib/size\libmchp_peripheral_32MX795F512L.a(eth_init_lib.o)
 .mdebug.abi32  0x00000000        0x0 C:/Program Files (x86)/Microchip/MPLAB C32 Suite/bin/../lib/gcc/pic32mx/3.4.4/../../../../pic32mx/lib/size\libmchp_peripheral_32MX795F512L.a(eth_mac_open_lib.o)
 .mdebug.abi32  0x00000000        0x0 C:/Program Files (x86)/Microchip/MPLAB C32 Suite/bin/../lib/gcc/pic32mx/3.4.4/../../../../pic32mx/lib/size\libmchp_peripheral_32MX795F512L.a(eth_mac_set_address_max_lib.o)
 .mdebug.abi32  0x00000000        0x0 C:/Program Files (x86)/Microchip/MPLAB C32 Suite/bin/../lib/gcc/pic32mx/3.4.4/../../../../pic32mx/lib/size\libmchp_peripheral_32MX795F512L.a(eth_rx_buffers_append_lib.o)
 .mdebug.abi32  0x00000000        0x0 C:/Program Files (x86)/Microchip/MPLAB C32 Suite/bin/../lib/gcc/pic32mx/3.4.4/../../../../pic32mx/lib/size\libmchp_peripheral_32MX795F512L.a(eth_rx_filters_lib.o)
 .mdebug.abi32  0x00000000        0x0 C:/Program Files (x86)/Microchip/MPLAB C32 Suite/bin/../lib/gcc/pic32mx/3.4.4/../../../../pic32mx/lib/size\libmchp_peripheral_32MX795F512L.a(eth_rx_get_packet_lib.o)
 .mdebug.abi32  0x00000000        0x0 C:/Program Files (x86)/Microchip/MPLAB C32 Suite/bin/../lib/gcc/pic32mx/3.4.4/../../../../pic32mx/lib/size\libmchp_peripheral_32MX795F512L.a(eth_rx_set_buffer_size_lib.o)
 .mdebug.abi32  0x00000000        0x0 C:/Program Files (x86)/Microchip/MPLAB C32 Suite/bin/../lib/gcc/pic32mx/3.4.4/../../../../pic32mx/lib/size\libmchp_peripheral_32MX795F512L.a(eth_tx_packet_lib.o)
 .mdebug.abi32  0x00000000        0x0 C:/Program Files (x86)/Microchip/MPLAB C32 Suite/bin/../lib/gcc/pic32mx/3.4.4/../../../../pic32mx/lib/size\libmchp_peripheral_32MX795F512L.a(_eth_append_busy_list_lib.o)
 .mdebug.abi32  0x00000000        0x0 C:/Program Files (x86)/Microchip/MPLAB C32 Suite/bin/../lib/gcc/pic32mx/3.4.4/../../../../pic32mx/lib/size\libmchp_peripheral_32MX795F512L.a(eth_miim_access.o)
 .mdebug.abi32  0x00000000        0x0 C:/Program Files (x86)/Microchip/MPLAB C32 Suite/bin/../lib/gcc/pic32mx/3.4.4/../../../../pic32mx/lib/size\libmchp_peripheral_32MX795F512L.a(eth_miim_legacy.o)
 .mdebug.abi32  0x00000000        0x0 C:/Program Files (x86)/Microchip/MPLAB C32 Suite/bin/../lib/gcc/pic32mx/3.4.4/../../../../pic32mx/lib/size\libmchp_peripheral_32MX795F512L.a(soft_reset_lib.o)