Archive member included because of file (symbol)

C:/Program Files (x86)/Microchip/MPLAB C32 Suite/bin/../lib/gcc/pic32mx/3.4.4/size\libgcc.a(_udivdi3.o)
                              Objects - TCPIP Demo App - C32 - PIC32_ENET_SK_DM320004_INTERNAL_ETHERNET\Tick.o (__udivdi3)
C:/Program Files (x86)/Microchip/MPLAB C32 Suite/bin/../lib/gcc/pic32mx/3.4.4/../../../../pic32mx/lib/size\libdebug.a(db_utils.o)
                              Objects - TCPIP Demo App - C32 - PIC32_ENET_SK_DM320004_INTERNAL_ETHERNET\MainDemo.o (_pic32mxsk_init)
C:/Program Files (x86)/Microchip/MPLAB C32 Suite/bin/../lib/gcc/pic32mx/3.4.4/../../../../pic32mx/lib/size\libc.a(memcmp.o)
                              Objects - TCPIP Demo App - C32 - PIC32_ENET_SK_DM320004_INTERNAL_ETHERNET\ETHPIC32IntMac.o (memcmp)
C:/Program Files (x86)/Microchip/MPLAB C32 Suite/bin/../lib/gcc/pic32mx/3.4.4/../../../../pic32mx/lib/size\libc.a(memcpy.o)
                              Objects - TCPIP Demo App - C32 - PIC32_ENET_SK_DM320004_INTERNAL_ETHERNET\ARP.o (memcpy)
C:/Program Files (x86)/Microchip/MPLAB C32 Suite/bin/../lib/gcc/pic32mx/3.4.4/../../../../pic32mx/lib/size\libc.a(memset.o)
                              Objects - TCPIP Demo App - C32 - PIC32_ENET_SK_DM320004_INTERNAL_ETHERNET\BerkeleyAPI.o (memset)
C:/Program Files (x86)/Microchip/MPLAB C32 Suite/bin/../lib/gcc/pic32mx/3.4.4/../../../../pic32mx/lib/size\libc.a(strlen.o)
                              Objects - TCPIP Demo App - C32 - PIC32_ENET_SK_DM320004_INTERNAL_ETHERNET\TCP.o (strlen)
C:/Program Files (x86)/Microchip/MPLAB C32 Suite/bin/../lib/gcc/pic32mx/3.4.4/../../../../pic32mx/lib/size\libc.a(general-exception.o)
                              C:/Program Files (x86)/Microchip/MPLAB C32 Suite/bin/../lib/gcc/pic32mx/3.4.4/../../../../pic32mx/lib/size/crt0.o (_general_exception_context)
C:/Program Files (x86)/Microchip/MPLAB C32 Suite/bin/../lib/gcc/pic32mx/3.4.4/../../../../pic32mx/lib/size\libc.a(_iob.o)
                              Objects - TCPIP Demo App - C32 - PIC32_ENET_SK_DM320004_INTERNAL_ETHERNET\MainDemo.o (_iob)
C:/Program Files (x86)/Microchip/MPLAB C32 Suite/bin/../lib/gcc/pic32mx/3.4.4/../../../../pic32mx/lib/size\libc.a(fwrite.o)
                              Objects - TCPIP Demo App - C32 - PIC32_ENET_SK_DM320004_INTERNAL_ETHERNET\MainDemo.o (fwrite)
C:/Program Files (x86)/Microchip/MPLAB C32 Suite/bin/../lib/gcc/pic32mx/3.4.4/../../../../pic32mx/lib/size\libc.a(c32_uart.o)
                              C:/Program Files (x86)/Microchip/MPLAB C32 Suite/bin/../lib/gcc/pic32mx/3.4.4/../../../../pic32mx/lib/size\libdebug.a(db_utils.o) (__C32_UART)
C:/Program Files (x86)/Microchip/MPLAB C32 Suite/bin/../lib/gcc/pic32mx/3.4.4/../../../../pic32mx/lib/size\libc.a(calloc.o)
                              Objects - TCPIP Demo App - C32 - PIC32_ENET_SK_DM320004_INTERNAL_ETHERNET\ETHPIC32IntMac.o (calloc)
C:/Program Files (x86)/Microchip/MPLAB C32 Suite/bin/../lib/gcc/pic32mx/3.4.4/../../../../pic32mx/lib/size\libc.a(ctype.o)
                              Objects - TCPIP Demo App - C32 - PIC32_ENET_SK_DM320004_INTERNAL_ETHERNET\comTools.o (_ctype)
C:/Program Files (x86)/Microchip/MPLAB C32 Suite/bin/../lib/gcc/pic32mx/3.4.4/../../../../pic32mx/lib/size\libc.a(ctypef.o)
                              Objects - TCPIP Demo App - C32 - PIC32_ENET_SK_DM320004_INTERNAL_ETHERNET\comTools.o (toupper)
C:/Program Files (x86)/Microchip/MPLAB C32 Suite/bin/../lib/gcc/pic32mx/3.4.4/../../../../pic32mx/lib/size\libc.a(malloc.o)
                              C:/Program Files (x86)/Microchip/MPLAB C32 Suite/bin/../lib/gcc/pic32mx/3.4.4/../../../../pic32mx/lib/size\libc.a(calloc.o) (malloc)
C:/Program Files (x86)/Microchip/MPLAB C32 Suite/bin/../lib/gcc/pic32mx/3.4.4/../../../../pic32mx/lib/size\libc.a(puts.o)
                              Objects - TCPIP Demo App - C32 - PIC32_ENET_SK_DM320004_INTERNAL_ETHERNET\MainDemo.o (puts)
C:/Program Files (x86)/Microchip/MPLAB C32 Suite/bin/../lib/gcc/pic32mx/3.4.4/../../../../pic32mx/lib/size\libc.a(strncmp.o)
                              Objects - TCPIP Demo App - C32 - PIC32_ENET_SK_DM320004_INTERNAL_ETHERNET\SmartWall.o (strncmp)
C:/Program Files (x86)/Microchip/MPLAB C32 Suite/bin/../lib/gcc/pic32mx/3.4.4/../../../../pic32mx/lib/size\libc.a(strncpy.o)
                              Objects - TCPIP Demo App - C32 - PIC32_ENET_SK_DM320004_INTERNAL_ETHERNET\SmartWall.o (strncpy)
C:/Program Files (x86)/Microchip/MPLAB C32 Suite/bin/../lib/gcc/pic32mx/3.4.4/../../../../pic32mx/lib/size\libc.a(fprintf_cdnopsuxX.eo)
                              (_fprintf_cdnopsuxX)
C:/Program Files (x86)/Microchip/MPLAB C32 Suite/bin/../lib/gcc/pic32mx/3.4.4/../../../../pic32mx/lib/size\libc.a(fprintf_cdnopuxX.eo)
                              Objects - TCPIP Demo App - C32 - PIC32_ENET_SK_DM320004_INTERNAL_ETHERNET\SmartWall.o (_fprintf_cdnopuxX)
C:/Program Files (x86)/Microchip/MPLAB C32 Suite/bin/../lib/gcc/pic32mx/3.4.4/../../../../pic32mx/lib/size\libc.a(fprintf_s.eo)
[...]
Memory Configuration

Name             Origin             Length             Attributes
kseg0_program_mem 0x9d000000         0x00080000         xr
kseg0_boot_mem   0x9fc00490         0x00000970
exception_mem    0x9fc01000         0x00001000
kseg1_boot_mem   0xbfc00000         0x00000490
debug_exec_mem   0xbfc02000         0x00000ff0
config3          0xbfc02ff0         0x00000004
config2          0xbfc02ff4         0x00000004
config1          0xbfc02ff8         0x00000004
config0          0xbfc02ffc         0x00000004
kseg1_data_mem   0xa0000000         0x00020000         w !x
sfrs             0xbf800000         0x00100000
configsfrs       0xbfc02ff0         0x00000010
*default*        0x00000000         0xffffffff

Linker script and memory map

LOAD C:/Program Files (x86)/Microchip/MPLAB C32 Suite/bin/../lib/gcc/pic32mx/3.4.4/../../../../pic32mx/lib/size/crt0.o
LOAD Objects - TCPIP Demo App - C32 - PIC32_ENET_SK_DM320004_INTERNAL_ETHERNET\Announce.o
LOAD Objects - TCPIP Demo App - C32 - PIC32_ENET_SK_DM320004_INTERNAL_ETHERNET\ARCFOUR.o
LOAD Objects - TCPIP Demo App - C32 - PIC32_ENET_SK_DM320004_INTERNAL_ETHERNET\ARP.o
LOAD Objects - TCPIP Demo App - C32 - PIC32_ENET_SK_DM320004_INTERNAL_ETHERNET\AutoIP.o
LOAD Objects - TCPIP Demo App - C32 - PIC32_ENET_SK_DM320004_INTERNAL_ETHERNET\BerkeleyAPI.o
LOAD Objects - TCPIP Demo App - C32 - PIC32_ENET_SK_DM320004_INTERNAL_ETHERNET\BigInt.o
LOAD Objects - TCPIP Demo App - C32 - PIC32_ENET_SK_DM320004_INTERNAL_ETHERNET\Delay.o
LOAD Objects - TCPIP Demo App - C32 - PIC32_ENET_SK_DM320004_INTERNAL_ETHERNET\DHCP.o
LOAD Objects - TCPIP Demo App - C32 - PIC32_ENET_SK_DM320004_INTERNAL_ETHERNET\DHCPs.o
LOAD Objects - TCPIP Demo App - C32 - PIC32_ENET_SK_DM320004_INTERNAL_ETHERNET\DNS.o
LOAD Objects - TCPIP Demo App - C32 - PIC32_ENET_SK_DM320004_INTERNAL_ETHERNET\DNSs.o
LOAD Objects - TCPIP Demo App - C32 - PIC32_ENET_SK_DM320004_INTERNAL_ETHERNET\DynDNS.o
LOAD Objects - TCPIP Demo App - C32 - PIC32_ENET_SK_DM320004_INTERNAL_ETHERNET\ENC28J60.o
LOAD Objects - TCPIP Demo App - C32 - PIC32_ENET_SK_DM320004_INTERNAL_ETHERNET\ENCX24J600.o
LOAD Objects - TCPIP Demo App - C32 - PIC32_ENET_SK_DM320004_INTERNAL_ETHERNET\ETHPIC32ExtPhy.o
LOAD Objects - TCPIP Demo App - C32 - PIC32_ENET_SK_DM320004_INTERNAL_ETHERNET\ETHPIC32ExtPhyDP83848.o
LOAD Objects - TCPIP Demo App - C32 - PIC32_ENET_SK_DM320004_INTERNAL_ETHERNET\ETHPIC32IntMac.o
LOAD Objects - TCPIP Demo App - C32 - PIC32_ENET_SK_DM320004_INTERNAL_ETHERNET\FileSystem.o
LOAD Objects - TCPIP Demo App - C32 - PIC32_ENET_SK_DM320004_INTERNAL_ETHERNET\FTP.o
LOAD Objects - TCPIP Demo App - C32 - PIC32_ENET_SK_DM320004_INTERNAL_ETHERNET\Hashes.o
LOAD Objects - TCPIP Demo App - C32 - PIC32_ENET_SK_DM320004_INTERNAL_ETHERNET\Helpers.o
LOAD Objects - TCPIP Demo App - C32 - PIC32_ENET_SK_DM320004_INTERNAL_ETHERNET\HTTP2.o
LOAD Objects - TCPIP Demo App - C32 - PIC32_ENET_SK_DM320004_INTERNAL_ETHERNET\HTTP.o
LOAD Objects - TCPIP Demo App - C32 - PIC32_ENET_SK_DM320004_INTERNAL_ETHERNET\ICMP.o
LOAD Objects - TCPIP Demo App - C32 - PIC32_ENET_SK_DM320004_INTERNAL_ETHERNET\IP.o
LOAD Objects - TCPIP Demo App - C32 - PIC32_ENET_SK_DM320004_INTERNAL_ETHERNET\LCDBlocking.o
LOAD Objects - TCPIP Demo App - C32 - PIC32_ENET_SK_DM320004_INTERNAL_ETHERNET\MPFS2.o
LOAD Objects - TCPIP Demo App - C32 - PIC32_ENET_SK_DM320004_INTERNAL_ETHERNET\MPFS.o
LOAD Objects - TCPIP Demo App - C32 - PIC32_ENET_SK_DM320004_INTERNAL_ETHERNET\NBNS.o
LOAD Objects - TCPIP Demo App - C32 - PIC32_ENET_SK_DM320004_INTERNAL_ETHERNET\Random.o
LOAD Objects - TCPIP Demo App - C32 - PIC32_ENET_SK_DM320004_INTERNAL_ETHERNET\Reboot.o
LOAD Objects - TCPIP Demo App - C32 - PIC32_ENET_SK_DM320004_INTERNAL_ETHERNET\RSA.o
LOAD Objects - TCPIP Demo App - C32 - PIC32_ENET_SK_DM320004_INTERNAL_ETHERNET\SMTP.o
LOAD Objects - TCPIP Demo App - C32 - PIC32_ENET_SK_DM320004_INTERNAL_ETHERNET\SNMP.o
LOAD Objects - TCPIP Demo App - C32 - PIC32_ENET_SK_DM320004_INTERNAL_ETHERNET\SNMPv3.o
LOAD Objects - TCPIP Demo App - C32 - PIC32_ENET_SK_DM320004_INTERNAL_ETHERNET\SNMPv3USM.o
LOAD Objects - TCPIP Demo App - C32 - PIC32_ENET_SK_DM320004_INTERNAL_ETHERNET\SNTP.o
LOAD Objects - TCPIP Demo App - C32 - PIC32_ENET_SK_DM320004_INTERNAL_ETHERNET\SPIEEPROM.o
LOAD Objects - TCPIP Demo App - C32 - PIC32_ENET_SK_DM320004_INTERNAL_ETHERNET\SPIFlash.o
LOAD Objects - TCPIP Demo App - C32 - PIC32_ENET_SK_DM320004_INTERNAL_ETHERNET\SPIRAM.o
LOAD Objects - TCPIP Demo App - C32 - PIC32_ENET_SK_DM320004_INTERNAL_ETHERNET\SSL.o
LOAD Objects - TCPIP Demo App - C32 - PIC32_ENET_SK_DM320004_INTERNAL_ETHERNET\StackTsk.o
LOAD Objects - TCPIP Demo App - C32 - PIC32_ENET_SK_DM320004_INTERNAL_ETHERNET\TCP.o
LOAD Objects - TCPIP Demo App - C32 - PIC32_ENET_SK_DM320004_INTERNAL_ETHERNET\TCPPerformanceTest.o
LOAD Objects - TCPIP Demo App - C32 - PIC32_ENET_SK_DM320004_INTERNAL_ETHERNET\Telnet.o
LOAD Objects - TCPIP Demo App - C32 - PIC32_ENET_SK_DM320004_INTERNAL_ETHERNET\TFTPc.o
LOAD Objects - TCPIP Demo App - C32 - PIC32_ENET_SK_DM320004_INTERNAL_ETHERNET\Tick.o
LOAD Objects - TCPIP Demo App - C32 - PIC32_ENET_SK_DM320004_INTERNAL_ETHERNET\UART2TCPBridge.o
LOAD Objects - TCPIP Demo App - C32 - PIC32_ENET_SK_DM320004_INTERNAL_ETHERNET\UART.o
LOAD Objects - TCPIP Demo App - C32 - PIC32_ENET_SK_DM320004_INTERNAL_ETHERNET\UDP.o
LOAD Objects - TCPIP Demo App - C32 - PIC32_ENET_SK_DM320004_INTERNAL_ETHERNET\UDPPerformanceTest.o
LOAD Objects - TCPIP Demo App - C32 - PIC32_ENET_SK_DM320004_INTERNAL_ETHERNET\ZeroconfHelper.o
LOAD Objects - TCPIP Demo App - C32 - PIC32_ENET_SK_DM320004_INTERNAL_ETHERNET\ZeroconfLinkLocal.o
LOAD Objects - TCPIP Demo App - C32 - PIC32_ENET_SK_DM320004_INTERNAL_ETHERNET\ZeroconfMulticastDNS.o
LOAD Objects - TCPIP Demo App - C32 - PIC32_ENET_SK_DM320004_INTERNAL_ETHERNET\MainDemo.o
LOAD Objects - TCPIP Demo App - C32 - PIC32_ENET_SK_DM320004_INTERNAL_ETHERNET\BigInt_helper_C32.o
LOAD Objects - TCPIP Demo App - C32 - PIC32_ENET_SK_DM320004_INTERNAL_ETHERNET\SmartWall.o
LOAD Objects - TCPIP Demo App - C32 - PIC32_ENET_SK_DM320004_INTERNAL_ETHERNET\comTools.o
                0x00000001                __MPLAB_BUILD = 0x1
                0x00000001                __MPLAB_DEBUG = 0x1
                0x00000001                __MPLAB_DEBUGGER_PIC32MXSK = 0x1
                0x00003e80                _min_heap_size = 0x3e80
                0x00000800                _min_stack_size = 0x800
LOAD C:/Program Files (x86)/Microchip/MPLAB C32 Suite/bin/../lib/gcc/pic32mx/3.4.4/size\libgcc.a
START GROUP
LOAD C:/Program Files (x86)/Microchip/MPLAB C32 Suite/bin/../lib/gcc/pic32mx/3.4.4/../../../../pic32mx/lib/size\libdebug.a
LOAD C:/Program Files (x86)/Microchip/MPLAB C32 Suite/bin/../lib/gcc/pic32mx/3.4.4/../../../../pic32mx/lib/size\libc.a
LOAD C:/Program Files (x86)/Microchip/MPLAB C32 Suite/bin/../lib/gcc/pic32mx/3.4.4/../../../../pic32mx/lib/size\libm.a
LOAD C:/Program Files (x86)/Microchip/MPLAB C32 Suite/bin/../lib/gcc/pic32mx/3.4.4/../../../../pic32mx/lib/size\libe.a
LOAD C:/Program Files (x86)/Microchip/MPLAB C32 Suite/bin/../lib/gcc/pic32mx/3.4.4/../../../../pic32mx/lib/size\libdsp.a
LOAD C:/Program Files (x86)/Microchip/MPLAB C32 Suite/bin/../lib/gcc/pic32mx/3.4.4/../../../../pic32mx/lib/size\libmchp_peripheral.a
LOAD C:/Program Files (x86)/Microchip/MPLAB C32 Suite/bin/../lib/gcc/pic32mx/3.4.4/../../../../pic32mx/lib/size\libmchp_peripheral_32MX795F512L.a
END GROUP
LOAD C:/Program Files (x86)/Microchip/MPLAB C32 Suite/bin/../lib/gcc/pic32mx/3.4.4/size\libgcc.a
                0x00000400                PROVIDE (_min_stack_size, 0x400)
                0x00000000                PROVIDE (_min_heap_size, 0x0)
LOAD C:/Program Files (x86)/Microchip/MPLAB C32 Suite/bin/../lib/gcc/pic32mx/3.4.4/../../../../pic32mx/lib/./proc/32MX795F512L\processor.o
                0x00000001                PROVIDE (_vector_spacing, 0x1)
                0x9fc01000                _ebase_address = 0x9fc01000
                0xbfc00000                _RESET_ADDR = 0xbfc00000
                0xbfc00380                _BEV_EXCPT_ADDR = 0xbfc00380
                0xbfc00480                _DBG_EXCPT_ADDR = 0xbfc00480
                0xbfc02000                _DBG_CODE_ADDR = 0xbfc02000
                0x9fc01180                _GEN_EXCPT_ADDR = (_ebase_address + 0x180)

.config_BFC02FF0
                0xbfc02ff0        0x4
 *(.config_BFC02FF0)
 .config_BFC02FF0
                0xbfc02ff0        0x4 Objects - TCPIP Demo App - C32 - PIC32_ENET_SK_DM320004_INTERNAL_ETHERNET\MainDemo.o

.config_BFC02FF4
                0xbfc02ff4        0x4
 *(.config_BFC02FF4)
 .config_BFC02FF4
                0xbfc02ff4        0x4 Objects - TCPIP Demo App - C32 - PIC32_ENET_SK_DM320004_INTERNAL_ETHERNET\MainDemo.o

.config_BFC02FF8
                0xbfc02ff8        0x4
 *(.config_BFC02FF8)
 .config_BFC02FF8
                0xbfc02ff8        0x4 Objects - TCPIP Demo App - C32 - PIC32_ENET_SK_DM320004_INTERNAL_ETHERNET\MainDemo.o

.config_BFC02FFC
                0xbfc02ffc        0x4
 *(.config_BFC02FFC)
 .config_BFC02FFC
                0xbfc02ffc        0x4 Objects - TCPIP Demo App - C32 - PIC32_ENET_SK_DM320004_INTERNAL_ETHERNET\MainDemo.o

.reset          0xbfc00000       0x10
 *(.reset)
 .reset         0xbfc00000       0x10 C:/Program Files (x86)/Microchip/MPLAB C32 Suite/bin/../lib/gcc/pic32mx/3.4.4/../../../../pic32mx/lib/size/crt0.o
                0xbfc00000                _reset

.bev_excpt      0xbfc00380       0x10
 *(.bev_handler)
 .bev_handler   0xbfc00380       0x10 C:/Program Files (x86)/Microchip/MPLAB C32 Suite/bin/../lib/gcc/pic32mx/3.4.4/../../../../pic32mx/lib/size/crt0.o

.dbg_excpt      0xbfc00480        0x0
                0xbfc00480                . = (. + DEFINED (_DEBUGGER)?0x8:0x0)

.dbg_code       0xbfc02000        0x0
                0xbfc02000                . = (. + DEFINED (_DEBUGGER)?0xff0:0x0)

.app_excpt      0x9fc01180       0x10
 *(.gen_handler)
 .gen_handler   0x9fc01180       0x10 C:/Program Files (x86)/Microchip/MPLAB C32 Suite/bin/../lib/gcc/pic32mx/3.4.4/../../../../pic32mx/lib/size/crt0.o

.vector_0       0x9fc01200        0x0
 *(.vector_0)
                0x00000001                ASSERT (((_vector_spacing == 0x0) || (SIZEOF (.vector_0) <= (_vector_spacing << 0x5))), function at exception vector 0 too large)

.vector_1       0x9fc01220        0x0
 *(.vector_1)
                0x00000001                ASSERT (((_vector_spacing == 0x0) || (SIZEOF (.vector_1) <= (_vector_spacing << 0x5))), function at exception vector 1 too large)

.vector_2       0x9fc01240        0x0
 *(.vector_2)
                0x00000001                ASSERT (((_vector_spacing == 0x0) || (SIZEOF (.vector_2) <= (_vector_spacing << 0x5))), function at exception vector 2 too large)

.vector_3       0x9fc01260        0x0
 *(.vector_3)
                0x00000001                ASSERT (((_vector_spacing == 0x0) || (SIZEOF (.vector_3) <= (_vector_spacing << 0x5))), function at exception vector 3 too large)

.vector_4       0x9fc01280        0x8
 *(.vector_4)
 .vector_4      0x9fc01280        0x8 Objects - TCPIP Demo App - C32 - PIC32_ENET_SK_DM320004_INTERNAL_ETHERNET\Tick.o
                0x00000001                ASSERT (((_vector_spacing == 0x0) || (SIZEOF (.vector_4) <= (_vector_spacing << 0x5))), function at exception vector 4 too large)

.vector_5       0x9fc012a0        0x0
 *(.vector_5)
                0x00000001                ASSERT (((_vector_spacing == 0x0) || (SIZEOF (.vector_5) <= (_vector_spacing << 0x5))), function at exception vector 5 too large)

.vector_6       0x9fc012c0        0x0
 *(.vector_6)
                0x00000001                ASSERT (((_vector_spacing == 0x0) || (SIZEOF (.vector_6) <= (_vector_spacing << 0x5))), function at exception vector 6 too large)

.vector_7       0x9fc012e0        0x0
 *(.vector_7)
                0x00000001                ASSERT (((_vector_spacing == 0x0) || (SIZEOF (.vector_7) <= (_vector_spacing << 0x5))), function at exception vector 7 too large)

.vector_8       0x9fc01300        0x0
 *(.vector_8)
                0x00000001                ASSERT (((_vector_spacing == 0x0) || (SIZEOF (.vector_8) <= (_vector_spacing << 0x5))), function at exception vector 8 too large)

.vector_9       0x9fc01320        0x0
 *(.vector_9)
                0x00000001                ASSERT (((_vector_spacing == 0x0) || (SIZEOF (.vector_9) <= (_vector_spacing << 0x5))), function at exception vector 9 too large)

.vector_10      0x9fc01340        0x0
 *(.vector_10)
                0x00000001                ASSERT (((_vector_spacing == 0x0) || (SIZEOF (.vector_10) <= (_vector_spacing << 0x5))), function at exception vector 10 too large)

.vector_11      0x9fc01360        0x0
 *(.vector_11)
                0x00000001                ASSERT (((_vector_spacing == 0x0) || (SIZEOF (.vector_11) <= (_vector_spacing << 0x5))), function at exception vector 11 too large)

.vector_12      0x9fc01380        0x0
 *(.vector_12)
                0x00000001                ASSERT (((_vector_spacing == 0x0) || (SIZEOF (.vector_12) <= (_vector_spacing << 0x5))), function at exception vector 12 too large)

.vector_13      0x9fc013a0        0x0
 *(.vector_13)
                0x00000001                ASSERT (((_vector_spacing == 0x0) || (SIZEOF (.vector_13) <= (_vector_spacing << 0x5))), function at exception vector 13 too large)

.vector_14      0x9fc013c0        0x0
 *(.vector_14)
                0x00000001                ASSERT (((_vector_spacing == 0x0) || (SIZEOF (.vector_14) <= (_vector_spacing << 0x5))), function at exception vector 14 too large)

.vector_15      0x9fc013e0        0x0
 *(.vector_15)
                0x00000001                ASSERT (((_vector_spacing == 0x0) || (SIZEOF (.vector_15) <= (_vector_spacing << 0x5))), function at exception vector 15 too large)

.vector_16      0x9fc01400        0x0
 *(.vector_16)
                0x00000001                ASSERT (((_vector_spacing == 0x0) || (SIZEOF (.vector_16) <= (_vector_spacing << 0x5))), function at exception vector 16 too large)

.vector_17      0x9fc01420        0x0
 *(.vector_17)
                0x00000001                ASSERT (((_vector_spacing == 0x0) || (SIZEOF (.vector_17) <= (_vector_spacing << 0x5))), function at exception vector 17 too large)

.vector_18      0x9fc01440        0x0
 *(.vector_18)
                0x00000001                ASSERT (((_vector_spacing == 0x0) || (SIZEOF (.vector_18) <= (_vector_spacing << 0x5))), function at exception vector 18 too large)

.vector_19      0x9fc01460        0x0
 *(.vector_19)
                0x00000001                ASSERT (((_vector_spacing == 0x0) || (SIZEOF (.vector_19) <= (_vector_spacing << 0x5))), function at exception vector 19 too large)

.vector_20      0x9fc01480        0x0
 *(.vector_20)
                0x00000001                ASSERT (((_vector_spacing == 0x0) || (SIZEOF (.vector_20) <= (_vector_spacing << 0x5))), function at exception vector 20 too large)

.vector_21      0x9fc014a0        0x0
 *(.vector_21)
                0x00000001                ASSERT (((_vector_spacing == 0x0) || (SIZEOF (.vector_21) <= (_vector_spacing << 0x5))), function at exception vector 21 too large)

.vector_22      0x9fc014c0        0x0
 *(.vector_22)
                0x00000001                ASSERT (((_vector_spacing == 0x0) || (SIZEOF (.vector_22) <= (_vector_spacing << 0x5))), function at exception vector 22 too large)

.vector_23      0x9fc014e0        0x0
 *(.vector_23)
                0x00000001                ASSERT (((_vector_spacing == 0x0) || (SIZEOF (.vector_23) <= (_vector_spacing << 0x5))), function at exception vector 23 too large)

.vector_24      0x9fc01500        0x0
 *(.vector_24)
                0x00000001                ASSERT (((_vector_spacing == 0x0) || (SIZEOF (.vector_24) <= (_vector_spacing << 0x5))), function at exception vector 24 too large)

.vector_25      0x9fc01520        0x0
 *(.vector_25)
                0x00000001                ASSERT (((_vector_spacing == 0x0) || (SIZEOF (.vector_25) <= (_vector_spacing << 0x5))), function at exception vector 25 too large)

.vector_26      0x9fc01540        0x0
 *(.vector_26)
                0x00000001                ASSERT (((_vector_spacing == 0x0) || (SIZEOF (.vector_26) <= (_vector_spacing << 0x5))), function at exception vector 26 too large)

.vector_27      0x9fc01560        0x0
 *(.vector_27)
                0x00000001                ASSERT (((_vector_spacing == 0x0) || (SIZEOF (.vector_27) <= (_vector_spacing << 0x5))), function at exception vector 27 too large)

.vector_28      0x9fc01580        0x0
 *(.vector_28)
                0x00000001                ASSERT (((_vector_spacing == 0x0) || (SIZEOF (.vector_28) <= (_vector_spacing << 0x5))), function at exception vector 28 too large)

.vector_29      0x9fc015a0        0x0
 *(.vector_29)
                0x00000001                ASSERT (((_vector_spacing == 0x0) || (SIZEOF (.vector_29) <= (_vector_spacing << 0x5))), function at exception vector 29 too large)

.vector_30      0x9fc015c0        0x0
 *(.vector_30)
                0x00000001                ASSERT (((_vector_spacing == 0x0) || (SIZEOF (.vector_30) <= (_vector_spacing << 0x5))), function at exception vector 30 too large)

.vector_31      0x9fc015e0        0x0
 *(.vector_31)
                0x00000001                ASSERT (((_vector_spacing == 0x0) || (SIZEOF (.vector_31) <= (_vector_spacing << 0x5))), function at exception vector 31 too large)

.vector_32      0x9fc01600        0x0
 *(.vector_32)
                0x00000001                ASSERT (((_vector_spacing == 0x0) || (SIZEOF (.vector_32) <= (_vector_spacing << 0x5))), function at exception vector 32 too large)

.vector_33      0x9fc01620        0x0
 *(.vector_33)
                0x00000001                ASSERT (((_vector_spacing == 0x0) || (SIZEOF (.vector_33) <= (_vector_spacing << 0x5))), function at exception vector 33 too large)

.vector_34      0x9fc01640        0x0
 *(.vector_34)
                0x00000001                ASSERT (((_vector_spacing == 0x0) || (SIZEOF (.vector_34) <= (_vector_spacing << 0x5))), function at exception vector 34 too large)

.vector_35      0x9fc01660        0x0
 *(.vector_35)
                0x00000001                ASSERT (((_vector_spacing == 0x0) || (SIZEOF (.vector_35) <= (_vector_spacing << 0x5))), function at exception vector 35 too large)

.vector_36      0x9fc01680        0x0
 *(.vector_36)
                0x00000001                ASSERT (((_vector_spacing == 0x0) || (SIZEOF (.vector_36) <= (_vector_spacing << 0x5))), function at exception vector 36 too large)

.vector_37      0x9fc016a0        0x0
 *(.vector_37)
                0x00000001                ASSERT (((_vector_spacing == 0x0) || (SIZEOF (.vector_37) <= (_vector_spacing << 0x5))), function at exception vector 37 too large)

.vector_38      0x9fc016c0        0x0
 *(.vector_38)
                0x00000001                ASSERT (((_vector_spacing == 0x0) || (SIZEOF (.vector_38) <= (_vector_spacing << 0x5))), function at exception vector 38 too large)

.vector_39      0x9fc016e0        0x0
 *(.vector_39)
                0x00000001                ASSERT (((_vector_spacing == 0x0) || (SIZEOF (.vector_39) <= (_vector_spacing << 0x5))), function at exception vector 39 too large)

.vector_40      0x9fc01700        0x0
 *(.vector_40)
                0x00000001                ASSERT (((_vector_spacing == 0x0) || (SIZEOF (.vector_40) <= (_vector_spacing << 0x5))), function at exception vector 40 too large)

.vector_41      0x9fc01720        0x0
 *(.vector_41)
                0x00000001                ASSERT (((_vector_spacing == 0x0) || (SIZEOF (.vector_41) <= (_vector_spacing << 0x5))), function at exception vector 41 too large)

.vector_42      0x9fc01740        0x0
 *(.vector_42)
                0x00000001                ASSERT (((_vector_spacing == 0x0) || (SIZEOF (.vector_42) <= (_vector_spacing << 0x5))), function at exception vector 42 too large)

.vector_43      0x9fc01760        0x0
 *(.vector_43)
                0x00000001                ASSERT (((_vector_spacing == 0x0) || (SIZEOF (.vector_43) <= (_vector_spacing << 0x5))), function at exception vector 43 too large)

.vector_44      0x9fc01780        0x0
 *(.vector_44)
                0x00000001                ASSERT (((_vector_spacing == 0x0) || (SIZEOF (.vector_44) <= (_vector_spacing << 0x5))), function at exception vector 44 too large)

.vector_45      0x9fc017a0        0x0
 *(.vector_45)
                0x00000001                ASSERT (((_vector_spacing == 0x0) || (SIZEOF (.vector_45) <= (_vector_spacing << 0x5))), function at exception vector 45 too large)

.vector_46      0x9fc017c0        0x0
 *(.vector_46)
                0x00000001                ASSERT (((_vector_spacing == 0x0) || (SIZEOF (.vector_46) <= (_vector_spacing << 0x5))), function at exception vector 46 too large)

.vector_47      0x9fc017e0        0x0
 *(.vector_47)
                0x00000001                ASSERT (((_vector_spacing == 0x0) || (SIZEOF (.vector_47) <= (_vector_spacing << 0x5))), function at exception vector 47 too large)

.vector_48      0x9fc01800        0x0
 *(.vector_48)
                0x00000001                ASSERT (((_vector_spacing == 0x0) || (SIZEOF (.vector_48) <= (_vector_spacing << 0x5))), function at exception vector 48 too large)

.vector_49      0x9fc01820        0x0
 *(.vector_49)
                0x00000001                ASSERT (((_vector_spacing == 0x0) || (SIZEOF (.vector_49) <= (_vector_spacing << 0x5))), function at exception vector 49 too large)

.vector_50      0x9fc01840        0x0
 *(.vector_50)
                0x00000001                ASSERT (((_vector_spacing == 0x0) || (SIZEOF (.vector_50) <= (_vector_spacing << 0x5))), function at exception vector 50 too large)

.vector_51      0x9fc01860        0x0
 *(.vector_51)
                0x00000001                ASSERT (((_vector_spacing == 0x0) || (SIZEOF (.vector_51) <= (_vector_spacing << 0x5))), function at exception vector 51 too large)

.vector_52      0x9fc01880        0x0
 *(.vector_52)
                0x00000001                ASSERT (((_vector_spacing == 0x0) || (SIZEOF (.vector_52) <= (_vector_spacing << 0x5))), function at exception vector 52 too large)

.vector_53      0x9fc018a0        0x0
 *(.vector_53)
                0x00000001                ASSERT (((_vector_spacing == 0x0) || (SIZEOF (.vector_53) <= (_vector_spacing << 0x5))), function at exception vector 53 too large)

.vector_54      0x9fc018c0        0x0
 *(.vector_54)
                0x00000001                ASSERT (((_vector_spacing == 0x0) || (SIZEOF (.vector_54) <= (_vector_spacing << 0x5))), function at exception vector 54 too large)

.vector_55      0x9fc018e0        0x0
 *(.vector_55)
                0x00000001                ASSERT (((_vector_spacing == 0x0) || (SIZEOF (.vector_55) <= (_vector_spacing << 0x5))), function at exception vector 55 too large)

.vector_56      0x9fc01900        0x0
 *(.vector_56)
                0x00000001                ASSERT (((_vector_spacing == 0x0) || (SIZEOF (.vector_56) <= (_vector_spacing << 0x5))), function at exception vector 56 too large)

.vector_57      0x9fc01920        0x0
 *(.vector_57)
                0x00000001                ASSERT (((_vector_spacing == 0x0) || (SIZEOF (.vector_57) <= (_vector_spacing << 0x5))), function at exception vector 57 too large)

.vector_58      0x9fc01940        0x0
 *(.vector_58)
                0x00000001                ASSERT (((_vector_spacing == 0x0) || (SIZEOF (.vector_58) <= (_vector_spacing << 0x5))), function at exception vector 58 too large)

.vector_59      0x9fc01960        0x0
 *(.vector_59)
                0x00000001                ASSERT (((_vector_spacing == 0x0) || (SIZEOF (.vector_59) <= (_vector_spacing << 0x5))), function at exception vector 59 too large)

.vector_60      0x9fc01980        0x0
 *(.vector_60)
                0x00000001                ASSERT (((_vector_spacing == 0x0) || (SIZEOF (.vector_60) <= (_vector_spacing << 0x5))), function at exception vector 60 too large)

.vector_61      0x9fc019a0        0x0
 *(.vector_61)
                0x00000001                ASSERT (((_vector_spacing == 0x0) || (SIZEOF (.vector_61) <= (_vector_spacing << 0x5))), function at exception vector 61 too large)

.vector_62      0x9fc019c0        0x0
 *(.vector_62)
                0x00000001                ASSERT (((_vector_spacing == 0x0) || (SIZEOF (.vector_62) <= (_vector_spacing << 0x5))), function at exception vector 62 too large)

.vector_63      0x9fc019e0        0x0
 *(.vector_63)
                0x00000001                ASSERT (((_vector_spacing == 0x0) || (SIZEOF (.vector_63) <= (_vector_spacing << 0x5))), function at exception vector 63 too large)

.startup        0x9fc00490      0x1e0
 *(.startup)
 .startup       0x9fc00490      0x1e0 C:/Program Files (x86)/Microchip/MPLAB C32 Suite/bin/../lib/gcc/pic32mx/3.4.4/../../../../pic32mx/lib/size/crt0.o

.text           0x9d000000    0x121cc
                0x9d000000                _text_begin = .
 *(.text .stub .text.* .gnu.linkonce.t.*)
 .text          0x9d000000       0x10 C:/Program Files (x86)/Microchip/MPLAB C32 Suite/bin/../lib/gcc/pic32mx/3.4.4/../../../../pic32mx/lib/size/crt0.o
                0x9d000008                __crt0_exit
 .text          0x9d000010      0x5f4 Objects - TCPIP Demo App - C32 - PIC32_ENET_SK_DM320004_INTERNAL_ETHERNET\ARP.o
                0x9d00011c                ARPInit
                0x9d0001ac                ARPProcess
                0x9d00039c                ARPResolve
                0x9d00047c                ARPIsResolved
                0x9d00057c                SwapARPPacket
 .text          0x9d000604     0x1ae8 Objects - TCPIP Demo App - C32 - PIC32_ENET_SK_DM320004_INTERNAL_ETHERNET\BerkeleyAPI.o
                0x9d000604                BerkeleySocketInit
                0x9d000678                socket
                0x9d0007bc                bind
                0x9d000950                listen
                0x9d000c2c                accept
                0x9d000f50                connect
                0x9d0012c0                send
                0x9d001320                sendto
                0x9d001700                recv
                0x9d001890                recvfrom
                0x9d001b34                gethostname
                0x9d001c38                closesocket
 .text          0x9d0020ec       0xec Objects - TCPIP Demo App - C32 - PIC32_ENET_SK_DM320004_INTERNAL_ETHERNET\Delay.o
                0x9d0020ec                DelayMs
                0x9d002170                Delay10us
 .text          0x9d0021d8     0x13f4 Objects - TCPIP Demo App - C32 - PIC32_ENET_SK_DM320004_INTERNAL_ETHERNET\ETHPIC32ExtPhy.o
                0x9d0021d8                EthPhyRestartNegotiation
                0x9d002270                EthPhyGetHwConfigFlags
                0x9d0022e4                EthPhyInit
                0x9d0027e4                EthPhyNegotiationComplete
                0x9d002a8c                EthPhyGetNegotiationResult
                0x9d002de8                EthPhyGetLinkStatus
                0x9d002ed8                EthPhyReset
                0x9d003008                EthPhyScanLinkStart
                0x9d003040                EthPhyScanLinkRead
                0x9d0030b4                EthPhyScanLinkStop
 .text          0x9d0035cc      0x1c4 Objects - TCPIP Demo App - C32 - PIC32_ENET_SK_DM320004_INTERNAL_ETHERNET\ETHPIC32ExtPhyDP83848.o
                0x9d0035cc                EthPhyConfigureMII
                0x9d003674                EthPhyConfigureMdix
                0x9d003744                EthPhyMIIMAddress
                0x9d003768                EthPhyMIIMClock
 .text          0x9d003790      0xf00 Objects - TCPIP Demo App - C32 - PIC32_ENET_SK_DM320004_INTERNAL_ETHERNET\ETHPIC32IntMac.o
                0x9d003790                MACInit
                0x9d003b70                MACIsLinked
                0x9d003b98                MACGetTxBaseAddr
                0x9d003be0                MACGetHttpBaseAddr
                0x9d003c08                MACGetSslBaseAddr
                0x9d003c30                MACSetWritePtr
                0x9d003c68                MACIsTxReady
                0x9d003ddc                MACPut
                0x9d003e20                MACPutArray
                0x9d003e7c                MACPutHeader
                0x9d003f70                MACFlush
                0x9d003fe0                MACDiscardRx
                0x9d00403c                MACGetHeader
                0x9d004254                MACSetReadPtrInRx
                0x9d004290                MACSetReadPtr
                0x9d0042c8                MACGet
                0x9d004304                MACGetArray
                0x9d004370                MACGetFreeRxSize
                0x9d0043c8                MACMemCopyAsync
                0x9d004484                MACIsMemCopyDone
                0x9d0044a8                CalcIPBufferChecksum
                0x9d0044ec                MACCalcRxChecksum
 .text          0x9d004690      0xf58 Objects - TCPIP Demo App - C32 - PIC32_ENET_SK_DM320004_INTERNAL_ETHERNET\Helpers.o
                0x9d004690                LFSRSeedRand
                0x9d004714                LFSRRand
                0x9d00478c                GenerateRandomDWORD
                0x9d0049cc                StringToIPAddress
                0x9d004ccc                uitoa
                0x9d004df0                ultoa_leg
                0x9d004f14                hexatob
                0x9d004fe8                btohexa_high
                0x9d005058                btohexa_low
                0x9d0050c8                stricmppgm2ram
                0x9d005248                swaps
                0x9d005294                swapl
                0x9d00531c                CalcIPChecksum
                0x9d0053f8                strupr
                0x9d005488                FormatNetBIOSName
                0x9d005540                strnchr
 .text          0x9d0055e8      0x154 Objects - TCPIP Demo App - C32 - PIC32_ENET_SK_DM320004_INTERNAL_ETHERNET\ICMP.o
                0x9d0055e8                ICMPProcess
 .text          0x9d00573c      0x31c Objects - TCPIP Demo App - C32 - PIC32_ENET_SK_DM320004_INTERNAL_ETHERNET\IP.o
                0x9d00573c                IPGetHeader
                0x9d005878                IPPutHeader
                0x9d005984                IPSetRxBuffer
 .text          0x9d005a58      0x158 Objects - TCPIP Demo App - C32 - PIC32_ENET_SK_DM320004_INTERNAL_ETHERNET\Reboot.o
                0x9d005a58                RebootTask
 .text          0x9d005bb0      0x290 Objects - TCPIP Demo App - C32 - PIC32_ENET_SK_DM320004_INTERNAL_ETHERNET\StackTsk.o
                0x9d005bb0                StackInit
                0x9d005c18                StackTask
                0x9d005e10                StackApplications
 .text          0x9d005e40     0x83c8 Objects - TCPIP Demo App - C32 - PIC32_ENET_SK_DM320004_INTERNAL_ETHERNET\TCP.o
                0x9d005f74                TCPInit
                0x9d006280                TCPOpen
                0x9d00666c                TCPWasReset
                0x9d006718                TCPIsConnected
                0x9d006774                TCPDisconnect
                0x9d0069e0                TCPClose
                0x9d006a58                TCPGetRemoteInfo
                0x9d006ad4                TCPFlush
                0x9d006b5c                TCPIsPutReady
                0x9d006d50                TCPPut
                0x9d0070a4                TCPPutArray
                0x9d007528                TCPPutString
                0x9d00758c                TCPGetTxFIFOFull
                0x9d007640                TCPDiscard
                0x9d0076e8                TCPIsGetReady
                0x9d007884                TCPGet
                0x9d007b0c                TCPGetArray
                0x9d007eec                TCPGetRxFIFOFree
                0x9d007f9c                TCPPeekArray
                0x9d008260                TCPPeek
                0x9d0082bc                TCPFindArrayEx
                0x9d0088d8                TCPFindEx
                0x9d00894c                TCPTick
                0x9d0097dc                TCPProcess
                0x9d00d8dc                TCPAdjustFIFOSize
 .text          0x9d00e208      0x2d8 Objects - TCPIP Demo App - C32 - PIC32_ENET_SK_DM320004_INTERNAL_ETHERNET\Tick.o
                0x9d00e208                TickInit
                0x9d00e324                TickGet
                0x9d00e358                TickGetDiv256
                0x9d00e3ac                TickGetDiv64K
                0x9d00e400                TickConvertToMilliseconds
                0x9d00e458                _T1Interrupt
 .text          0x9d00e4e0      0xcb4 Objects - TCPIP Demo App - C32 - PIC32_ENET_SK_DM320004_INTERNAL_ETHERNET\UDP.o
                0x9d00e4e0                UDPInit
                0x9d00e54c                UDPTask
                0x9d00e574                UDPOpen
                0x9d00e6c8                UDPClose
                0x9d00e754                UDPSetTxBuffer
                0x9d00e7b4                UDPSetRxBuffer
                0x9d00e804                UDPIsPutReady
                0x9d00e898                UDPPut
                0x9d00e928                UDPPutArray
                0x9d00e9cc                UDPPutString
                0x9d00ea20                UDPFlush
                0x9d00ec00                UDPIsGetReady
                0x9d00ec9c                UDPGet
                0x9d00ed2c                UDPGetArray
                0x9d00edf8                UDPDiscard
                0x9d00ee54                UDPProcess
 .text          0x9d00f194      0x7f8 Objects - TCPIP Demo App - C32 - PIC32_ENET_SK_DM320004_INTERNAL_ETHERNET\MainDemo.o
                0x9d00f194                _general_exception_handler
                0x9d00f1c0                main
 .text.__udivdi3
                0x9d00f98c      0x44c C:/Program Files (x86)/Microchip/MPLAB C32 Suite/bin/../lib/gcc/pic32mx/3.4.4/size\libgcc.a(_udivdi3.o)
                0x9d00f98c                __udivdi3
 .text.StarterKitIO
                0x9d00fdd8       0x8c C:/Program Files (x86)/Microchip/MPLAB C32 Suite/bin/../lib/gcc/pic32mx/3.4.4/../../../../pic32mx/lib/size\libdebug.a(db_utils.o)
                0x9d00fdd8                _pic32mxsk_init
                0x9d00fde4                db_puts
                0x9d00fdf4                db_gets
                0x9d00fe04                _mon_write
                0x9d00fe1c                _mon_putc
                0x9d00fe40                _mon_getc
 .text          0x9d00fe64       0x98 C:/Program Files (x86)/Microchip/MPLAB C32 Suite/bin/../lib/gcc/pic32mx/3.4.4/../../../../pic32mx/lib/size\libc.a(memcmp.o)
                0x9d00fe64                memcmp
 .text          0x9d00fefc      0x168 C:/Program Files (x86)/Microchip/MPLAB C32 Suite/bin/../lib/gcc/pic32mx/3.4.4/../../../../pic32mx/lib/size\libc.a(memcpy.o)
                0x9d00fefc                memcpy
 .text          0x9d010064       0xa8 C:/Program Files (x86)/Microchip/MPLAB C32 Suite/bin/../lib/gcc/pic32mx/3.4.4/../../../../pic32mx/lib/size\libc.a(memset.o)
                0x9d010064                memset
 .text          0x9d01010c      0x168 C:/Program Files (x86)/Microchip/MPLAB C32 Suite/bin/../lib/gcc/pic32mx/3.4.4/../../../../pic32mx/lib/size\libc.a(strlen.o)
                0x9d01010c                strlen
 .text.general_exception
                0x9d010274       0xd0 C:/Program Files (x86)/Microchip/MPLAB C32 Suite/bin/../lib/gcc/pic32mx/3.4.4/../../../../pic32mx/lib/size\libc.a(general-exception.o)
                0x9d010274                _general_exception_context
 .text.fwrite   0x9d010344      0x1b4 C:/Program Files (x86)/Microchip/MPLAB C32 Suite/bin/../lib/gcc/pic32mx/3.4.4/../../../../pic32mx/lib/size\libc.a(fwrite.o)
                0x9d010344                fwrite
 .text.calloc   0x9d0104f8       0x58 C:/Program Files (x86)/Microchip/MPLAB C32 Suite/bin/../lib/gcc/pic32mx/3.4.4/../../../../pic32mx/lib/size\libc.a(calloc.o)
                0x9d0104f8                calloc
 .text.malloc   0x9d010550      0x234 C:/Program Files (x86)/Microchip/MPLAB C32 Suite/bin/../lib/gcc/pic32mx/3.4.4/../../../../pic32mx/lib/size\libc.a(malloc.o)
                0x9d010550                malloc
 .text.fputs    0x9d010784       0x60 C:/Program Files (x86)/Microchip/MPLAB C32 Suite/bin/../lib/gcc/pic32mx/3.4.4/../../../../pic32mx/lib/size\libc.a(puts.o)
                0x9d010784                fputs
 .text.puts     0x9d0107e4       0x48 C:/Program Files (x86)/Microchip/MPLAB C32 Suite/bin/../lib/gcc/pic32mx/3.4.4/../../../../pic32mx/lib/size\libc.a(puts.o)
                0x9d0107e4                puts
 .text._stub_sbd_memlayout
                0x9d01082c       0x2c C:/Program Files (x86)/Microchip/MPLAB C32 Suite/bin/../lib/gcc/pic32mx/3.4.4/../../../../pic32mx/lib/size\libc.a(sbrk.o)
                0x9d01082c                _stub_sbd_memlayout
                0x9d01082c                _sbd_memlayout
 .text._sbrk_init
                0x9d010858      0x148 C:/Program Files (x86)/Microchip/MPLAB C32 Suite/bin/../lib/gcc/pic32mx/3.4.4/../../../../pic32mx/lib/size\libc.a(sbrk.o)
                0x9d010858                _sbrk_init
 .text._sbrk    0x9d0109a0       0xa4 C:/Program Files (x86)/Microchip/MPLAB C32 Suite/bin/../lib/gcc/pic32mx/3.4.4/../../../../pic32mx/lib/size\libc.a(sbrk.o)
                0x9d0109a0                _sbrk
 .text.sbrk     0x9d010a44       0x5c C:/Program Files (x86)/Microchip/MPLAB C32 Suite/bin/../lib/gcc/pic32mx/3.4.4/../../../../pic32mx/lib/size\libc.a(sbrk.o)
                0x9d010a44                sbrk
 .text._bootstrap_exception_handler
                0x9d010aa0        0x8 C:/Program Files (x86)/Microchip/MPLAB C32 Suite/bin/../lib/gcc/pic32mx/3.4.4/../../../../pic32mx/lib/size\libc.a(default-bootstrap-exception-handler.o)
                0x9d010aa0                _bootstrap_exception_handler
 .text._on_reset
                0x9d010aa8        0x8 C:/Program Files (x86)/Microchip/MPLAB C32 Suite/bin/../lib/gcc/pic32mx/3.4.4/../../../../pic32mx/lib/size\libc.a(default-on-reset.o)
                0x9d010aa8                _on_reset
 .text._on_bootstrap
                0x9d010ab0        0x8 C:/Program Files (x86)/Microchip/MPLAB C32 Suite/bin/../lib/gcc/pic32mx/3.4.4/../../../../pic32mx/lib/size\libc.a(default-on-bootstrap.o)
                0x9d010ab0                _on_bootstrap
 .text          0x9d010ab8       0x18 C:/Program Files (x86)/Microchip/MPLAB C32 Suite/bin/../lib/gcc/pic32mx/3.4.4/../../../../pic32mx/lib/size\libc.a(default-nmi-handler.o)
                0x9d010ab8                _nmi_handler
 .text.fflush   0x9d010ad0       0xb0 C:/Program Files (x86)/Microchip/MPLAB C32 Suite/bin/../lib/gcc/pic32mx/3.4.4/../../../../pic32mx/lib/size\libc.a(fflush.o)
                0x9d010ad0                fflush
 .text.fputc    0x9d010b80      0x134 C:/Program Files (x86)/Microchip/MPLAB C32 Suite/bin/../lib/gcc/pic32mx/3.4.4/../../../../pic32mx/lib/size\libc.a(_fputc_simple.o)
                0x9d010b80                fputc
 .text.ftell    0x9d010cb4       0x6c C:/Program Files (x86)/Microchip/MPLAB C32 Suite/bin/../lib/gcc/pic32mx/3.4.4/../../../../pic32mx/lib/size\libc.a(fseek.o)
                0x9d010cb4                ftell
 .text.fseek    0x9d010d20      0x1b8 C:/Program Files (x86)/Microchip/MPLAB C32 Suite/bin/../lib/gcc/pic32mx/3.4.4/../../../../pic32mx/lib/size\libc.a(fseek.o)
                0x9d010d20                fseek
 .text.write    0x9d010ed8       0x94 C:/Program Files (x86)/Microchip/MPLAB C32 Suite/bin/../lib/gcc/pic32mx/3.4.4/../../../../pic32mx/lib/size\libc.a(write.o)
                0x9d010ed8                write
 .text.lseek    0x9d010f6c        0x8 C:/Program Files (x86)/Microchip/MPLAB C32 Suite/bin/../lib/gcc/pic32mx/3.4.4/../../../../pic32mx/lib/size\libc.a(lseek.o)
                0x9d010f6c                lseek
 .text._flsbuf  0x9d010f74      0x110 C:/Program Files (x86)/Microchip/MPLAB C32 Suite/bin/../lib/gcc/pic32mx/3.4.4/../../../../pic32mx/lib/size\libc.a(_flsbuf_simple.o)
                0x9d010f74                _flsbuf
 .text.ReadCoreTimer
                0x9d011084        0x8 C:/Program Files (x86)/Microchip/MPLAB C32 Suite/bin/../lib/gcc/pic32mx/3.4.4/../../../../pic32mx/lib/size\libmchp_peripheral.a(read_core_timer_lib.o)
                0x9d011084                ReadCoreTimer
 .text._EthAckPacket
                0x9d01108c      0x1ac C:/Program Files (x86)/Microchip/MPLAB C32 Suite/bin/../lib/gcc/pic32mx/3.4.4/../../../../pic32mx/lib/size\libmchp_peripheral_32MX795F512L.a(eth_ack_packet_lib.o)
                0x9d01108c                _EthAckPacket
 .text.EthTxAcknowledgeBuffer
                0x9d011238       0x30 C:/Program Files (x86)/Microchip/MPLAB C32 Suite/bin/../lib/gcc/pic32mx/3.4.4/../../../../pic32mx/lib/size\libmchp_peripheral_32MX795F512L.a(eth_ack_packet_lib.o)
                0x9d011238                EthTxAcknowledgeBuffer
 .text._EthRxAckBuffer
                0x9d011268      0x180 C:/Program Files (x86)/Microchip/MPLAB C32 Suite/bin/../lib/gcc/pic32mx/3.4.4/../../../../pic32mx/lib/size\libmchp_peripheral_32MX795F512L.a(eth_ack_packet_lib.o)
 .text.EthRxAcknowledgeBuffer
                0x9d0113e8       0x1c C:/Program Files (x86)/Microchip/MPLAB C32 Suite/bin/../lib/gcc/pic32mx/3.4.4/../../../../pic32mx/lib/size\libmchp_peripheral_32MX795F512L.a(eth_ack_packet_lib.o)
                0x9d0113e8                EthRxAcknowledgeBuffer
 .text.EthDescriptorsPoolAdd
                0x9d011404      0x158 C:/Program Files (x86)/Microchip/MPLAB C32 Suite/bin/../lib/gcc/pic32mx/3.4.4/../../../../pic32mx/lib/size\libmchp_peripheral_32MX795F512L.a(eth_descriptors_add_lib.o)
                0x9d011404                EthDescriptorsPoolAdd
 .text.EthInit  0x9d01155c       0xb0 C:/Program Files (x86)/Microchip/MPLAB C32 Suite/bin/../lib/gcc/pic32mx/3.4.4/../../../../pic32mx/lib/size\libmchp_peripheral_32MX795F512L.a(eth_init_lib.o)
                0x9d01155c                EthInit
 .text.EthMACOpen
                0x9d01160c       0xb4 C:/Program Files (x86)/Microchip/MPLAB C32 Suite/bin/../lib/gcc/pic32mx/3.4.4/../../../../pic32mx/lib/size\libmchp_peripheral_32MX795F512L.a(eth_mac_open_lib.o)
                0x9d01160c                EthMACOpen
 .text.EthMACSetAddress
                0x9d0116c0       0x4c C:/Program Files (x86)/Microchip/MPLAB C32 Suite/bin/../lib/gcc/pic32mx/3.4.4/../../../../pic32mx/lib/size\libmchp_peripheral_32MX795F512L.a(eth_mac_set_address_max_lib.o)
                0x9d0116c0                EthMACSetAddress
 .text.EthRxBuffersAppend
                0x9d01170c      0x21c C:/Program Files (x86)/Microchip/MPLAB C32 Suite/bin/../lib/gcc/pic32mx/3.4.4/../../../../pic32mx/lib/size\libmchp_peripheral_32MX795F512L.a(eth_rx_buffers_append_lib.o)
                0x9d01170c                EthRxBuffersAppend
 .text.EthRxFiltersSet
                0x9d011928       0x10 C:/Program Files (x86)/Microchip/MPLAB C32 Suite/bin/../lib/gcc/pic32mx/3.4.4/../../../../pic32mx/lib/size\libmchp_peripheral_32MX795F512L.a(eth_rx_filters_lib.o)
                0x9d011928                EthRxFiltersSet
 .text.EthRxFiltersClr
                0x9d011938       0x10 C:/Program Files (x86)/Microchip/MPLAB C32 Suite/bin/../lib/gcc/pic32mx/3.4.4/../../../../pic32mx/lib/size\libmchp_peripheral_32MX795F512L.a(eth_rx_filters_lib.o)
                0x9d011938                EthRxFiltersClr
 .text.EthRxGetPacket
                0x9d011948      0x178 C:/Program Files (x86)/Microchip/MPLAB C32 Suite/bin/../lib/gcc/pic32mx/3.4.4/../../../../pic32mx/lib/size\libmchp_peripheral_32MX795F512L.a(eth_rx_get_packet_lib.o)
                0x9d011948                EthRxGetPacket
 .text.EthRxGetBuffer
                0x9d011ac0       0x3c C:/Program Files (x86)/Microchip/MPLAB C32 Suite/bin/../lib/gcc/pic32mx/3.4.4/../../../../pic32mx/lib/size\libmchp_peripheral_32MX795F512L.a(eth_rx_get_packet_lib.o)
                0x9d011ac0                EthRxGetBuffer
 .text.EthRxSetBufferSize
                0x9d011afc       0x30 C:/Program Files (x86)/Microchip/MPLAB C32 Suite/bin/../lib/gcc/pic32mx/3.4.4/../../../../pic32mx/lib/size\libmchp_peripheral_32MX795F512L.a(eth_rx_set_buffer_size_lib.o)
                0x9d011afc                EthRxSetBufferSize
 .text._EthTxSchedBuffer
                0x9d011b2c       0xac C:/Program Files (x86)/Microchip/MPLAB C32 Suite/bin/../lib/gcc/pic32mx/3.4.4/../../../../pic32mx/lib/size\libmchp_peripheral_32MX795F512L.a(eth_tx_packet_lib.o)
 .text._EthTxSchedList
                0x9d011bd8       0x94 C:/Program Files (x86)/Microchip/MPLAB C32 Suite/bin/../lib/gcc/pic32mx/3.4.4/../../../../pic32mx/lib/size\libmchp_peripheral_32MX795F512L.a(eth_tx_packet_lib.o)
 .text.EthTxSendBuffer
                0x9d011c6c       0xc4 C:/Program Files (x86)/Microchip/MPLAB C32 Suite/bin/../lib/gcc/pic32mx/3.4.4/../../../../pic32mx/lib/size\libmchp_peripheral_32MX795F512L.a(eth_tx_packet_lib.o)
                0x9d011c6c                EthTxSendBuffer
 .text._EthAppendBusyList
                0x9d011d30      0x178 C:/Program Files (x86)/Microchip/MPLAB C32 Suite/bin/../lib/gcc/pic32mx/3.4.4/../../../../pic32mx/lib/size\libmchp_peripheral_32MX795F512L.a(_eth_append_busy_list_lib.o)
                0x9d011d30                _EthAppendBusyList
 .text.EthMIIMReadStart
                0x9d011ea8       0x40 C:/Program Files (x86)/Microchip/MPLAB C32 Suite/bin/../lib/gcc/pic32mx/3.4.4/../../../../pic32mx/lib/size\libmchp_peripheral_32MX795F512L.a(eth_miim_access.o)
                0x9d011ea8                EthMIIMReadStart
 .text.EthMIIMReadResult
                0x9d011ee8       0x28 C:/Program Files (x86)/Microchip/MPLAB C32 Suite/bin/../lib/gcc/pic32mx/3.4.4/../../../../pic32mx/lib/size\libmchp_peripheral_32MX795F512L.a(eth_miim_access.o)
                0x9d011ee8                EthMIIMReadResult
 .text.EthMIIMWriteStart
                0x9d011f10       0x38 C:/Program Files (x86)/Microchip/MPLAB C32 Suite/bin/../lib/gcc/pic32mx/3.4.4/../../../../pic32mx/lib/size\libmchp_peripheral_32MX795F512L.a(eth_miim_access.o)
                0x9d011f10                EthMIIMWriteStart
 .text.EthMIIMScanStart
                0x9d011f48       0x34 C:/Program Files (x86)/Microchip/MPLAB C32 Suite/bin/../lib/gcc/pic32mx/3.4.4/../../../../pic32mx/lib/size\libmchp_peripheral_32MX795F512L.a(eth_miim_access.o)
                0x9d011f48                EthMIIMScanStart
 .text.EthMIIMScanResult
                0x9d011f7c       0x20 C:/Program Files (x86)/Microchip/MPLAB C32 Suite/bin/../lib/gcc/pic32mx/3.4.4/../../../../pic32mx/lib/size\libmchp_peripheral_32MX795F512L.a(eth_miim_access.o)
                0x9d011f7c                EthMIIMScanResult
 .text.EthMIIMConfig
                0x9d011f9c       0x68 C:/Program Files (x86)/Microchip/MPLAB C32 Suite/bin/../lib/gcc/pic32mx/3.4.4/../../../../pic32mx/lib/size\libmchp_peripheral_32MX795F512L.a(eth_miim_access.o)
                0x9d011f9c                EthMIIMConfig
 .text.SoftReset
                0x9d012004       0x78 C:/Program Files (x86)/Microchip/MPLAB C32 Suite/bin/../lib/gcc/pic32mx/3.4.4/../../../../pic32mx/lib/size\libmchp_peripheral_32MX795F512L.a(soft_reset_lib.o)
                0x9d012004                SoftReset
 .text.CheKseg0CacheOn
                0x9d01207c       0x18 C:/Program Files (x86)/Microchip/MPLAB C32 Suite/bin/../lib/gcc/pic32mx/3.4.4/../../../../pic32mx/lib/size\libmchp_peripheral_32MX795F512L.a(pcache.o)
                0x9d01207c                CheKseg0CacheOn
 .text.INTDisableInterrupts
                0x9d012094        0x8 C:/Program Files (x86)/Microchip/MPLAB C32 Suite/bin/../lib/gcc/pic32mx/3.4.4/../../../../pic32mx/lib/size\libmchp_peripheral_32MX795F512L.a(int_disable_interrupts_lib.o)
                0x9d012094                INTDisableInterrupts
 .text.INTRestoreInterrupts
                0x9d01209c       0x1c C:/Program Files (x86)/Microchip/MPLAB C32 Suite/bin/../lib/gcc/pic32mx/3.4.4/../../../../pic32mx/lib/size\libmchp_peripheral_32MX795F512L.a(int_restore_interrupts_lib.o)
                0x9d01209c                INTRestoreInterrupts
 .text.INTEnableSystemMultiVectoredInt
                0x9d0120b8       0x34 C:/Program Files (x86)/Microchip/MPLAB C32 Suite/bin/../lib/gcc/pic32mx/3.4.4/../../../../pic32mx/lib/size\libmchp_peripheral_32MX795F512L.a(int_enable_mv_int_lib.o)
                0x9d0120b8                INTEnableSystemMultiVectoredInt
 .text.INTClearFlag
                0x9d0120ec       0x28 C:/Program Files (x86)/Microchip/MPLAB C32 Suite/bin/../lib/gcc/pic32mx/3.4.4/../../../../pic32mx/lib/size\libmchp_peripheral_32MX795F512L.a(int_tbl_lib.o)
                0x9d0120ec                INTClearFlag
 .text.INTEnable
                0x9d012114       0x38 C:/Program Files (x86)/Microchip/MPLAB C32 Suite/bin/../lib/gcc/pic32mx/3.4.4/../../../../pic32mx/lib/size\libmchp_peripheral_32MX795F512L.a(int_tbl_lib.o)
                0x9d012114                INTEnable
 .text.PORTSetPinsDigitalIn
                0x9d01214c       0x3c C:/Program Files (x86)/Microchip/MPLAB C32 Suite/bin/../lib/gcc/pic32mx/3.4.4/../../../../pic32mx/lib/size\libmchp_peripheral_32MX795F512L.a(port_set_pins_digital_in_lib.o)
                0x9d01214c                PORTSetPinsDigitalIn
 .text.PORTSetPinsDigitalOut
                0x9d012188       0x3c C:/Program Files (x86)/Microchip/MPLAB C32 Suite/bin/../lib/gcc/pic32mx/3.4.4/../../../../pic32mx/lib/size\libmchp_peripheral_32MX795F512L.a(port_set_pins_digital_out_lib.o)
                0x9d012188                PORTSetPinsDigitalOut
 .text.INTEnableInterrupts
                0x9d0121c4        0x8 C:/Program Files (x86)/Microchip/MPLAB C32 Suite/bin/../lib/gcc/pic32mx/3.4.4/../../../../pic32mx/lib/size\libmchp_peripheral_32MX795F512L.a(int_enable_interrupts_lib.o)
                0x9d0121c4                INTEnableInterrupts
 *(.text.*personality*)
 *(.gnu.warning)
 *(.mips16.fn.*)
 *(.mips16.call.*)
                0x9d0121cc                _text_end = .

.rodata         0x9d0121cc      0x654
 *(.rodata .rodata.* .gnu.linkonce.r.*)
 .rodata        0x9d0121cc        0x8 Objects - TCPIP Demo App - C32 - PIC32_ENET_SK_DM320004_INTERNAL_ETHERNET\ETHPIC32IntMac.o
 .rodata        0x9d0121d4       0x88 Objects - TCPIP Demo App - C32 - PIC32_ENET_SK_DM320004_INTERNAL_ETHERNET\TCP.o
                0x9d0121d4                TCPSocketInitializer
 .rodata        0x9d01225c       0x44 Objects - TCPIP Demo App - C32 - PIC32_ENET_SK_DM320004_INTERNAL_ETHERNET\MainDemo.o
 .rodata._EthMIIClkDivTbl
                0x9d0122a0       0x10 C:/Program Files (x86)/Microchip/MPLAB C32 Suite/bin/../lib/gcc/pic32mx/3.4.4/../../../../pic32mx/lib/size\libmchp_peripheral_32MX795F512L.a(eth_miim_access.o)
 .rodata.__IntSrcTbl
                0x9d0122b0      0x51c C:/Program Files (x86)/Microchip/MPLAB C32 Suite/bin/../lib/gcc/pic32mx/3.4.4/../../../../pic32mx/lib/size\libmchp_peripheral_32MX795F512L.a(int_tbl_lib.o)
                0x9d0122b0                __IntSrcTbl
 .rodata.PortRegTbl
                0x9d0127cc       0x54 C:/Program Files (x86)/Microchip/MPLAB C32 Suite/bin/../lib/gcc/pic32mx/3.4.4/../../../../pic32mx/lib/size\libmchp_peripheral_32MX795F512L.a(_ports_tbl_libp.o)
                0x9d0127cc                PortRegTbl
 *(.rodata1)
                0x9d012820                . = ALIGN (0x4)

.sdata2         0x9d012820        0x0
 *(.sdata2 .sdata2.* .gnu.linkonce.s2.*)
                0x9d012820                . = ALIGN (0x4)

.sbss2          0x9d012820        0x0
 *(.sbss2 .sbss2.* .gnu.linkonce.sb2.*)
                0x9d012820                . = ALIGN (0x4)

.eh_frame_hdr
 *(.eh_frame_hdr)

.eh_frame       0x9d012820       0x20
 *(.eh_frame)
 .eh_frame      0x9d012820       0x20 C:/Program Files (x86)/Microchip/MPLAB C32 Suite/bin/../lib/gcc/pic32mx/3.4.4/size\libgcc.a(_udivdi3.o)
 .eh_frame      0x9d012840        0x0 C:/Program Files (x86)/Microchip/MPLAB C32 Suite/bin/../lib/gcc/pic32mx/3.4.4/size\libgcc.a(_umoddi3.o)
                                 0x30 (size before relaxing)

.dbg_data       0xa0000000        0x0
                0xa0000000                . = (. + DEFINED (_DEBUGGER)?0x200:0x0)

.persist        0xa0000000        0x0
                0xa0000000                _persist_begin = .
 *(.persist .persist.*)
                0xa0000000                _persist_end = .

.data           0xa0000000       0xc0 load address 0x9d012840
                0xa0000000                _data_begin = .
 *(.data .data.* .gnu.linkonce.d.*)
 .data._iob     0xa0000000       0xa0 C:/Program Files (x86)/Microchip/MPLAB C32 Suite/bin/../lib/gcc/pic32mx/3.4.4/../../../../pic32mx/lib/size\libc.a(_iob.o)
                0xa0000000                _iob
 .data._EthRxBusyList
                0xa00000a0        0x8 C:/Program Files (x86)/Microchip/MPLAB C32 Suite/bin/../lib/gcc/pic32mx/3.4.4/../../../../pic32mx/lib/size\libmchp_peripheral_32MX795F512L.a(eth_descriptors_add_lib.o)
                0xa00000a0                _EthRxBusyList
 .data._EthRxFreeList
                0xa00000a8        0x8 C:/Program Files (x86)/Microchip/MPLAB C32 Suite/bin/../lib/gcc/pic32mx/3.4.4/../../../../pic32mx/lib/size\libmchp_peripheral_32MX795F512L.a(eth_descriptors_add_lib.o)
                0xa00000a8                _EthRxFreeList
 .data._EthTxBusyList
                0xa00000b0        0x8 C:/Program Files (x86)/Microchip/MPLAB C32 Suite/bin/../lib/gcc/pic32mx/3.4.4/../../../../pic32mx/lib/size\libmchp_peripheral_32MX795F512L.a(eth_descriptors_add_lib.o)
                0xa00000b0                _EthTxBusyList
 .data._EthTxFreeList
                0xa00000b8        0x8 C:/Program Files (x86)/Microchip/MPLAB C32 Suite/bin/../lib/gcc/pic32mx/3.4.4/../../../../pic32mx/lib/size\libmchp_peripheral_32MX795F512L.a(eth_descriptors_add_lib.o)
                0xa00000b8                _EthTxFreeList
 *(.gnu.linkonce.d.*personality*)
 *(.data1)
                0x9d012840                _data_image_begin = LOADADDR (.data)

.eh_frame
 *(.eh_frame)
                0xa00000c0                . = .
                0xa00080b0                _gp = (ALIGN (0x10) + 0x7ff0)

.got
 *(.got.plt)
 *(.got)

.sdata          0xa00000c0       0x20 load address 0x9d012900
                0xa00000c0                _sdata_begin = .
 *(.sdata .sdata.* .gnu.linkonce.s.*)
 .sdata         0xa00000c0        0x2 Objects - TCPIP Demo App - C32 - PIC32_ENET_SK_DM320004_INTERNAL_ETHERNET\BerkeleyAPI.o
 *fill*         0xa00000c2        0x2 00
 .sdata         0xa00000c4        0x4 Objects - TCPIP Demo App - C32 - PIC32_ENET_SK_DM320004_INTERNAL_ETHERNET\Helpers.o
 .sdata         0xa00000c8        0x1 Objects - TCPIP Demo App - C32 - PIC32_ENET_SK_DM320004_INTERNAL_ETHERNET\Reboot.o
 .sdata         0xa00000c9        0x2 Objects - TCPIP Demo App - C32 - PIC32_ENET_SK_DM320004_INTERNAL_ETHERNET\TCP.o
 .sdata         0xa00000cb        0x2 Objects - TCPIP Demo App - C32 - PIC32_ENET_SK_DM320004_INTERNAL_ETHERNET\UDP.o
 *fill*         0xa00000cd        0x3 00
 .sdata         0xa00000d0        0x4 C:/Program Files (x86)/Microchip/MPLAB C32 Suite/bin/../lib/gcc/pic32mx/3.4.4/../../../../pic32mx/lib/size\libc.a(c32_uart.o)
                0xa00000d0                __C32_UART
 .sdata._maxbrk
                0xa00000d4        0x4 C:/Program Files (x86)/Microchip/MPLAB C32 Suite/bin/../lib/gcc/pic32mx/3.4.4/../../../../pic32mx/lib/size\libc.a(sbrk.o)
                0xa00000d4                _maxbrk
 .sdata._minbrk
                0xa00000d8        0x4 C:/Program Files (x86)/Microchip/MPLAB C32 Suite/bin/../lib/gcc/pic32mx/3.4.4/../../../../pic32mx/lib/size\libc.a(sbrk.o)
                0xa00000d8                _minbrk
 .sdata.curbrk  0xa00000dc        0x4 C:/Program Files (x86)/Microchip/MPLAB C32 Suite/bin/../lib/gcc/pic32mx/3.4.4/../../../../pic32mx/lib/size\libc.a(sbrk.o)
                0xa00000e0                _sdata_end = .

.lit8
 *(.lit8)

.lit4
 *(.lit4)
                0xa00000e0                . = ALIGN (0x4)
                0xa00000e0                _data_end = .
                0xa00000e0                _bss_begin = .

.sbss           0xa00000e0       0xa0 load address 0x9d012920
                0xa00000e0                _sbss_begin = .
 *(.dynsbss)
 *(.sbss .sbss.* .gnu.linkonce.sb.*)
 .sbss          0xa00000e0        0x4 Objects - TCPIP Demo App - C32 - PIC32_ENET_SK_DM320004_INTERNAL_ETHERNET\ARP.o
 .sbss          0xa00000e4        0x4 Objects - TCPIP Demo App - C32 - PIC32_ENET_SK_DM320004_INTERNAL_ETHERNET\BerkeleyAPI.o
 .sbss          0xa00000e8       0x40 Objects - TCPIP Demo App - C32 - PIC32_ENET_SK_DM320004_INTERNAL_ETHERNET\ETHPIC32IntMac.o
                0xa0000104                _stackMgrRxOkPkts
                0xa0000108                _stackMgrRxBadPkts
                0xa000010c                _stackMgrInGetHdr
                0xa0000110                _stackMgrRxDiscarded
                0xa0000114                _stackMgrTxNotReady
 .sbss          0xa0000128        0x4 Objects - TCPIP Demo App - C32 - PIC32_ENET_SK_DM320004_INTERNAL_ETHERNET\IP.o
 .sbss          0xa000012c        0x4 Objects - TCPIP Demo App - C32 - PIC32_ENET_SK_DM320004_INTERNAL_ETHERNET\StackTsk.o
 .sbss          0xa0000130        0x2 Objects - TCPIP Demo App - C32 - PIC32_ENET_SK_DM320004_INTERNAL_ETHERNET\TCP.o
 *fill*         0xa0000132        0x2 00
 .sbss          0xa0000134        0xc Objects - TCPIP Demo App - C32 - PIC32_ENET_SK_DM320004_INTERNAL_ETHERNET\Tick.o
 .sbss          0xa0000140        0xc Objects - TCPIP Demo App - C32 - PIC32_ENET_SK_DM320004_INTERNAL_ETHERNET\UDP.o
 .sbss          0xa000014c        0x8 Objects - TCPIP Demo App - C32 - PIC32_ENET_SK_DM320004_INTERNAL_ETHERNET\MainDemo.o
 .sbss._outdone
                0xa0000154        0x1 C:/Program Files (x86)/Microchip/MPLAB C32 Suite/bin/../lib/gcc/pic32mx/3.4.4/../../../../pic32mx/lib/size\libc.a(_iob.o)
                0xa0000154                _outdone
 *fill*         0xa0000155        0x3 00
 .sbss.allocp   0xa0000158        0x4 C:/Program Files (x86)/Microchip/MPLAB C32 Suite/bin/../lib/gcc/pic32mx/3.4.4/../../../../pic32mx/lib/size\libc.a(malloc.o)
 .sbss.alloct   0xa000015c        0x4 C:/Program Files (x86)/Microchip/MPLAB C32 Suite/bin/../lib/gcc/pic32mx/3.4.4/../../../../pic32mx/lib/size\libc.a(malloc.o)
 .sbss.allocx   0xa0000160        0x8 C:/Program Files (x86)/Microchip/MPLAB C32 Suite/bin/../lib/gcc/pic32mx/3.4.4/../../../../pic32mx/lib/size\libc.a(malloc.o)
 .sbss.errno    0xa0000168        0x4 C:/Program Files (x86)/Microchip/MPLAB C32 Suite/bin/../lib/gcc/pic32mx/3.4.4/../../../../pic32mx/lib/size\libc.a(errno.o)
                0xa0000168                errno
 *(.scommon)
 .scommon       0xa000016c        0x4 Objects - TCPIP Demo App - C32 - PIC32_ENET_SK_DM320004_INTERNAL_ETHERNET\ETHPIC32ExtPhy.o
                0xa000016c                _PhyAdd
 .scommon       0xa0000170        0x6 Objects - TCPIP Demo App - C32 - PIC32_ENET_SK_DM320004_INTERNAL_ETHERNET\UDP.o
                0xa0000170                activeUDPSocket
                0xa0000172                UDPTxCount
                0xa0000174                UDPRxCount
 *fill*         0xa0000176        0x2 00
 .scommon       0xa0000178        0x8 Objects - TCPIP Demo App - C32 - PIC32_ENET_SK_DM320004_INTERNAL_ETHERNET\MainDemo.o
                0xa0000178                AN0String
                0xa0000180                _sbss_end = .

.bss            0xa0000180     0x6fb0 load address 0x9d012920
 *(.dynbss)
 *(.bss .bss.* .gnu.linkonce.b.*)
 .bss           0xa0000180       0x18 Objects - TCPIP Demo App - C32 - PIC32_ENET_SK_DM320004_INTERNAL_ETHERNET\ARP.o
 .bss           0xa0000198       0x8c Objects - TCPIP Demo App - C32 - PIC32_ENET_SK_DM320004_INTERNAL_ETHERNET\BerkeleyAPI.o
 .bss           0xa0000224     0x3be4 Objects - TCPIP Demo App - C32 - PIC32_ENET_SK_DM320004_INTERNAL_ETHERNET\ETHPIC32IntMac.o
 .bss           0xa0003e08     0x31f4 Objects - TCPIP Demo App - C32 - PIC32_ENET_SK_DM320004_INTERNAL_ETHERNET\TCP.o
 .bss._sibuf    0xa0006ffc       0x20 C:/Program Files (x86)/Microchip/MPLAB C32 Suite/bin/../lib/gcc/pic32mx/3.4.4/../../../../pic32mx/lib/size\libc.a(_iob.o)
                0xa0006ffc                _sibuf
 .bss._sobuf    0xa000701c       0x20 C:/Program Files (x86)/Microchip/MPLAB C32 Suite/bin/../lib/gcc/pic32mx/3.4.4/../../../../pic32mx/lib/size\libc.a(_iob.o)
                0xa000701c                _sobuf
 .bss.allocs    0xa000703c       0x10 C:/Program Files (x86)/Microchip/MPLAB C32 Suite/bin/../lib/gcc/pic32mx/3.4.4/../../../../pic32mx/lib/size\libc.a(malloc.o)
 .bss.mem.0     0xa000704c       0x18 C:/Program Files (x86)/Microchip/MPLAB C32 Suite/bin/../lib/gcc/pic32mx/3.4.4/../../../../pic32mx/lib/size\libc.a(sbrk.o)
 *(COMMON)
 COMMON         0xa0007064        0xa Objects - TCPIP Demo App - C32 - PIC32_ENET_SK_DM320004_INTERNAL_ETHERNET\StackTsk.o
                0xa0007064                remoteNode
 *fill*         0xa000706e        0x2 00
 COMMON         0xa0007070       0x8c Objects - TCPIP Demo App - C32 - PIC32_ENET_SK_DM320004_INTERNAL_ETHERNET\UDP.o
                0xa0007070                UDPSocketInfo
 COMMON         0xa00070fc       0x33 Objects - TCPIP Demo App - C32 - PIC32_ENET_SK_DM320004_INTERNAL_ETHERNET\MainDemo.o
                0xa00070fc                AppConfig
                0xa0007130                . = ALIGN (0x4)
 *fill*         0xa000712f        0x1 00
                0xa0007130                . = ALIGN (0x4)
                0xa0007130                _end = .
                0xa0007130                _bss_end = .

.heap           0xa0007130     0x3e80 load address 0x9d012920
                0xa0007130                _heap = .
                0xa000afb0                . = (. + _min_heap_size)
 *fill*         0xa0007130     0x3e80 00
                0xa000afb0                . = ALIGN (0x8)

.stack          0xa000afb0      0x800 load address 0x9d012920
                0xa000afb0                _splim = .
                0xa000afb0                _SPLIM = .
                0xa000b7b0                . = (. + _min_stack_size)
 *fill*         0xa000afb0      0x800 00
                0xa000b7b0                . = ALIGN (0x8)

.ramfunc        0xa000b800        0x0 load address 0x9d012920
                0xa000b800                _ramfunc_begin = .
 *(.ramfunc .ramfunc.*)
                0xa000b800                . = ALIGN (0x4)
                0xa000b800                _ramfunc_end = .
                0x9d012920                _ramfunc_image_begin = LOADADDR (.ramfunc)
                0x00000000                _ramfunc_length = SIZEOF (.ramfunc)
                0x0000b800                _bmxdkpba_address = (_ramfunc_begin - 0xa0000000)
                0x00020000                _bmxdudba_address = 0x20000
                0x00020000                _bmxdupba_address = 0x20000
                0xa0020000                _stack = (_ramfunc_length > 0x0)?(_ramfunc_begin - 0x8):0xa0020000
                0x00000001                ASSERT (((_min_stack_size + _min_heap_size) <= (_stack - _heap)), Not enough space to allocate both stack and heap.  Reduce heap and/or stack size.)

/DISCARD/
 *(.pdr)
 *(.reginfo)
 *(.rel.dyn)
 *(.note.GNU-stack)

.stab
 *(.stab)

.stabstr
 *(.stabstr)

.stab.excl
 *(.stab.excl)

.stab.exclstr
 *(.stab.exclstr)

.stab.index
 *(.stab.index)

.stab.indexstr
 *(.stab.indexstr)

.mdebug.abi32   0x00000000        0x0
 .mdebug.abi32  0x00000000        0x0 Objects - TCPIP Demo App - C32 - PIC32_ENET_SK_DM320004_INTERNAL_ETHERNET\Announce.o
 .mdebug.abi32  0x00000000        0x0 Objects - TCPIP Demo App - C32 - PIC32_ENET_SK_DM320004_INTERNAL_ETHERNET\ARCFOUR.o
 .mdebug.abi32  0x00000000        0x0 Objects - TCPIP Demo App - C32 - PIC32_ENET_SK_DM320004_INTERNAL_ETHERNET\ARP.o
 .mdebug.abi32  0x00000000        0x0 Objects - TCPIP Demo App - C32 - PIC32_ENET_SK_DM320004_INTERNAL_ETHERNET\AutoIP.o
 .mdebug.abi32  0x00000000        0x0 Objects - TCPIP Demo App - C32 - PIC32_ENET_SK_DM320004_INTERNAL_ETHERNET\BerkeleyAPI.o
 .mdebug.abi32  0x00000000        0x0 Objects - TCPIP Demo App - C32 - PIC32_ENET_SK_DM320004_INTERNAL_ETHERNET\BigInt.o
 .mdebug.abi32  0x00000000        0x0 Objects - TCPIP Demo App - C32 - PIC32_ENET_SK_DM320004_INTERNAL_ETHERNET\Delay.o
 .mdebug.abi32  0x00000000        0x0 Objects - TCPIP Demo App - C32 - PIC32_ENET_SK_DM320004_INTERNAL_ETHERNET\DHCP.o
 .mdebug.abi32  0x00000000        0x0 Objects - TCPIP Demo App - C32 - PIC32_ENET_SK_DM320004_INTERNAL_ETHERNET\DHCPs.o
 .mdebug.abi32  0x00000000        0x0 Objects - TCPIP Demo App - C32 - PIC32_ENET_SK_DM320004_INTERNAL_ETHERNET\DNS.o
 .mdebug.abi32  0x00000000        0x0 Objects - TCPIP Demo App - C32 - PIC32_ENET_SK_DM320004_INTERNAL_ETHERNET\DNSs.o
 .mdebug.abi32  0x00000000        0x0 Objects - TCPIP Demo App - C32 - PIC32_ENET_SK_DM320004_INTERNAL_ETHERNET\DynDNS.o
 .mdebug.abi32  0x00000000        0x0 Objects - TCPIP Demo App - C32 - PIC32_ENET_SK_DM320004_INTERNAL_ETHERNET\ENC28J60.o
 .mdebug.abi32  0x00000000        0x0 Objects - TCPIP Demo App - C32 - PIC32_ENET_SK_DM320004_INTERNAL_ETHERNET\ENCX24J600.o
 .mdebug.abi32  0x00000000        0x0 Objects - TCPIP Demo App - C32 - PIC32_ENET_SK_DM320004_INTERNAL_ETHERNET\ETHPIC32ExtPhy.o
 .mdebug.abi32  0x00000000        0x0 Objects - TCPIP Demo App - C32 - PIC32_ENET_SK_DM320004_INTERNAL_ETHERNET\ETHPIC32ExtPhyDP83848.o
 .mdebug.abi32  0x00000000        0x0 Objects - TCPIP Demo App - C32 - PIC32_ENET_SK_DM320004_INTERNAL_ETHERNET\ETHPIC32IntMac.o
 .mdebug.abi32  0x00000000        0x0 Objects - TCPIP Demo App - C32 - PIC32_ENET_SK_DM320004_INTERNAL_ETHERNET\FileSystem.o
 .mdebug.abi32  0x00000000        0x0 Objects - TCPIP Demo App - C32 - PIC32_ENET_SK_DM320004_INTERNAL_ETHERNET\FTP.o
 .mdebug.abi32  0x00000000        0x0 Objects - TCPIP Demo App - C32 - PIC32_ENET_SK_DM320004_INTERNAL_ETHERNET\Hashes.o
 .mdebug.abi32  0x00000000        0x0 Objects - TCPIP Demo App - C32 - PIC32_ENET_SK_DM320004_INTERNAL_ETHERNET\Helpers.o
 .mdebug.abi32  0x00000000        0x0 Objects - TCPIP Demo App - C32 - PIC32_ENET_SK_DM320004_INTERNAL_ETHERNET\HTTP2.o
 .mdebug.abi32  0x00000000        0x0 Objects - TCPIP Demo App - C32 - PIC32_ENET_SK_DM320004_INTERNAL_ETHERNET\HTTP.o
 .mdebug.abi32  0x00000000        0x0 Objects - TCPIP Demo App - C32 - PIC32_ENET_SK_DM320004_INTERNAL_ETHERNET\ICMP.o
 .mdebug.abi32  0x00000000        0x0 Objects - TCPIP Demo App - C32 - PIC32_ENET_SK_DM320004_INTERNAL_ETHERNET\IP.o
 .mdebug.abi32  0x00000000        0x0 Objects - TCPIP Demo App - C32 - PIC32_ENET_SK_DM320004_INTERNAL_ETHERNET\LCDBlocking.o
 .mdebug.abi32  0x00000000        0x0 Objects - TCPIP Demo App - C32 - PIC32_ENET_SK_DM320004_INTERNAL_ETHERNET\MPFS2.o
 .mdebug.abi32  0x00000000        0x0 Objects - TCPIP Demo App - C32 - PIC32_ENET_SK_DM320004_INTERNAL_ETHERNET\MPFS.o
 .mdebug.abi32  0x00000000        0x0 Objects - TCPIP Demo App - C32 - PIC32_ENET_SK_DM320004_INTERNAL_ETHERNET\NBNS.o
 .mdebug.abi32  0x00000000        0x0 Objects - TCPIP Demo App - C32 - PIC32_ENET_SK_DM320004_INTERNAL_ETHERNET\Random.o
 .mdebug.abi32  0x00000000        0x0 Objects - TCPIP Demo App - C32 - PIC32_ENET_SK_DM320004_INTERNAL_ETHERNET\Reboot.o
 .mdebug.abi32  0x00000000        0x0 Objects - TCPIP Demo App - C32 - PIC32_ENET_SK_DM320004_INTERNAL_ETHERNET\RSA.o
 .mdebug.abi32  0x00000000        0x0 Objects - TCPIP Demo App - C32 - PIC32_ENET_SK_DM320004_INTERNAL_ETHERNET\SMTP.o
 .mdebug.abi32  0x00000000        0x0 Objects - TCPIP Demo App - C32 - PIC32_ENET_SK_DM320004_INTERNAL_ETHERNET\SNMP.o
 .mdebug.abi32  0x00000000        0x0 Objects - TCPIP Demo App - C32 - PIC32_ENET_SK_DM320004_INTERNAL_ETHERNET\SNMPv3.o
 .mdebug.abi32  0x00000000        0x0 Objects - TCPIP Demo App - C32 - PIC32_ENET_SK_DM320004_INTERNAL_ETHERNET\SNMPv3USM.o
 .mdebug.abi32  0x00000000        0x0 Objects - TCPIP Demo App - C32 - PIC32_ENET_SK_DM320004_INTERNAL_ETHERNET\SNTP.o
 .mdebug.abi32  0x00000000        0x0 Objects - TCPIP Demo App - C32 - PIC32_ENET_SK_DM320004_INTERNAL_ETHERNET\SPIEEPROM.o
 .mdebug.abi32  0x00000000        0x0 Objects - TCPIP Demo App - C32 - PIC32_ENET_SK_DM320004_INTERNAL_ETHERNET\SPIFlash.o
 .mdebug.abi32  0x00000000        0x0 Objects - TCPIP Demo App - C32 - PIC32_ENET_SK_DM320004_INTERNAL_ETHERNET\SPIRAM.o
 .mdebug.abi32  0x00000000        0x0 Objects - TCPIP Demo App - C32 - PIC32_ENET_SK_DM320004_INTERNAL_ETHERNET\SSL.o
 .mdebug.abi32  0x00000000        0x0 Objects - TCPIP Demo App - C32 - PIC32_ENET_SK_DM320004_INTERNAL_ETHERNET\StackTsk.o
 .mdebug.abi32  0x00000000        0x0 Objects - TCPIP Demo App - C32 - PIC32_ENET_SK_DM320004_INTERNAL_ETHERNET\TCP.o
 .mdebug.abi32  0x00000000        0x0 Objects - TCPIP Demo App - C32 - PIC32_ENET_SK_DM320004_INTERNAL_ETHERNET\TCPPerformanceTest.o
 .mdebug.abi32  0x00000000        0x0 Objects - TCPIP Demo App - C32 - PIC32_ENET_SK_DM320004_INTERNAL_ETHERNET\Telnet.o
 .mdebug.abi32  0x00000000        0x0 Objects - TCPIP Demo App - C32 - PIC32_ENET_SK_DM320004_INTERNAL_ETHERNET\TFTPc.o
 .mdebug.abi32  0x00000000        0x0 Objects - TCPIP Demo App - C32 - PIC32_ENET_SK_DM320004_INTERNAL_ETHERNET\Tick.o
 .mdebug.abi32  0x00000000        0x0 Objects - TCPIP Demo App - C32 - PIC32_ENET_SK_DM320004_INTERNAL_ETHERNET\UART2TCPBridge.o
 .mdebug.abi32  0x00000000        0x0 Objects - TCPIP Demo App - C32 - PIC32_ENET_SK_DM320004_INTERNAL_ETHERNET\UART.o
 .mdebug.abi32  0x00000000        0x0 Objects - TCPIP Demo App - C32 - PIC32_ENET_SK_DM320004_INTERNAL_ETHERNET\UDP.o
 .mdebug.abi32  0x00000000        0x0 Objects - TCPIP Demo App - C32 - PIC32_ENET_SK_DM320004_INTERNAL_ETHERNET\UDPPerformanceTest.o
 .mdebug.abi32  0x00000000        0x0 Objects - TCPIP Demo App - C32 - PIC32_ENET_SK_DM320004_INTERNAL_ETHERNET\ZeroconfHelper.o
 .mdebug.abi32  0x00000000        0x0 Objects - TCPIP Demo App - C32 - PIC32_ENET_SK_DM320004_INTERNAL_ETHERNET\ZeroconfLinkLocal.o
 .mdebug.abi32  0x00000000        0x0 Objects - TCPIP Demo App - C32 - PIC32_ENET_SK_DM320004_INTERNAL_ETHERNET\ZeroconfMulticastDNS.o
 .mdebug.abi32  0x00000000        0x0 Objects - TCPIP Demo App - C32 - PIC32_ENET_SK_DM320004_INTERNAL_ETHERNET\MainDemo.o
 .mdebug.abi32  0x00000000        0x0 Objects - TCPIP Demo App - C32 - PIC32_ENET_SK_DM320004_INTERNAL_ETHERNET\SmartWall.o
 .mdebug.abi32  0x00000000        0x0 Objects - TCPIP Demo App - C32 - PIC32_ENET_SK_DM320004_INTERNAL_ETHERNET\comTools.o
 .mdebug.abi32  0x00000000        0x0 C:/Program Files (x86)/Microchip/MPLAB C32 Suite/bin/../lib/gcc/pic32mx/3.4.4/size\libgcc.a(_udivdi3.o)
 .mdebug.abi32  0x00000000        0x0 C:/Program Files (x86)/Microchip/MPLAB C32 Suite/bin/../lib/gcc/pic32mx/3.4.4/../../../../pic32mx/lib/size\libdebug.a(db_utils.o)
 .mdebug.abi32  0x00000000        0x0 C:/Program Files (x86)/Microchip/MPLAB C32 Suite/bin/../lib/gcc/pic32mx/3.4.4/../../../../pic32mx/lib/size\libc.a(_iob.o)
 .mdebug.abi32  0x00000000        0x0 C:/Program Files (x86)/Microchip/MPLAB C32 Suite/bin/../lib/gcc/pic32mx/3.4.4/../../../../pic32mx/lib/size\libc.a(fwrite.o)
 .mdebug.abi32  0x00000000        0x0 C:/Program Files (x86)/Microchip/MPLAB C32 Suite/bin/../lib/gcc/pic32mx/3.4.4/../../../../pic32mx/lib/size\libc.a(c32_uart.o)
 .mdebug.abi32  0x00000000        0x0 C:/Program Files (x86)/Microchip/MPLAB C32 Suite/bin/../lib/gcc/pic32mx/3.4.4/../../../../pic32mx/lib/size\libc.a(calloc.o)
 .mdebug.abi32  0x00000000        0x0 C:/Program Files (x86)/Microchip/MPLAB C32 Suite/bin/../lib/gcc/pic32mx/3.4.4/../../../../pic32mx/lib/size\libc.a(ctype.o)
 .mdebug.abi32  0x00000000        0x0 C:/Program Files (x86)/Microchip/MPLAB C32 Suite/bin/../lib/gcc/pic32mx/3.4.4/../../../../pic32mx/lib/size\libc.a(ctypef.o)
 .mdebug.abi32  0x00000000        0x0 C:/Program Files (x86)/Microchip/MPLAB C32 Suite/bin/../lib/gcc/pic32mx/3.4.4/../../../../pic32mx/lib/size\libc.a(malloc.o)
 .mdebug.abi32  0x00000000        0x0 C:/Program Files (x86)/Microchip/MPLAB C32 Suite/bin/../lib/gcc/pic32mx/3.4.4/../../../../pic32mx/lib/size\libc.a(puts.o)
 .mdebug.abi32  0x00000000        0x0 C:/Program Files (x86)/Microchip/MPLAB C32 Suite/bin/../lib/gcc/pic32mx/3.4.4/../../../../pic32mx/lib/size\libc.a(strncmp.o)
 .mdebug.abi32  0x00000000        0x0 C:/Program Files (x86)/Microchip/MPLAB C32 Suite/bin/../lib/gcc/pic32mx/3.4.4/../../../../pic32mx/lib/size\libc.a(strncpy.o)
 .mdebug.abi32  0x00000000        0x0 C:/Program Files (x86)/Microchip/MPLAB C32 Suite/bin/../lib/gcc/pic32mx/3.4.4/../../../../pic32mx/lib/size\libc.a(fprintf_cdnopsuxX.eo)
 .mdebug.abi32  0x00000000        0x0 C:/Program Files (x86)/Microchip/MPLAB C32 Suite/bin/../lib/gcc/pic32mx/3.4.4/../../../../pic32mx/lib/size\libc.a(sbrk.o)
 .mdebug.abi32  0x00000000        0x0 C:/Program Files (x86)/Microchip/MPLAB C32 Suite/bin/../lib/gcc/pic32mx/3.4.4/../../../../pic32mx/lib/size\libc.a(default-bootstrap-exception-handler.o)
 .mdebug.abi32  0x00000000        0x0 C:/Program Files (x86)/Microchip/MPLAB C32 Suite/bin/../lib/gcc/pic32mx/3.4.4/../../../../pic32mx/lib/size\libc.a(default-on-reset.o)
 .mdebug.abi32  0x00000000        0x0 C:/Program Files (x86)/Microchip/MPLAB C32 Suite/bin/../lib/gcc/pic32mx/3.4.4/../../../../pic32mx/lib/size\libc.a(default-on-bootstrap.o)
 .mdebug.abi32  0x00000000        0x0 C:/Program Files (x86)/Microchip/MPLAB C32 Suite/bin/../lib/gcc/pic32mx/3.4.4/../../../../pic32mx/lib/size\libc.a(fflush.o)
 .mdebug.abi32  0x00000000        0x0 C:/Program Files (x86)/Microchip/MPLAB C32 Suite/bin/../lib/gcc/pic32mx/3.4.4/../../../../pic32mx/lib/size\libc.a(_fputc_simple.o)
 .mdebug.abi32  0x00000000        0x0 C:/Program Files (x86)/Microchip/MPLAB C32 Suite/bin/../lib/gcc/pic32mx/3.4.4/../../../../pic32mx/lib/size\libc.a(fseek.o)
 .mdebug.abi32  0x00000000        0x0 C:/Program Files (x86)/Microchip/MPLAB C32 Suite/bin/../lib/gcc/pic32mx/3.4.4/../../../../pic32mx/lib/size\libc.a(errno.o)
 .mdebug.abi32  0x00000000        0x0 C:/Program Files (x86)/Microchip/MPLAB C32 Suite/bin/../lib/gcc/pic32mx/3.4.4/../../../../pic32mx/lib/size\libc.a(doprnt_cdnopsuxX.eo)
 .mdebug.abi32  0x00000000        0x0 C:/Program Files (x86)/Microchip/MPLAB C32 Suite/bin/../lib/gcc/pic32mx/3.4.4/../../../../pic32mx/lib/size\libc.a(write.o)
 .mdebug.abi32  0x00000000        0x0 C:/Program Files (x86)/Microchip/MPLAB C32 Suite/bin/../lib/gcc/pic32mx/3.4.4/../../../../pic32mx/lib/size\libc.a(lseek.o)
 .mdebug.abi32  0x00000000        0x0 C:/Program Files (x86)/Microchip/MPLAB C32 Suite/bin/../lib/gcc/pic32mx/3.4.4/../../../../pic32mx/lib/size\libc.a(_flsbuf_simple.o)
 .mdebug.abi32  0x00000000        0x0 C:/Program Files (x86)/Microchip/MPLAB C32 Suite/bin/../lib/gcc/pic32mx/3.4.4/../../../../pic32mx/lib/size\libmchp_peripheral.a(read_core_timer_lib.o)
 .mdebug.abi32  0x00000000        0x0 C:/Program Files (x86)/Microchip/MPLAB C32 Suite/bin/../lib/gcc/pic32mx/3.4.4/../../../../pic32mx/lib/size\libmchp_peripheral_32MX795F512L.a(eth_ack_packet_lib.o)
 .mdebug.abi32  0x00000000        0x0 C:/Program Files (x86)/Microchip/MPLAB C32 Suite/bin/../lib/gcc/pic32mx/3.4.4/../../../../pic32mx/lib/size\libmchp_peripheral_32MX795F512L.a(eth_descriptors_add_lib.o)
 .mdebug.abi32  0x00000000        0x0 C:/Program Files (x86)/Microchip/MPLAB C32 Suite/bin/../lib/gcc/pic32mx/3.4.4/../../../../pic32mx/lib/size\libmchp_peripheral_32MX795F512L.a(eth_init_lib.o)
 .mdebug.abi32  0x00000000        0x0 C:/Program Files (x86)/Microchip/MPLAB C32 Suite/bin/../lib/gcc/pic32mx/3.4.4/../../../../pic32mx/lib/size\libmchp_peripheral_32MX795F512L.a(eth_mac_open_lib.o)
 .mdebug.abi32  0x00000000        0x0 C:/Program Files (x86)/Microchip/MPLAB C32 Suite/bin/../lib/gcc/pic32mx/3.4.4/../../../../pic32mx/lib/size\libmchp_peripheral_32MX795F512L.a(eth_mac_set_address_max_lib.o)
 .mdebug.abi32  0x00000000        0x0 C:/Program Files (x86)/Microchip/MPLAB C32 Suite/bin/../lib/gcc/pic32mx/3.4.4/../../../../pic32mx/lib/size\libmchp_peripheral_32MX795F512L.a(eth_rx_buffers_append_lib.o)
 .mdebug.abi32  0x00000000        0x0 C:/Program Files (x86)/Microchip/MPLAB C32 Suite/bin/../lib/gcc/pic32mx/3.4.4/../../../../pic32mx/lib/size\libmchp_peripheral_32MX795F512L.a(eth_rx_filters_lib.o)
 .mdebug.abi32  0x00000000        0x0 C:/Program Files (x86)/Microchip/MPLAB C32 Suite/bin/../lib/gcc/pic32mx/3.4.4/../../../../pic32mx/lib/size\libmchp_peripheral_32MX795F512L.a(eth_rx_get_packet_lib.o)
 .mdebug.abi32  0x00000000        0x0 C:/Program Files (x86)/Microchip/MPLAB C32 Suite/bin/../lib/gcc/pic32mx/3.4.4/../../../../pic32mx/lib/size\libmchp_peripheral_32MX795F512L.a(eth_rx_set_buffer_size_lib.o)
 .mdebug.abi32  0x00000000        0x0 C:/Program Files (x86)/Microchip/MPLAB C32 Suite/bin/../lib/gcc/pic32mx/3.4.4/../../../../pic32mx/lib/size\libmchp_peripheral_32MX795F512L.a(eth_tx_packet_lib.o)
 .mdebug.abi32  0x00000000        0x0 C:/Program Files (x86)/Microchip/MPLAB C32 Suite/bin/../lib/gcc/pic32mx/3.4.4/../../../../pic32mx/lib/size\libmchp_peripheral_32MX795F512L.a(_eth_append_busy_list_lib.o)
 .mdebug.abi32  0x00000000        0x0 C:/Program Files (x86)/Microchip/MPLAB C32 Suite/bin/../lib/gcc/pic32mx/3.4.4/../../../../pic32mx/lib/size\libmchp_peripheral_32MX795F512L.a(eth_miim_access.o)
 .mdebug.abi32  0x00000000        0x0 C:/Program Files (x86)/Microchip/MPLAB C32 Suite/bin/../lib/gcc/pic32mx/3.4.4/../../../../pic32mx/lib/size\libmchp_peripheral_32MX795F512L.a(soft_reset_lib.o)
 .mdebug.abi32  0x00000000        0x0 C:/Program Files (x86)/Microchip/MPLAB C32 Suite/bin/../lib/gcc/pic32mx/3.4.4/../../../../pic32mx/lib/size\libmchp_peripheral_32MX795F512L.a(pcache.o)
 .mdebug.abi32  0x00000000        0x0 C:/Program Files (x86)/Microchip/MPLAB C32 Suite/bin/../lib/gcc/pic32mx/3.4.4/../../../../pic32mx/lib/size\libmchp_peripheral_32MX795F512L.a(int_disable_interrupts_lib.o)
 .mdebug.abi32  0x00000000        0x0 C:/Program Files (x86)/Microchip/MPLAB C32 Suite/bin/../lib/gcc/pic32mx/3.4.4/../../../../pic32mx/lib/size\libmchp_peripheral_32MX795F512L.a(int_restore_interrupts_lib.o)
 .mdebug.abi32  0x00000000        0x0 C:/Program Files (x86)/Microchip/MPLAB C32 Suite/bin/../lib/gcc/pic32mx/3.4.4/../../../../pic32mx/lib/size\libmchp_peripheral_32MX795F512L.a(int_enable_mv_int_lib.o)
 .mdebug.abi32  0x00000000        0x0 C:/Program Files (x86)/Microchip/MPLAB C32 Suite/bin/../lib/gcc/pic32mx/3.4.4/../../../../pic32mx/lib/size\libmchp_peripheral_32MX795F512L.a(int_tbl_lib.o)
 .mdebug.abi32  0x00000000        0x0 C:/Program Files (x86)/Microchip/MPLAB C32 Suite/bin/../lib/gcc/pic32mx/3.4.4/../../../../pic32mx/lib/size\libmchp_peripheral_32MX795F512L.a(port_set_pins_digital_in_lib.o)
 .mdebug.abi32  0x00000000        0x0 C:/Program Files (x86)/Microchip/MPLAB C32 Suite/bin/../lib/gcc/pic32mx/3.4.4/../../../../pic32mx/lib/size\libmchp_peripheral_32MX795F512L.a(port_set_pins_digital_out_lib.o)
 .mdebug.abi32  0x00000000        0x0 C:/Program Files (x86)/Microchip/MPLAB C32 Suite/bin/../lib/gcc/pic32mx/3.4.4/../../../../pic32mx/lib/size\libmchp_peripheral_32MX795F512L.a(_ports_tbl_libp.o)
 .mdebug.abi32  0x00000000        0x0 C:/Program Files (x86)/Microchip/MPLAB C32 Suite/bin/../lib/gcc/pic32mx/3.4.4/../../../../pic32mx/lib/size\libmchp_peripheral_32MX795F512L.a(int_enable_interrupts_lib.o)
 .mdebug.abi32  0x00000000        0x0 C:/Program Files (x86)/Microchip/MPLAB C32 Suite/bin/../lib/gcc/pic32mx/3.4.4/size\libgcc.a(_umoddi3.o)

.comment        0x00000000     0x21cc
 *(.comment)
 .comment       0x00000000       0x4d Objects - TCPIP Demo App - C32 - PIC32_ENET_SK_DM320004_INTERNAL_ETHERNET\Announce.o
 .comment       0x0000004d       0x4d Objects - TCPIP Demo App - C32 - PIC32_ENET_SK_DM320004_INTERNAL_ETHERNET\ARCFOUR.o
 .comment       0x0000009a       0x4d Objects - TCPIP Demo App - C32 - PIC32_ENET_SK_DM320004_INTERNAL_ETHERNET\ARP.o
 .comment       0x000000e7       0x4d Objects - TCPIP Demo App - C32 - PIC32_ENET_SK_DM320004_INTERNAL_ETHERNET\AutoIP.o
 .comment       0x00000134       0x4d Objects - TCPIP Demo App - C32 - PIC32_ENET_SK_DM320004_INTERNAL_ETHERNET\BerkeleyAPI.o
 .comment       0x00000181       0x4d Objects - TCPIP Demo App - C32 - PIC32_ENET_SK_DM320004_INTERNAL_ETHERNET\BigInt.o
 .comment       0x000001ce       0x4d Objects - TCPIP Demo App - C32 - PIC32_ENET_SK_DM320004_INTERNAL_ETHERNET\Delay.o
 .comment       0x0000021b       0x4d Objects - TCPIP Demo App - C32 - PIC32_ENET_SK_DM320004_INTERNAL_ETHERNET\DHCP.o
 .comment       0x00000268       0x4d Objects - TCPIP Demo App - C32 - PIC32_ENET_SK_DM320004_INTERNAL_ETHERNET\DHCPs.o
 .comment       0x000002b5       0x4d Objects - TCPIP Demo App - C32 - PIC32_ENET_SK_DM320004_INTERNAL_ETHERNET\DNS.o
 .comment       0x00000302       0x4d Objects - TCPIP Demo App - C32 - PIC32_ENET_SK_DM320004_INTERNAL_ETHERNET\DNSs.o
 .comment       0x0000034f       0x4d Objects - TCPIP Demo App - C32 - PIC32_ENET_SK_DM320004_INTERNAL_ETHERNET\DynDNS.o
 .comment       0x0000039c       0x4d Objects - TCPIP Demo App - C32 - PIC32_ENET_SK_DM320004_INTERNAL_ETHERNET\ENC28J60.o
 .comment       0x000003e9       0x4d Objects - TCPIP Demo App - C32 - PIC32_ENET_SK_DM320004_INTERNAL_ETHERNET\ENCX24J600.o
 .comment       0x00000436       0x4d Objects - TCPIP Demo App - C32 - PIC32_ENET_SK_DM320004_INTERNAL_ETHERNET\ETHPIC32ExtPhy.o
 .comment       0x00000483       0x4d Objects - TCPIP Demo App - C32 - PIC32_ENET_SK_DM320004_INTERNAL_ETHERNET\ETHPIC32ExtPhyDP83848.o
 .comment       0x000004d0       0x4d Objects - TCPIP Demo App - C32 - PIC32_ENET_SK_DM320004_INTERNAL_ETHERNET\ETHPIC32IntMac.o
 .comment       0x0000051d       0x4d Objects - TCPIP Demo App - C32 - PIC32_ENET_SK_DM320004_INTERNAL_ETHERNET\FileSystem.o
 .comment       0x0000056a       0x4d Objects - TCPIP Demo App - C32 - PIC32_ENET_SK_DM320004_INTERNAL_ETHERNET\FTP.o
 .comment       0x000005b7       0x4d Objects - TCPIP Demo App - C32 - PIC32_ENET_SK_DM320004_INTERNAL_ETHERNET\Hashes.o
 .comment       0x00000604       0x4d Objects - TCPIP Demo App - C32 - PIC32_ENET_SK_DM320004_INTERNAL_ETHERNET\Helpers.o
 .comment       0x00000651       0x4d Objects - TCPIP Demo App - C32 - PIC32_ENET_SK_DM320004_INTERNAL_ETHERNET\HTTP2.o
 .comment       0x0000069e       0x4d Objects - TCPIP Demo App - C32 - PIC32_ENET_SK_DM320004_INTERNAL_ETHERNET\HTTP.o
 .comment       0x000006eb       0x4d Objects - TCPIP Demo App - C32 - PIC32_ENET_SK_DM320004_INTERNAL_ETHERNET\ICMP.o
 .comment       0x00000738       0x4d Objects - TCPIP Demo App - C32 - PIC32_ENET_SK_DM320004_INTERNAL_ETHERNET\IP.o
 .comment       0x00000785       0x4d Objects - TCPIP Demo App - C32 - PIC32_ENET_SK_DM320004_INTERNAL_ETHERNET\LCDBlocking.o
 .comment       0x000007d2       0x4d Objects - TCPIP Demo App - C32 - PIC32_ENET_SK_DM320004_INTERNAL_ETHERNET\MPFS2.o
 .comment       0x0000081f       0x4d Objects - TCPIP Demo App - C32 - PIC32_ENET_SK_DM320004_INTERNAL_ETHERNET\MPFS.o
 .comment       0x0000086c       0x4d Objects - TCPIP Demo App - C32 - PIC32_ENET_SK_DM320004_INTERNAL_ETHERNET\NBNS.o
 .comment       0x000008b9       0x4d Objects - TCPIP Demo App - C32 - PIC32_ENET_SK_DM320004_INTERNAL_ETHERNET\Random.o
 .comment       0x00000906       0x4d Objects - TCPIP Demo App - C32 - PIC32_ENET_SK_DM320004_INTERNAL_ETHERNET\Reboot.o
 .comment       0x00000953       0x4d Objects - TCPIP Demo App - C32 - PIC32_ENET_SK_DM320004_INTERNAL_ETHERNET\RSA.o
 .comment       0x000009a0       0x4d Objects - TCPIP Demo App - C32 - PIC32_ENET_SK_DM320004_INTERNAL_ETHERNET\SMTP.o
 .comment       0x000009ed       0x4d Objects - TCPIP Demo App - C32 - PIC32_ENET_SK_DM320004_INTERNAL_ETHERNET\SNMP.o
 .comment       0x00000a3a       0x4d Objects - TCPIP Demo App - C32 - PIC32_ENET_SK_DM320004_INTERNAL_ETHERNET\SNMPv3.o
 .comment       0x00000a87       0x4d Objects - TCPIP Demo App - C32 - PIC32_ENET_SK_DM320004_INTERNAL_ETHERNET\SNMPv3USM.o
 .comment       0x00000ad4       0x4d Objects - TCPIP Demo App - C32 - PIC32_ENET_SK_DM320004_INTERNAL_ETHERNET\SNTP.o
 .comment       0x00000b21       0x4d Objects - TCPIP Demo App - C32 - PIC32_ENET_SK_DM320004_INTERNAL_ETHERNET\SPIEEPROM.o
 .comment       0x00000b6e       0x4d Objects - TCPIP Demo App - C32 - PIC32_ENET_SK_DM320004_INTERNAL_ETHERNET\SPIFlash.o
 .comment       0x00000bbb       0x4d Objects - TCPIP Demo App - C32 - PIC32_ENET_SK_DM320004_INTERNAL_ETHERNET\SPIRAM.o
 .comment       0x00000c08       0x4d Objects - TCPIP Demo App - C32 - PIC32_ENET_SK_DM320004_INTERNAL_ETHERNET\SSL.o
 .comment       0x00000c55       0x4d Objects - TCPIP Demo App - C32 - PIC32_ENET_SK_DM320004_INTERNAL_ETHERNET\StackTsk.o
 .comment       0x00000ca2       0x4d Objects - TCPIP Demo App - C32 - PIC32_ENET_SK_DM320004_INTERNAL_ETHERNET\TCP.o
 .comment       0x00000cef       0x4d Objects - TCPIP Demo App - C32 - PIC32_ENET_SK_DM320004_INTERNAL_ETHERNET\TCPPerformanceTest.o
 .comment       0x00000d3c       0x4d Objects - TCPIP Demo App - C32 - PIC32_ENET_SK_DM320004_INTERNAL_ETHERNET\Telnet.o
 .comment       0x00000d89       0x4d Objects - TCPIP Demo App - C32 - PIC32_ENET_SK_DM320004_INTERNAL_ETHERNET\TFTPc.o
 .comment       0x00000dd6       0x4d Objects - TCPIP Demo App - C32 - PIC32_ENET_SK_DM320004_INTERNAL_ETHERNET\Tick.o
 .comment       0x00000e23       0x4d Objects - TCPIP Demo App - C32 - PIC32_ENET_SK_DM320004_INTERNAL_ETHERNET\UART2TCPBridge.o
 .comment       0x00000e70       0x4d Objects - TCPIP Demo App - C32 - PIC32_ENET_SK_DM320004_INTERNAL_ETHERNET\UART.o
 .comment       0x00000ebd       0x4d Objects - TCPIP Demo App - C32 - PIC32_ENET_SK_DM320004_INTERNAL_ETHERNET\UDP.o
 .comment       0x00000f0a       0x4d Objects - TCPIP Demo App - C32 - PIC32_ENET_SK_DM320004_INTERNAL_ETHERNET\UDPPerformanceTest.o
 .comment       0x00000f57       0x4d Objects - TCPIP Demo App - C32 - PIC32_ENET_SK_DM320004_INTERNAL_ETHERNET\ZeroconfHelper.o
 .comment       0x00000fa4       0x4d Objects - TCPIP Demo App - C32 - PIC32_ENET_SK_DM320004_INTERNAL_ETHERNET\ZeroconfLinkLocal.o
 .comment       0x00000ff1       0x4d Objects - TCPIP Demo App - C32 - PIC32_ENET_SK_DM320004_INTERNAL_ETHERNET\ZeroconfMulticastDNS.o
 .comment       0x0000103e       0x4d Objects - TCPIP Demo App - C32 - PIC32_ENET_SK_DM320004_INTERNAL_ETHERNET\MainDemo.o
 .comment       0x0000108b       0x4d Objects - TCPIP Demo App - C32 - PIC32_ENET_SK_DM320004_INTERNAL_ETHERNET\SmartWall.o
 .comment       0x000010d8       0x4d Objects - TCPIP Demo App - C32 - PIC32_ENET_SK_DM320004_INTERNAL_ETHERNET\comTools.o
 .comment       0x00001125       0x4d C:/Program Files (x86)/Microchip/MPLAB C32 Suite/bin/../lib/gcc/pic32mx/3.4.4/size\libgcc.a(_udivdi3.o)
 .comment       0x00001172       0x4d C:/Program Files (x86)/Microchip/MPLAB C32 Suite/bin/../lib/gcc/pic32mx/3.4.4/../../../../pic32mx/lib/size\libdebug.a(db_utils.o)
 .comment       0x000011bf       0x56 C:/Program Files (x86)/Microchip/MPLAB C32 Suite/bin/../lib/gcc/pic32mx/3.4.4/../../../../pic32mx/lib/size\libc.a(memcmp.o)
 .comment       0x00001215       0x56 C:/Program Files (x86)/Microchip/MPLAB C32 Suite/bin/../lib/gcc/pic32mx/3.4.4/../../../../pic32mx/lib/size\libc.a(memset.o)
 .comment       0x0000126b       0x56 C:/Program Files (x86)/Microchip/MPLAB C32 Suite/bin/../lib/gcc/pic32mx/3.4.4/../../../../pic32mx/lib/size\libc.a(strlen.o)
 .comment       0x000012c1       0x4d C:/Program Files (x86)/Microchip/MPLAB C32 Suite/bin/../lib/gcc/pic32mx/3.4.4/../../../../pic32mx/lib/size\libc.a(_iob.o)
 .comment       0x0000130e       0x4d C:/Program Files (x86)/Microchip/MPLAB C32 Suite/bin/../lib/gcc/pic32mx/3.4.4/../../../../pic32mx/lib/size\libc.a(fwrite.o)
 .comment       0x0000135b       0x4d C:/Program Files (x86)/Microchip/MPLAB C32 Suite/bin/../lib/gcc/pic32mx/3.4.4/../../../../pic32mx/lib/size\libc.a(c32_uart.o)
 .comment       0x000013a8       0x4d C:/Program Files (x86)/Microchip/MPLAB C32 Suite/bin/../lib/gcc/pic32mx/3.4.4/../../../../pic32mx/lib/size\libc.a(calloc.o)
 .comment       0x000013f5       0x9b C:/Program Files (x86)/Microchip/MPLAB C32 Suite/bin/../lib/gcc/pic32mx/3.4.4/../../../../pic32mx/lib/size\libc.a(ctype.o)
 .comment       0x00001490       0x9c C:/Program Files (x86)/Microchip/MPLAB C32 Suite/bin/../lib/gcc/pic32mx/3.4.4/../../../../pic32mx/lib/size\libc.a(ctypef.o)
 .comment       0x0000152c       0x4d C:/Program Files (x86)/Microchip/MPLAB C32 Suite/bin/../lib/gcc/pic32mx/3.4.4/../../../../pic32mx/lib/size\libc.a(malloc.o)
 .comment       0x00001579       0x4d C:/Program Files (x86)/Microchip/MPLAB C32 Suite/bin/../lib/gcc/pic32mx/3.4.4/../../../../pic32mx/lib/size\libc.a(puts.o)
 .comment       0x000015c6       0x4d C:/Program Files (x86)/Microchip/MPLAB C32 Suite/bin/../lib/gcc/pic32mx/3.4.4/../../../../pic32mx/lib/size\libc.a(strncmp.o)
 .comment       0x00001613       0x4d C:/Program Files (x86)/Microchip/MPLAB C32 Suite/bin/../lib/gcc/pic32mx/3.4.4/../../../../pic32mx/lib/size\libc.a(strncpy.o)
 .comment       0x00001660       0x4d C:/Program Files (x86)/Microchip/MPLAB C32 Suite/bin/../lib/gcc/pic32mx/3.4.4/../../../../pic32mx/lib/size\libc.a(fprintf_cdnopsuxX.eo)
 .comment       0x000016ad       0x98 C:/Program Files (x86)/Microchip/MPLAB C32 Suite/bin/../lib/gcc/pic32mx/3.4.4/../../../../pic32mx/lib/size\libc.a(sbrk.o)
 .comment       0x00001745       0x4d C:/Program Files (x86)/Microchip/MPLAB C32 Suite/bin/../lib/gcc/pic32mx/3.4.4/../../../../pic32mx/lib/size\libc.a(default-bootstrap-exception-handler.o)
 .comment       0x00001792       0x4d C:/Program Files (x86)/Microchip/MPLAB C32 Suite/bin/../lib/gcc/pic32mx/3.4.4/../../../../pic32mx/lib/size\libc.a(default-on-reset.o)
 .comment       0x000017df       0x4d C:/Program Files (x86)/Microchip/MPLAB C32 Suite/bin/../lib/gcc/pic32mx/3.4.4/../../../../pic32mx/lib/size\libc.a(default-on-bootstrap.o)
 .comment       0x0000182c       0x4d C:/Program Files (x86)/Microchip/MPLAB C32 Suite/bin/../lib/gcc/pic32mx/3.4.4/../../../../pic32mx/lib/size\libc.a(fflush.o)
 .comment       0x00001879       0x4d C:/Program Files (x86)/Microchip/MPLAB C32 Suite/bin/../lib/gcc/pic32mx/3.4.4/../../../../pic32mx/lib/size\libc.a(_fputc_simple.o)
 .comment       0x000018c6       0x4d C:/Program Files (x86)/Microchip/MPLAB C32 Suite/bin/../lib/gcc/pic32mx/3.4.4/../../../../pic32mx/lib/size\libc.a(fseek.o)
 .comment       0x00001913       0x4d C:/Program Files (x86)/Microchip/MPLAB C32 Suite/bin/../lib/gcc/pic32mx/3.4.4/../../../../pic32mx/lib/size\libc.a(errno.o)
 .comment       0x00001960       0x4d C:/Program Files (x86)/Microchip/MPLAB C32 Suite/bin/../lib/gcc/pic32mx/3.4.4/../../../../pic32mx/lib/size\libc.a(doprnt_cdnopsuxX.eo)
 .comment       0x000019ad       0x4d C:/Program Files (x86)/Microchip/MPLAB C32 Suite/bin/../lib/gcc/pic32mx/3.4.4/../../../../pic32mx/lib/size\libc.a(write.o)
 .comment       0x000019fa       0x4d C:/Program Files (x86)/Microchip/MPLAB C32 Suite/bin/../lib/gcc/pic32mx/3.4.4/../../../../pic32mx/lib/size\libc.a(lseek.o)
 .comment       0x00001a47       0x4d C:/Program Files (x86)/Microchip/MPLAB C32 Suite/bin/../lib/gcc/pic32mx/3.4.4/../../../../pic32mx/lib/size\libc.a(_flsbuf_simple.o)
 .comment       0x00001a94       0x4d C:/Program Files (x86)/Microchip/MPLAB C32 Suite/bin/../lib/gcc/pic32mx/3.4.4/../../../../pic32mx/lib/size\libmchp_peripheral.a(read_core_timer_lib.o)
 .comment       0x00001ae1       0x4d C:/Program Files (x86)/Microchip/MPLAB C32 Suite/bin/../lib/gcc/pic32mx/3.4.4/../../../../pic32mx/lib/size\libmchp_peripheral_32MX795F512L.a(eth_ack_packet_lib.o)
 .comment       0x00001b2e       0x4d C:/Program Files (x86)/Microchip/MPLAB C32 Suite/bin/../lib/gcc/pic32mx/3.4.4/../../../../pic32mx/lib/size\libmchp_peripheral_32MX795F512L.a(eth_descriptors_add_lib.o)
 .comment       0x00001b7b       0x4d C:/Program Files (x86)/Microchip/MPLAB C32 Suite/bin/../lib/gcc/pic32mx/3.4.4/../../../../pic32mx/lib/size\libmchp_peripheral_32MX795F512L.a(eth_init_lib.o)
 .comment       0x00001bc8       0x4d C:/Program Files (x86)/Microchip/MPLAB C32 Suite/bin/../lib/gcc/pic32mx/3.4.4/../../../../pic32mx/lib/size\libmchp_peripheral_32MX795F512L.a(eth_mac_open_lib.o)
 .comment       0x00001c15       0x4d C:/Program Files (x86)/Microchip/MPLAB C32 Suite/bin/../lib/gcc/pic32mx/3.4.4/../../../../pic32mx/lib/size\libmchp_peripheral_32MX795F512L.a(eth_mac_set_address_max_lib.o)
 .comment       0x00001c62       0x4d C:/Program Files (x86)/Microchip/MPLAB C32 Suite/bin/../lib/gcc/pic32mx/3.4.4/../../../../pic32mx/lib/size\libmchp_peripheral_32MX795F512L.a(eth_rx_buffers_append_lib.o)
 .comment       0x00001caf       0x4d C:/Program Files (x86)/Microchip/MPLAB C32 Suite/bin/../lib/gcc/pic32mx/3.4.4/../../../../pic32mx/lib/size\libmchp_peripheral_32MX795F512L.a(eth_rx_filters_lib.o)
 .comment       0x00001cfc       0x4d C:/Program Files (x86)/Microchip/MPLAB C32 Suite/bin/../lib/gcc/pic32mx/3.4.4/../../../../pic32mx/lib/size\libmchp_peripheral_32MX795F512L.a(eth_rx_get_packet_lib.o)
 .comment       0x00001d49       0x4d C:/Program Files (x86)/Microchip/MPLAB C32 Suite/bin/../lib/gcc/pic32mx/3.4.4/../../../../pic32mx/lib/size\libmchp_peripheral_32MX795F512L.a(eth_rx_set_buffer_size_lib.o)
 .comment       0x00001d96       0x4d C:/Program Files (x86)/Microchip/MPLAB C32 Suite/bin/../lib/gcc/pic32mx/3.4.4/../../../../pic32mx/lib/size\libmchp_peripheral_32MX795F512L.a(eth_tx_packet_lib.o)
 .comment       0x00001de3       0x4d C:/Program Files (x86)/Microchip/MPLAB C32 Suite/bin/../lib/gcc/pic32mx/3.4.4/../../../../pic32mx/lib/size\libmchp_peripheral_32MX795F512L.a(_eth_append_busy_list_lib.o)
 .comment       0x00001e30       0x4d C:/Program Files (x86)/Microchip/MPLAB C32 Suite/bin/../lib/gcc/pic32mx/3.4.4/../../../../pic32mx/lib/size\libmchp_peripheral_32MX795F512L.a(eth_miim_access.o)
 .comment       0x00001e7d       0x4d C:/Program Files (x86)/Microchip/MPLAB C32 Suite/bin/../lib/gcc/pic32mx/3.4.4/../../../../pic32mx/lib/size\libmchp_peripheral_32MX795F512L.a(soft_reset_lib.o)
 .comment       0x00001eca       0x4d C:/Program Files (x86)/Microchip/MPLAB C32 Suite/bin/../lib/gcc/pic32mx/3.4.4/../../../../pic32mx/lib/size\libmchp_peripheral_32MX795F512L.a(pcache.o)
 .comment       0x00001f17       0x4d C:/Program Files (x86)/Microchip/MPLAB C32 Suite/bin/../lib/gcc/pic32mx/3.4.4/../../../../pic32mx/lib/size\libmchp_peripheral_32MX795F512L.a(int_disable_interrupts_lib.o)
 .comment       0x00001f64       0x4d C:/Program Files (x86)/Microchip/MPLAB C32 Suite/bin/../lib/gcc/pic32mx/3.4.4/../../../../pic32mx/lib/size\libmchp_peripheral_32MX795F512L.a(int_restore_interrupts_lib.o)